Archive member included to satisfy reference by file (symbol)

/home/desd/clabsarjsau/PROJECT_DATA/Workspace_5_toyota/lpc_board_nxp_lpcxpresso_1769/Debug/liblpc_board_nxp_lpcxpresso_1769.a(board.o)
                              ./Source/Display/Display.o (Board_Lcd_Cmd_Write)
/home/desd/clabsarjsau/PROJECT_DATA/Workspace_5_toyota/lpc_board_nxp_lpcxpresso_1769/Debug/liblpc_board_nxp_lpcxpresso_1769.a(board_sysinit.o)
                              ./Source/sysinit.o (Board_SystemInit)
/home/desd/clabsarjsau/PROJECT_DATA/Workspace_5_toyota/lpc_chip_175x_6x/Debug/liblpc_chip_175x_6x.a(clock_17xx_40xx.o)
                              /home/desd/clabsarjsau/PROJECT_DATA/Workspace_5_toyota/lpc_board_nxp_lpcxpresso_1769/Debug/liblpc_board_nxp_lpcxpresso_1769.a(board.o) (Chip_Clock_EnablePeriphClock)
/home/desd/clabsarjsau/PROJECT_DATA/Workspace_5_toyota/lpc_chip_175x_6x/Debug/liblpc_chip_175x_6x.a(i2c_17xx_40xx.o)
                              ./Source/FreeRTOSV8.2.3-Products/FreeRTOS-Plus-IO/Device/LPC17xx/FreeRTOS_lpc17xx_i2c.o (Chip_I2C_EventHandlerPolling)
/home/desd/clabsarjsau/PROJECT_DATA/Workspace_5_toyota/lpc_chip_175x_6x/Debug/liblpc_chip_175x_6x.a(i2s_17xx_40xx.o)
                              /home/desd/clabsarjsau/PROJECT_DATA/Workspace_5_toyota/lpc_board_nxp_lpcxpresso_1769/Debug/liblpc_board_nxp_lpcxpresso_1769.a(board.o) (Chip_I2S_Init)
/home/desd/clabsarjsau/PROJECT_DATA/Workspace_5_toyota/lpc_chip_175x_6x/Debug/liblpc_chip_175x_6x.a(iocon_17xx_40xx.o)
                              ./Source/FreeRTOSV8.2.3-Products/FreeRTOS-Plus-IO/Device/LPC17xx/FreeRTOS_lpc17xx_i2c.o (Chip_IOCON_PinMuxSet)
/home/desd/clabsarjsau/PROJECT_DATA/Workspace_5_toyota/lpc_chip_175x_6x/Debug/liblpc_chip_175x_6x.a(ssp_17xx_40xx.o)
                              ./Source/FreeRTOSV8.2.3-Products/FreeRTOS-Plus-IO/Device/LPC17xx/FreeRTOS_lpc17xx_ssp.o (Chip_SSP_RWFrames_Blocking)
/home/desd/clabsarjsau/PROJECT_DATA/Workspace_5_toyota/lpc_chip_175x_6x/Debug/liblpc_chip_175x_6x.a(sysinit_17xx_40xx.o)
                              /home/desd/clabsarjsau/PROJECT_DATA/Workspace_5_toyota/lpc_board_nxp_lpcxpresso_1769/Debug/liblpc_board_nxp_lpcxpresso_1769.a(board_sysinit.o) (Chip_SetupXtalClocking)
/home/desd/clabsarjsau/PROJECT_DATA/Workspace_5_toyota/lpc_chip_175x_6x/Debug/liblpc_chip_175x_6x.a(uart_17xx_40xx.o)
                              ./Source/FreeRTOSV8.2.3-Products/FreeRTOS-Plus-IO/Device/LPC17xx/FreeRTOS_lpc17xx_uart.o (Chip_UART_Init)
/home/desd/clabsarjsau/PROJECT_DATA/Workspace_5_toyota/lpc_chip_175x_6x/Debug/liblpc_chip_175x_6x.a(ring_buffer.o)
                              /home/desd/clabsarjsau/PROJECT_DATA/Workspace_5_toyota/lpc_chip_175x_6x/Debug/liblpc_chip_175x_6x.a(uart_17xx_40xx.o) (RingBuffer_Insert)
/usr/local/lpcxpresso_8.2.2_650/lpcxpresso/tools/bin/../lib/gcc/arm-none-eabi/5.4.1/../../../../arm-none-eabi/lib/armv7-m/libcr_nohost.a(_cr__main.o)
                              ./Source/cr_startup_lpc175x_6x.o (__main)
/usr/local/lpcxpresso_8.2.2_650/lpcxpresso/tools/bin/../lib/gcc/arm-none-eabi/5.4.1/../../../../arm-none-eabi/lib/armv7-m/libcr_c.a(memcpy.o)
                              ./Source/FreeRTOSV8.2.3-Products/FreeRTOS/Source/queue.o (memcpy)
/usr/local/lpcxpresso_8.2.2_650/lpcxpresso/tools/bin/../lib/gcc/arm-none-eabi/5.4.1/../../../../arm-none-eabi/lib/armv7-m/libcr_c.a(memset.o)
                              ./Source/FreeRTOSV8.2.3-Products/FreeRTOS/Source/tasks.o (memset)
/usr/local/lpcxpresso_8.2.2_650/lpcxpresso/tools/bin/../lib/gcc/arm-none-eabi/5.4.1/../../../../arm-none-eabi/lib/armv7-m/libcr_c.a(initio.o)
                              /usr/local/lpcxpresso_8.2.2_650/lpcxpresso/tools/bin/../lib/gcc/arm-none-eabi/5.4.1/../../../../arm-none-eabi/lib/armv7-m/libcr_nohost.a(_cr__main.o) (_initio)
/usr/local/lpcxpresso_8.2.2_650/lpcxpresso/tools/bin/../lib/gcc/arm-none-eabi/5.4.1/../../../../arm-none-eabi/lib/armv7-m/libcr_c.a(setvbuf.o)
                              /usr/local/lpcxpresso_8.2.2_650/lpcxpresso/tools/bin/../lib/gcc/arm-none-eabi/5.4.1/../../../../arm-none-eabi/lib/armv7-m/libcr_c.a(initio.o) (setvbuf)
/usr/local/lpcxpresso_8.2.2_650/lpcxpresso/tools/bin/../lib/gcc/arm-none-eabi/5.4.1/../../../../arm-none-eabi/lib/armv7-m/libcr_c.a(stdio.o)
                              /usr/local/lpcxpresso_8.2.2_650/lpcxpresso/tools/bin/../lib/gcc/arm-none-eabi/5.4.1/../../../../arm-none-eabi/lib/armv7-m/libcr_c.a(initio.o) (__Ciob)
/usr/local/lpcxpresso_8.2.2_650/lpcxpresso/tools/bin/../lib/gcc/arm-none-eabi/5.4.1/../../../../arm-none-eabi/lib/armv7-m/libcr_c.a(strcmp.o)
                              ./Source/FreeRTOSV8.2.3-Products/FreeRTOS-Plus-IO/Common/FreeRTOS_DriverInterface.o (strcmp)
/usr/local/lpcxpresso_8.2.2_650/lpcxpresso/tools/bin/../lib/gcc/arm-none-eabi/5.4.1/../../../../arm-none-eabi/lib/armv7-m/libcr_c.a(strcpy.o)
                              ./Source/FreeRTOSV8.2.3-Products/FreeRTOS/Source/tasks.o (strcpy)
[...]
Memory Configuration

Name             Origin             Length             Attributes
MFlash512        0x00000000         0x00080000         xr
RamLoc32         0x10000000         0x00008000         xrw
RamAHB32         0x2007c000         0x00008000         xrw
*default*        0x00000000         0xffffffff

Linker script and memory map

LOAD ./Source/Infotainment/Infotainment-UART-Console.o
LOAD ./Source/FreeRTOSV8.2.3-Products/FreeRTOS/Source/portable/MemMang/heap_2.o
LOAD ./Source/FreeRTOSV8.2.3-Products/FreeRTOS/Source/portable/GCC/ARM_CM3/port.o
LOAD ./Source/FreeRTOSV8.2.3-Products/FreeRTOS/Source/croutine.o
LOAD ./Source/FreeRTOSV8.2.3-Products/FreeRTOS/Source/event_groups.o
LOAD ./Source/FreeRTOSV8.2.3-Products/FreeRTOS/Source/list.o
LOAD ./Source/FreeRTOSV8.2.3-Products/FreeRTOS/Source/queue.o
LOAD ./Source/FreeRTOSV8.2.3-Products/FreeRTOS/Source/tasks.o
LOAD ./Source/FreeRTOSV8.2.3-Products/FreeRTOS/Source/timers.o
LOAD ./Source/FreeRTOSV8.2.3-Products/FreeRTOS-Plus-IO/Include/IOUtils_TaskNotificationBasedRx.o
LOAD ./Source/FreeRTOSV8.2.3-Products/FreeRTOS-Plus-IO/Device/LPC17xx/FreeRTOS_lpc17xx_DriverInterface.o
LOAD ./Source/FreeRTOSV8.2.3-Products/FreeRTOS-Plus-IO/Device/LPC17xx/FreeRTOS_lpc17xx_i2c.o
LOAD ./Source/FreeRTOSV8.2.3-Products/FreeRTOS-Plus-IO/Device/LPC17xx/FreeRTOS_lpc17xx_ssp.o
LOAD ./Source/FreeRTOSV8.2.3-Products/FreeRTOS-Plus-IO/Device/LPC17xx/FreeRTOS_lpc17xx_uart.o
LOAD ./Source/FreeRTOSV8.2.3-Products/FreeRTOS-Plus-IO/Common/FreeRTOS_DriverInterface.o
LOAD ./Source/FreeRTOSV8.2.3-Products/FreeRTOS-Plus-IO/Common/FreeRTOS_IOUtils.o
LOAD ./Source/FreeRTOSV8.2.3-Products/FreeRTOS-Plus-IO/Common/IOUtils_CharQueueTxAndRx.o
LOAD ./Source/FreeRTOSV8.2.3-Products/FreeRTOS-Plus-IO/Common/IOUtils_CircularBufferRx.o
LOAD ./Source/FreeRTOSV8.2.3-Products/FreeRTOS-Plus-IO/Common/IOUtils_ZeroCopyTx.o
LOAD ./Source/FreeRTOSV8.2.3-Products/FreeRTOS-Plus-CLI/FreeRTOS_CLI.o
LOAD ./Source/ETCS/Control_Task/Control_Task.o
LOAD ./Source/ETCS/Brake_Task/Brake.o
LOAD ./Source/ETCS/Acc_Task/Accelerate.o
LOAD ./Source/Display/Display.o
LOAD ./Source/cr_startup_lpc175x_6x.o
LOAD ./Source/main.o
LOAD ./Source/printf-stdarg.o
LOAD ./Source/sysinit.o
LOAD /home/desd/clabsarjsau/PROJECT_DATA/Workspace_5_toyota/lpc_board_nxp_lpcxpresso_1769/Debug/liblpc_board_nxp_lpcxpresso_1769.a
LOAD /home/desd/clabsarjsau/PROJECT_DATA/Workspace_5_toyota/lpc_chip_175x_6x/Debug/liblpc_chip_175x_6x.a
LOAD /home/desd/clabsarjsau/PROJECT_DATA/Workspace_5_toyota/lpc_board_nxp_lpcxpresso_1769/Debug/liblpc_board_nxp_lpcxpresso_1769.a
START GROUP
LOAD /usr/local/lpcxpresso_8.2.2_650/lpcxpresso/tools/bin/../lib/gcc/arm-none-eabi/5.4.1/../../../../arm-none-eabi/lib/armv7-m/libcr_nohost.a
LOAD /usr/local/lpcxpresso_8.2.2_650/lpcxpresso/tools/bin/../lib/gcc/arm-none-eabi/5.4.1/../../../../arm-none-eabi/lib/armv7-m/libcr_c.a
LOAD /usr/local/lpcxpresso_8.2.2_650/lpcxpresso/tools/bin/../lib/gcc/arm-none-eabi/5.4.1/armv7-m/libcr_eabihelpers.a
END GROUP
                0x00000000                __base_MFlash512 = 0x0
                0x00000000                __base_Flash = 0x0
                0x00080000                __top_MFlash512 = 0x80000
                0x00080000                __top_Flash = 0x80000
                0x10000000                __base_RamLoc32 = 0x10000000
                0x10000000                __base_RAM = 0x10000000
                0x10008000                __top_RamLoc32 = 0x10008000
                0x10008000                __top_RAM = 0x10008000
                0x2007c000                __base_RamAHB32 = 0x2007c000
                0x2007c000                __base_RAM2 = 0x2007c000
                0x20084000                __top_RamAHB32 = 0x20084000
                0x20084000                __top_RAM2 = 0x20084000

.text           0x00000000     0x7a04
 FILL mask 0xff
                0x00000000                __vectors_start__ = ABSOLUTE (.)
 *(.isr_vector)
 .isr_vector    0x00000000       0xcc ./Source/cr_startup_lpc175x_6x.o
                0x00000000                g_pfnVectors
                0x000000cc                . = ALIGN (0x4)
                0x000000cc                __section_table_start = .
                0x000000cc                __data_section_table = .
                0x000000cc        0x4 LONG 0x7a04 LOADADDR (.data)
                0x000000d0        0x4 LONG 0x10000000 ADDR (.data)
                0x000000d4        0x4 LONG 0x5c SIZEOF (.data)
                0x000000d8        0x4 LONG 0x7a04 LOADADDR (.data_RAM2)
                0x000000dc        0x4 LONG 0x2007c000 ADDR (.data_RAM2)
                0x000000e0        0x4 LONG 0x0 SIZEOF (.data_RAM2)
                0x000000e4                __data_section_table_end = .
                0x000000e4                __bss_section_table = .
                0x000000e4        0x4 LONG 0x1000005c ADDR (.bss)
                0x000000e8        0x4 LONG 0x3f58 SIZEOF (.bss)
                0x000000ec        0x4 LONG 0x2007c000 ADDR (.bss_RAM2)
                0x000000f0        0x4 LONG 0x0 SIZEOF (.bss_RAM2)
                0x000000f4                __bss_section_table_end = .
                0x000000f4                __section_table_end = .
 *(.after_vectors*)
 .after_vectors
                0x000000f4      0x144 ./Source/cr_startup_lpc175x_6x.o
                0x000000f4                data_init
                0x00000138                bss_init
                0x00000170                ResetISR
                0x000001e8                NMI_Handler
                0x000001f0                HardFault_Handler
                0x000001f8                MemManage_Handler
                0x00000200                BusFault_Handler
                0x00000208                UsageFault_Handler
                0x00000218                DebugMon_Handler
                0x00000230                TIMER2_IRQHandler
                0x00000230                RIT_IRQHandler
                0x00000230                I2C0_IRQHandler
                0x00000230                USBActivity_IRQHandler
                0x00000230                PWM1_IRQHandler
                0x00000230                I2C1_IRQHandler
                0x00000230                EINT2_IRQHandler
                0x00000230                UART1_IRQHandler
                0x00000230                EINT3_IRQHandler
                0x00000230                CANActivity_IRQHandler
                0x00000230                TIMER3_IRQHandler
                0x00000230                IntDefaultHandler
                0x00000230                PLL0_IRQHandler
                0x00000230                CAN_IRQHandler
                0x00000230                PLL1_IRQHandler
                0x00000230                SSP0_IRQHandler
                0x00000230                I2S_IRQHandler
                0x00000230                I2C2_IRQHandler
                0x00000230                RTC_IRQHandler
                0x00000230                TIMER0_IRQHandler
                0x00000230                SPI_IRQHandler
                0x00000230                EINT1_IRQHandler
                0x00000230                TIMER1_IRQHandler
                0x00000230                UART2_IRQHandler
                0x00000230                ADC_IRQHandler
                0x00000230                USB_IRQHandler
                0x00000230                BOD_IRQHandler
                0x00000230                WDT_IRQHandler
                0x00000230                QEI_IRQHandler
                0x00000230                EINT0_IRQHandler
                0x00000230                ETH_IRQHandler
                0x00000230                DMA_IRQHandler
                0x00000230                MCPWM_IRQHandler
 *(.text*)
 .text.vMyInfotainmentTaskStart
                0x00000238       0x34 ./Source/Infotainment/Infotainment-UART-Console.o
                0x00000238                vMyInfotainmentTaskStart
 .text.prvInfotainmentTask
                0x0000026c      0x1d0 ./Source/Infotainment/Infotainment-UART-Console.o
 .text.pvPortMalloc
                0x0000043c      0x124 ./Source/FreeRTOSV8.2.3-Products/FreeRTOS/Source/portable/MemMang/heap_2.o
                0x0000043c                pvPortMalloc
 .text.vPortFree
                0x00000560       0x74 ./Source/FreeRTOSV8.2.3-Products/FreeRTOS/Source/portable/MemMang/heap_2.o
                0x00000560                vPortFree
 .text.prvHeapInit
                0x000005d4       0x50 ./Source/FreeRTOSV8.2.3-Products/FreeRTOS/Source/portable/MemMang/heap_2.o
 .text.pxPortInitialiseStack
                0x00000624       0x54 ./Source/FreeRTOSV8.2.3-Products/FreeRTOS/Source/portable/GCC/ARM_CM3/port.o
                0x00000624                pxPortInitialiseStack
 .text.prvTaskExitError
                0x00000678       0x20 ./Source/FreeRTOSV8.2.3-Products/FreeRTOS/Source/portable/GCC/ARM_CM3/port.o
 .text.SVC_Handler
                0x00000698       0x28 ./Source/FreeRTOSV8.2.3-Products/FreeRTOS/Source/portable/GCC/ARM_CM3/port.o
                0x00000698                SVC_Handler
 .text.prvPortStartFirstTask
                0x000006c0       0x20 ./Source/FreeRTOSV8.2.3-Products/FreeRTOS/Source/portable/GCC/ARM_CM3/port.o
 .text.xPortStartScheduler
                0x000006e0       0xbc ./Source/FreeRTOSV8.2.3-Products/FreeRTOS/Source/portable/GCC/ARM_CM3/port.o
                0x000006e0                xPortStartScheduler
 .text.vPortYield
                0x0000079c       0x20 ./Source/FreeRTOSV8.2.3-Products/FreeRTOS/Source/portable/GCC/ARM_CM3/port.o
                0x0000079c                vPortYield
 .text.vPortEnterCritical
                0x000007bc       0x40 ./Source/FreeRTOSV8.2.3-Products/FreeRTOS/Source/portable/GCC/ARM_CM3/port.o
                0x000007bc                vPortEnterCritical
 .text.vPortExitCritical
                0x000007fc       0x34 ./Source/FreeRTOSV8.2.3-Products/FreeRTOS/Source/portable/GCC/ARM_CM3/port.o
                0x000007fc                vPortExitCritical
 .text.ulPortSetInterruptMask
                0x00000830       0x14 ./Source/FreeRTOSV8.2.3-Products/FreeRTOS/Source/portable/GCC/ARM_CM3/port.o
                0x00000830                ulPortSetInterruptMask
 .text.vPortClearInterruptMask
                0x00000844        0x8 ./Source/FreeRTOSV8.2.3-Products/FreeRTOS/Source/portable/GCC/ARM_CM3/port.o
                0x00000844                vPortClearInterruptMask
 .text.PendSV_Handler
                0x0000084c       0x48 ./Source/FreeRTOSV8.2.3-Products/FreeRTOS/Source/portable/GCC/ARM_CM3/port.o
                0x0000084c                PendSV_Handler
 .text.SysTick_Handler
                0x00000894       0x28 ./Source/FreeRTOSV8.2.3-Products/FreeRTOS/Source/portable/GCC/ARM_CM3/port.o
                0x00000894                SysTick_Handler
 .text.vPortSetupTimerInterrupt
                0x000008bc       0x24 ./Source/FreeRTOSV8.2.3-Products/FreeRTOS/Source/portable/GCC/ARM_CM3/port.o
                0x000008bc                vPortSetupTimerInterrupt
 .text.vPortValidateInterruptPriority
                0x000008e0       0x5c ./Source/FreeRTOSV8.2.3-Products/FreeRTOS/Source/portable/GCC/ARM_CM3/port.o
                0x000008e0                vPortValidateInterruptPriority
 .text.vListInitialise
                0x0000093c       0x40 ./Source/FreeRTOSV8.2.3-Products/FreeRTOS/Source/list.o
                0x0000093c                vListInitialise
 .text.vListInitialiseItem
                0x0000097c       0x18 ./Source/FreeRTOSV8.2.3-Products/FreeRTOS/Source/list.o
                0x0000097c                vListInitialiseItem
 .text.vListInsertEnd
                0x00000994       0x48 ./Source/FreeRTOSV8.2.3-Products/FreeRTOS/Source/list.o
                0x00000994                vListInsertEnd
 .text.vListInsert
                0x000009dc       0x70 ./Source/FreeRTOSV8.2.3-Products/FreeRTOS/Source/list.o
                0x000009dc                vListInsert
 .text.uxListRemove
                0x00000a4c       0x54 ./Source/FreeRTOSV8.2.3-Products/FreeRTOS/Source/list.o
                0x00000a4c                uxListRemove
 .text.xQueueGenericReset
                0x00000aa0       0xb0 ./Source/FreeRTOSV8.2.3-Products/FreeRTOS/Source/queue.o
                0x00000aa0                xQueueGenericReset
 .text.xQueueGenericCreate
                0x00000b50       0x98 ./Source/FreeRTOSV8.2.3-Products/FreeRTOS/Source/queue.o
                0x00000b50                xQueueGenericCreate
 .text.xQueueCreateMutex
                0x00000be8       0x84 ./Source/FreeRTOSV8.2.3-Products/FreeRTOS/Source/queue.o
                0x00000be8                xQueueCreateMutex
 .text.xQueueGetMutexHolder
                0x00000c6c       0x30 ./Source/FreeRTOSV8.2.3-Products/FreeRTOS/Source/queue.o
                0x00000c6c                xQueueGetMutexHolder
 .text.xQueueCreateCountingSemaphore
                0x00000c9c       0x54 ./Source/FreeRTOSV8.2.3-Products/FreeRTOS/Source/queue.o
                0x00000c9c                xQueueCreateCountingSemaphore
 .text.xQueueGenericSend
                0x00000cf0      0x188 ./Source/FreeRTOSV8.2.3-Products/FreeRTOS/Source/queue.o
                0x00000cf0                xQueueGenericSend
 .text.xQueueGenericSendFromISR
                0x00000e78       0xd4 ./Source/FreeRTOSV8.2.3-Products/FreeRTOS/Source/queue.o
                0x00000e78                xQueueGenericSendFromISR
 .text.xQueueGiveFromISR
                0x00000f4c       0x9c ./Source/FreeRTOSV8.2.3-Products/FreeRTOS/Source/queue.o
                0x00000f4c                xQueueGiveFromISR
 .text.xQueueGenericReceive
                0x00000fe8      0x1b8 ./Source/FreeRTOSV8.2.3-Products/FreeRTOS/Source/queue.o
                0x00000fe8                xQueueGenericReceive
 .text.xQueueReceiveFromISR
                0x000011a0       0xb4 ./Source/FreeRTOSV8.2.3-Products/FreeRTOS/Source/queue.o
                0x000011a0                xQueueReceiveFromISR
 .text.uxQueueMessagesWaiting
                0x00001254       0x2c ./Source/FreeRTOSV8.2.3-Products/FreeRTOS/Source/queue.o
                0x00001254                uxQueueMessagesWaiting
 .text.vQueueDelete
                0x00001280       0x2c ./Source/FreeRTOSV8.2.3-Products/FreeRTOS/Source/queue.o
                0x00001280                vQueueDelete
 .text.prvCopyDataToQueue
                0x000012ac       0xd8 ./Source/FreeRTOSV8.2.3-Products/FreeRTOS/Source/queue.o
 .text.prvCopyDataFromQueue
                0x00001384       0x4c ./Source/FreeRTOSV8.2.3-Products/FreeRTOS/Source/queue.o
 .text.prvUnlockQueue
                0x000013d0       0x98 ./Source/FreeRTOSV8.2.3-Products/FreeRTOS/Source/queue.o
 .text.prvIsQueueEmpty
                0x00001468       0x2c ./Source/FreeRTOSV8.2.3-Products/FreeRTOS/Source/queue.o
 .text.prvIsQueueFull
                0x00001494       0x30 ./Source/FreeRTOSV8.2.3-Products/FreeRTOS/Source/queue.o
 .text.vQueueAddToRegistry
                0x000014c4       0x50 ./Source/FreeRTOSV8.2.3-Products/FreeRTOS/Source/queue.o
                0x000014c4                vQueueAddToRegistry
 .text.vQueueUnregisterQueue
                0x00001514       0x44 ./Source/FreeRTOSV8.2.3-Products/FreeRTOS/Source/queue.o
                0x00001514                vQueueUnregisterQueue
 .text.vQueueWaitForMessageRestricted
                0x00001558       0x5c ./Source/FreeRTOSV8.2.3-Products/FreeRTOS/Source/queue.o
                0x00001558                vQueueWaitForMessageRestricted
 .text.xTaskGenericCreate
                0x000015b4      0x164 ./Source/FreeRTOSV8.2.3-Products/FreeRTOS/Source/tasks.o
                0x000015b4                xTaskGenericCreate
 .text.vTaskDelay
                0x00001718       0x88 ./Source/FreeRTOSV8.2.3-Products/FreeRTOS/Source/tasks.o
                0x00001718                vTaskDelay
 .text.vTaskStartScheduler
                0x000017a0       0x80 ./Source/FreeRTOSV8.2.3-Products/FreeRTOS/Source/tasks.o
                0x000017a0                vTaskStartScheduler
 .text.vTaskSuspendAll
                0x00001820       0x1c ./Source/FreeRTOSV8.2.3-Products/FreeRTOS/Source/tasks.o
                0x00001820                vTaskSuspendAll
 .text.xTaskResumeAll
                0x0000183c      0x108 ./Source/FreeRTOSV8.2.3-Products/FreeRTOS/Source/tasks.o
                0x0000183c                xTaskResumeAll
 .text.xTaskGetTickCount
                0x00001944       0x1c ./Source/FreeRTOSV8.2.3-Products/FreeRTOS/Source/tasks.o
                0x00001944                xTaskGetTickCount
 .text.xTaskGetTickCountFromISR
                0x00001960       0x24 ./Source/FreeRTOSV8.2.3-Products/FreeRTOS/Source/tasks.o
                0x00001960                xTaskGetTickCountFromISR
 .text.xTaskIncrementTick
                0x00001984      0x16c ./Source/FreeRTOSV8.2.3-Products/FreeRTOS/Source/tasks.o
                0x00001984                xTaskIncrementTick
 .text.vTaskSwitchContext
                0x00001af0      0x100 ./Source/FreeRTOSV8.2.3-Products/FreeRTOS/Source/tasks.o
                0x00001af0                vTaskSwitchContext
 .text.vTaskPlaceOnEventList
                0x00001bf0       0x90 ./Source/FreeRTOSV8.2.3-Products/FreeRTOS/Source/tasks.o
                0x00001bf0                vTaskPlaceOnEventList
 .text.vTaskPlaceOnEventListRestricted
                0x00001c80       0x90 ./Source/FreeRTOSV8.2.3-Products/FreeRTOS/Source/tasks.o
                0x00001c80                vTaskPlaceOnEventListRestricted
 .text.xTaskRemoveFromEventList
                0x00001d10       0xb4 ./Source/FreeRTOSV8.2.3-Products/FreeRTOS/Source/tasks.o
                0x00001d10                xTaskRemoveFromEventList
 .text.vTaskSetTimeOutState
                0x00001dc4       0x34 ./Source/FreeRTOSV8.2.3-Products/FreeRTOS/Source/tasks.o
                0x00001dc4                vTaskSetTimeOutState
 .text.xTaskCheckForTimeOut
                0x00001df8       0xa0 ./Source/FreeRTOSV8.2.3-Products/FreeRTOS/Source/tasks.o
                0x00001df8                xTaskCheckForTimeOut
 .text.vTaskMissedYield
                0x00001e98       0x18 ./Source/FreeRTOSV8.2.3-Products/FreeRTOS/Source/tasks.o
                0x00001e98                vTaskMissedYield
 .text.prvIdleTask
                0x00001eb0       0x10 ./Source/FreeRTOSV8.2.3-Products/FreeRTOS/Source/tasks.o
 .text.prvInitialiseTCBVariables
                0x00001ec0       0xb0 ./Source/FreeRTOSV8.2.3-Products/FreeRTOS/Source/tasks.o
 .text.prvInitialiseTaskLists
                0x00001f70       0x80 ./Source/FreeRTOSV8.2.3-Products/FreeRTOS/Source/tasks.o
 .text.prvCheckTasksWaitingTermination
                0x00001ff0       0x78 ./Source/FreeRTOSV8.2.3-Products/FreeRTOS/Source/tasks.o
 .text.prvAddCurrentTaskToDelayedList
                0x00002068       0x6c ./Source/FreeRTOSV8.2.3-Products/FreeRTOS/Source/tasks.o
 .text.prvAllocateTCBAndStack
                0x000020d4       0x6c ./Source/FreeRTOSV8.2.3-Products/FreeRTOS/Source/tasks.o
 .text.prvDeleteTCB
                0x00002140       0x20 ./Source/FreeRTOSV8.2.3-Products/FreeRTOS/Source/tasks.o
 .text.prvResetNextTaskUnblockTime
                0x00002160       0x48 ./Source/FreeRTOSV8.2.3-Products/FreeRTOS/Source/tasks.o
 .text.xTaskGetCurrentTaskHandle
                0x000021a8       0x1c ./Source/FreeRTOSV8.2.3-Products/FreeRTOS/Source/tasks.o
                0x000021a8                xTaskGetCurrentTaskHandle
 .text.xTaskGetSchedulerState
                0x000021c4       0x3c ./Source/FreeRTOSV8.2.3-Products/FreeRTOS/Source/tasks.o
                0x000021c4                xTaskGetSchedulerState
 .text.vTaskPriorityInherit
                0x00002200       0xec ./Source/FreeRTOSV8.2.3-Products/FreeRTOS/Source/tasks.o
                0x00002200                vTaskPriorityInherit
 .text.xTaskPriorityDisinherit
                0x000022ec       0xec ./Source/FreeRTOSV8.2.3-Products/FreeRTOS/Source/tasks.o
                0x000022ec                xTaskPriorityDisinherit
 .text.pvTaskIncrementMutexHeldCount
                0x000023d8       0x28 ./Source/FreeRTOSV8.2.3-Products/FreeRTOS/Source/tasks.o
                0x000023d8                pvTaskIncrementMutexHeldCount
 .text.ulTaskNotifyTake
                0x00002400       0xd8 ./Source/FreeRTOSV8.2.3-Products/FreeRTOS/Source/tasks.o
                0x00002400                ulTaskNotifyTake
 .text.vTaskNotifyGiveFromISR
                0x000024d8       0xdc ./Source/FreeRTOSV8.2.3-Products/FreeRTOS/Source/tasks.o
                0x000024d8                vTaskNotifyGiveFromISR
 .text.xTimerCreateTimerTask
                0x000025b4       0x58 ./Source/FreeRTOSV8.2.3-Products/FreeRTOS/Source/timers.o
                0x000025b4                xTimerCreateTimerTask
 .text.xTimerGenericCommand
                0x0000260c       0x8c ./Source/FreeRTOSV8.2.3-Products/FreeRTOS/Source/timers.o
                0x0000260c                xTimerGenericCommand
 .text.prvProcessExpiredTimer
                0x00002698       0x70 ./Source/FreeRTOSV8.2.3-Products/FreeRTOS/Source/timers.o
 .text.prvTimerTask
                0x00002708       0x24 ./Source/FreeRTOSV8.2.3-Products/FreeRTOS/Source/timers.o
 .text.prvProcessTimerOrBlockTask
                0x0000272c       0x8c ./Source/FreeRTOSV8.2.3-Products/FreeRTOS/Source/timers.o
 .text.prvGetNextExpireTime
                0x000027b8       0x48 ./Source/FreeRTOSV8.2.3-Products/FreeRTOS/Source/timers.o
 .text.prvSampleTimeNow
                0x00002800       0x40 ./Source/FreeRTOSV8.2.3-Products/FreeRTOS/Source/timers.o
 .text.prvInsertTimerInActiveList
                0x00002840       0x84 ./Source/FreeRTOSV8.2.3-Products/FreeRTOS/Source/timers.o
 .text.prvProcessReceivedCommands
                0x000028c4      0x104 ./Source/FreeRTOSV8.2.3-Products/FreeRTOS/Source/timers.o
 .text.prvSwitchTimerLists
                0x000029c8       0xb4 ./Source/FreeRTOSV8.2.3-Products/FreeRTOS/Source/timers.o
 .text.prvCheckForValidListAndQueue
                0x00002a7c       0x7c ./Source/FreeRTOSV8.2.3-Products/FreeRTOS/Source/timers.o
 .text.xIOUtilsConfigureTaskNotificationBasedRx
                0x00002af8       0xd8 ./Source/FreeRTOSV8.2.3-Products/FreeRTOS-Plus-IO/Include/IOUtils_TaskNotificationBasedRx.o
                0x00002af8                xIOUtilsConfigureTaskNotificationBasedRx
 .text.xIOUtilsReadCharsFromTNBasedCircularBuffer
                0x00002bd0       0xf8 ./Source/FreeRTOSV8.2.3-Products/FreeRTOS-Plus-IO/Include/IOUtils_TaskNotificationBasedRx.o
                0x00002bd0                xIOUtilsReadCharsFromTNBasedCircularBuffer
 .text.xIOUtilsTxCharsFromTNCircularBufferFromISR
                0x00002cc8       0x7c ./Source/FreeRTOSV8.2.3-Products/FreeRTOS-Plus-IO/Include/IOUtils_TaskNotificationBasedRx.o
                0x00002cc8                xIOUtilsTxCharsFromTNCircularBufferFromISR
 .text.vFreeRTOS_lpc17xx_PopulateFunctionPointers
                0x00002d44       0x54 ./Source/FreeRTOSV8.2.3-Products/FreeRTOS-Plus-IO/Device/LPC17xx/FreeRTOS_lpc17xx_DriverInterface.o
                0x00002d44                vFreeRTOS_lpc17xx_PopulateFunctionPointers
 .text.Chip_IOCON_DisableOD
                0x00002d98       0x3c ./Source/FreeRTOSV8.2.3-Products/FreeRTOS-Plus-IO/Device/LPC17xx/FreeRTOS_lpc17xx_i2c.o
 .text.FreeRTOS_I2C_open
                0x00002dd4      0x1a4 ./Source/FreeRTOSV8.2.3-Products/FreeRTOS-Plus-IO/Device/LPC17xx/FreeRTOS_lpc17xx_i2c.o
                0x00002dd4                FreeRTOS_I2C_open
 .text.FreeRTOS_I2C_write
                0x00002f78       0xec ./Source/FreeRTOSV8.2.3-Products/FreeRTOS-Plus-IO/Device/LPC17xx/FreeRTOS_lpc17xx_i2c.o
                0x00002f78                FreeRTOS_I2C_write
 .text.FreeRTOS_I2C_read
                0x00003064       0xd0 ./Source/FreeRTOSV8.2.3-Products/FreeRTOS-Plus-IO/Device/LPC17xx/FreeRTOS_lpc17xx_i2c.o
                0x00003064                FreeRTOS_I2C_read
 .text.FreeRTOS_I2C_ioctl
                0x00003134       0x78 ./Source/FreeRTOSV8.2.3-Products/FreeRTOS-Plus-IO/Device/LPC17xx/FreeRTOS_lpc17xx_i2c.o
                0x00003134                FreeRTOS_I2C_ioctl
 .text.NVIC_EnableIRQ
                0x000031ac       0x30 ./Source/FreeRTOSV8.2.3-Products/FreeRTOS-Plus-IO/Device/LPC17xx/FreeRTOS_lpc17xx_ssp.o
 .text.NVIC_DisableIRQ
                0x000031dc       0x34 ./Source/FreeRTOSV8.2.3-Products/FreeRTOS-Plus-IO/Device/LPC17xx/FreeRTOS_lpc17xx_ssp.o
 .text.NVIC_SetPriority
                0x00003210       0x54 ./Source/FreeRTOSV8.2.3-Products/FreeRTOS-Plus-IO/Device/LPC17xx/FreeRTOS_lpc17xx_ssp.o
 .text.Chip_IOCON_DisableOD
                0x00003264       0x3c ./Source/FreeRTOSV8.2.3-Products/FreeRTOS-Plus-IO/Device/LPC17xx/FreeRTOS_lpc17xx_ssp.o
 .text.Chip_SSP_Enable
                0x000032a0       0x20 ./Source/FreeRTOSV8.2.3-Products/FreeRTOS-Plus-IO/Device/LPC17xx/FreeRTOS_lpc17xx_ssp.o
 .text.Chip_SSP_Disable
                0x000032c0       0x20 ./Source/FreeRTOSV8.2.3-Products/FreeRTOS-Plus-IO/Device/LPC17xx/FreeRTOS_lpc17xx_ssp.o
 .text.Chip_SSP_Int_Enable
                0x000032e0       0x20 ./Source/FreeRTOSV8.2.3-Products/FreeRTOS-Plus-IO/Device/LPC17xx/FreeRTOS_lpc17xx_ssp.o
 .text.Chip_SSP_Int_Disable
                0x00003300       0x20 ./Source/FreeRTOSV8.2.3-Products/FreeRTOS-Plus-IO/Device/LPC17xx/FreeRTOS_lpc17xx_ssp.o
 .text.Chip_SSP_SetFormat
                0x00003320       0x30 ./Source/FreeRTOSV8.2.3-Products/FreeRTOS-Plus-IO/Device/LPC17xx/FreeRTOS_lpc17xx_ssp.o
 .text.Chip_SSP_Set_Mode
                0x00003350       0x24 ./Source/FreeRTOSV8.2.3-Products/FreeRTOS-Plus-IO/Device/LPC17xx/FreeRTOS_lpc17xx_ssp.o
 .text.FreeRTOS_SSP_open
                0x00003374      0x1b4 ./Source/FreeRTOSV8.2.3-Products/FreeRTOS-Plus-IO/Device/LPC17xx/FreeRTOS_lpc17xx_ssp.o
                0x00003374                FreeRTOS_SSP_open
 .text.FreeRTOS_SSP_write
                0x00003528       0xac ./Source/FreeRTOSV8.2.3-Products/FreeRTOS-Plus-IO/Device/LPC17xx/FreeRTOS_lpc17xx_ssp.o
                0x00003528                FreeRTOS_SSP_write
 .text.FreeRTOS_SSP_read
                0x000035d4       0x94 ./Source/FreeRTOSV8.2.3-Products/FreeRTOS-Plus-IO/Device/LPC17xx/FreeRTOS_lpc17xx_ssp.o
                0x000035d4                FreeRTOS_SSP_read
 .text.FreeRTOS_SSP_ioctl
                0x00003668      0x148 ./Source/FreeRTOSV8.2.3-Products/FreeRTOS-Plus-IO/Device/LPC17xx/FreeRTOS_lpc17xx_ssp.o
                0x00003668                FreeRTOS_SSP_ioctl
 .text.SSP1_IRQHandler
                0x000037b0      0x104 ./Source/FreeRTOSV8.2.3-Products/FreeRTOS-Plus-IO/Device/LPC17xx/FreeRTOS_lpc17xx_ssp.o
                0x000037b0                SSP1_IRQHandler
 .text.NVIC_EnableIRQ
                0x000038b4       0x30 ./Source/FreeRTOSV8.2.3-Products/FreeRTOS-Plus-IO/Device/LPC17xx/FreeRTOS_lpc17xx_uart.o
 .text.NVIC_DisableIRQ
                0x000038e4       0x34 ./Source/FreeRTOSV8.2.3-Products/FreeRTOS-Plus-IO/Device/LPC17xx/FreeRTOS_lpc17xx_uart.o
 .text.NVIC_SetPriority
                0x00003918       0x54 ./Source/FreeRTOSV8.2.3-Products/FreeRTOS-Plus-IO/Device/LPC17xx/FreeRTOS_lpc17xx_uart.o
 .text.Chip_IOCON_DisableOD
                0x0000396c       0x3c ./Source/FreeRTOSV8.2.3-Products/FreeRTOS-Plus-IO/Device/LPC17xx/FreeRTOS_lpc17xx_uart.o
 .text.Chip_UART_IntEnable
                0x000039a8       0x20 ./Source/FreeRTOSV8.2.3-Products/FreeRTOS-Plus-IO/Device/LPC17xx/FreeRTOS_lpc17xx_uart.o
 .text.Chip_UART_IntDisable
                0x000039c8       0x24 ./Source/FreeRTOSV8.2.3-Products/FreeRTOS-Plus-IO/Device/LPC17xx/FreeRTOS_lpc17xx_uart.o
 .text.Chip_UART_ReadIntIDReg
                0x000039ec       0x18 ./Source/FreeRTOSV8.2.3-Products/FreeRTOS-Plus-IO/Device/LPC17xx/FreeRTOS_lpc17xx_uart.o
 .text.Chip_UART_SetupFIFOS
                0x00003a04       0x1c ./Source/FreeRTOSV8.2.3-Products/FreeRTOS-Plus-IO/Device/LPC17xx/FreeRTOS_lpc17xx_uart.o
 .text.Chip_UART_ConfigData
                0x00003a20       0x1c ./Source/FreeRTOSV8.2.3-Products/FreeRTOS-Plus-IO/Device/LPC17xx/FreeRTOS_lpc17xx_uart.o
 .text.FreeRTOS_UART_open
                0x00003a3c      0x100 ./Source/FreeRTOSV8.2.3-Products/FreeRTOS-Plus-IO/Device/LPC17xx/FreeRTOS_lpc17xx_uart.o
                0x00003a3c                FreeRTOS_UART_open
 .text.FreeRTOS_UART_write
                0x00003b3c      0x2a4 ./Source/FreeRTOSV8.2.3-Products/FreeRTOS-Plus-IO/Device/LPC17xx/FreeRTOS_lpc17xx_uart.o
                0x00003b3c                FreeRTOS_UART_write
 .text.FreeRTOS_UART_read
                0x00003de0      0x180 ./Source/FreeRTOSV8.2.3-Products/FreeRTOS-Plus-IO/Device/LPC17xx/FreeRTOS_lpc17xx_uart.o
                0x00003de0                FreeRTOS_UART_read
 .text.prvFillFifoFromBuffer
                0x00003f60       0x54 ./Source/FreeRTOSV8.2.3-Products/FreeRTOS-Plus-IO/Device/LPC17xx/FreeRTOS_lpc17xx_uart.o
 .text.FreeRTOS_UART_ioctl
                0x00003fb4       0xe0 ./Source/FreeRTOSV8.2.3-Products/FreeRTOS-Plus-IO/Device/LPC17xx/FreeRTOS_lpc17xx_uart.o
                0x00003fb4                FreeRTOS_UART_ioctl
 .text.UART3_IRQHandler
                0x00004094      0x2dc ./Source/FreeRTOSV8.2.3-Products/FreeRTOS-Plus-IO/Device/LPC17xx/FreeRTOS_lpc17xx_uart.o
                0x00004094                UART3_IRQHandler
 .text.UART0_IRQHandler
                0x00004370      0x2dc ./Source/FreeRTOSV8.2.3-Products/FreeRTOS-Plus-IO/Device/LPC17xx/FreeRTOS_lpc17xx_uart.o
                0x00004370                UART0_IRQHandler
 .text.FreeRTOS_open
                0x0000464c      0x108 ./Source/FreeRTOSV8.2.3-Products/FreeRTOS-Plus-IO/Common/FreeRTOS_DriverInterface.o
                0x0000464c                FreeRTOS_open
 .text.FreeRTOS_ioctl
                0x00004754      0x1dc ./Source/FreeRTOSV8.2.3-Products/FreeRTOS-Plus-IO/Common/FreeRTOS_DriverInterface.o
                0x00004754                FreeRTOS_ioctl
 .text.vIOUtilsCreateTransferControlStructure
                0x00004930       0xd8 ./Source/FreeRTOSV8.2.3-Products/FreeRTOS-Plus-IO/Common/FreeRTOS_IOUtils.o
                0x00004930                vIOUtilsCreateTransferControlStructure
 .text.xIOUtilsSetTxQueueTimeout
                0x00004a08       0x28 ./Source/FreeRTOSV8.2.3-Products/FreeRTOS-Plus-IO/Common/IOUtils_CharQueueTxAndRx.o
                0x00004a08                xIOUtilsSetTxQueueTimeout
 .text.vIOUtilsSetRxQueueTimeout
                0x00004a30       0x28 ./Source/FreeRTOSV8.2.3-Products/FreeRTOS-Plus-IO/Common/IOUtils_CharQueueTxAndRx.o
                0x00004a30                vIOUtilsSetRxQueueTimeout
 .text.xIOUtilsConfigureTransferQueue
                0x00004a58       0xbc ./Source/FreeRTOSV8.2.3-Products/FreeRTOS-Plus-IO/Common/IOUtils_CharQueueTxAndRx.o
                0x00004a58                xIOUtilsConfigureTransferQueue
 .text.xIOUtilsReceiveCharsFromRxQueue
                0x00004b14       0x74 ./Source/FreeRTOSV8.2.3-Products/FreeRTOS-Plus-IO/Common/IOUtils_CharQueueTxAndRx.o
                0x00004b14                xIOUtilsReceiveCharsFromRxQueue
 .text.xIOUtilsWaitTxQueueEmpty
                0x00004b88       0x64 ./Source/FreeRTOSV8.2.3-Products/FreeRTOS-Plus-IO/Common/IOUtils_CharQueueTxAndRx.o
                0x00004b88                xIOUtilsWaitTxQueueEmpty
 .text.xIOUtilsClearRxCharQueue
                0x00004bec       0x30 ./Source/FreeRTOSV8.2.3-Products/FreeRTOS-Plus-IO/Common/IOUtils_CharQueueTxAndRx.o
                0x00004bec                xIOUtilsClearRxCharQueue
 .text.xIOUtilsConfigureCircularBufferRx
                0x00004c1c       0xf0 ./Source/FreeRTOSV8.2.3-Products/FreeRTOS-Plus-IO/Common/IOUtils_CircularBufferRx.o
                0x00004c1c                xIOUtilsConfigureCircularBufferRx
 .text.vIOUtilsClearRxCircularBuffer
                0x00004d0c       0x40 ./Source/FreeRTOSV8.2.3-Products/FreeRTOS-Plus-IO/Common/IOUtils_CircularBufferRx.o
                0x00004d0c                vIOUtilsClearRxCircularBuffer
 .text.xIOUtilsReadCharsFromCircularBuffer
                0x00004d4c       0xf8 ./Source/FreeRTOSV8.2.3-Products/FreeRTOS-Plus-IO/Common/IOUtils_CircularBufferRx.o
                0x00004d4c                xIOUtilsReadCharsFromCircularBuffer
 .text.vIOUtilsSetCircularBufferTimeout
                0x00004e44       0x28 ./Source/FreeRTOSV8.2.3-Products/FreeRTOS-Plus-IO/Common/IOUtils_CircularBufferRx.o
                0x00004e44                vIOUtilsSetCircularBufferTimeout
 .text.xIOUtilsConfigureZeroCopyTx
                0x00004e6c       0x9c ./Source/FreeRTOSV8.2.3-Products/FreeRTOS-Plus-IO/Common/IOUtils_ZeroCopyTx.o
                0x00004e6c                xIOUtilsConfigureZeroCopyTx
 .text.xIOUtilsGetZeroCopyWriteMutex
                0x00004f08       0x58 ./Source/FreeRTOSV8.2.3-Products/FreeRTOS-Plus-IO/Common/IOUtils_ZeroCopyTx.o
                0x00004f08                xIOUtilsGetZeroCopyWriteMutex
 .text.xIOUtilsReleaseZeroCopyWriteMutex
                0x00004f60       0x3c ./Source/FreeRTOSV8.2.3-Products/FreeRTOS-Plus-IO/Common/IOUtils_ZeroCopyTx.o
                0x00004f60                xIOUtilsReleaseZeroCopyWriteMutex
 .text.vMyControlTaskStart
                0x00004f9c       0x34 ./Source/ETCS/Control_Task/Control_Task.o
                0x00004f9c                vMyControlTaskStart
 .text.prvMyControlTask
                0x00004fd0       0x4c ./Source/ETCS/Control_Task/Control_Task.o
 .text.Chip_GPIO_GetPinState
                0x0000501c       0x38 ./Source/ETCS/Brake_Task/Brake.o
 .text.Chip_GPIO_ReadPortBit
                0x00005054       0x28 ./Source/ETCS/Brake_Task/Brake.o
 .text.Chip_GPIO_SetPinDIROutput
                0x0000507c       0x38 ./Source/ETCS/Brake_Task/Brake.o
 .text.Chip_GPIO_SetPinDIRInput
                0x000050b4       0x3c ./Source/ETCS/Brake_Task/Brake.o
 .text.Chip_GPIO_SetPinDIR
                0x000050f0       0x44 ./Source/ETCS/Brake_Task/Brake.o
 .text.vMyBrakeTaskStart
                0x00005134       0x34 ./Source/ETCS/Brake_Task/Brake.o
                0x00005134                vMyBrakeTaskStart
 .text.prvMyBrakeTask
                0x00005168       0x38 ./Source/ETCS/Brake_Task/Brake.o
 .text.Chip_GPIO_GetPinState
                0x000051a0       0x38 ./Source/ETCS/Acc_Task/Accelerate.o
 .text.Chip_GPIO_ReadPortBit
                0x000051d8       0x28 ./Source/ETCS/Acc_Task/Accelerate.o
 .text.Chip_GPIO_SetPinDIROutput
                0x00005200       0x38 ./Source/ETCS/Acc_Task/Accelerate.o
 .text.Chip_GPIO_SetPinDIRInput
                0x00005238       0x3c ./Source/ETCS/Acc_Task/Accelerate.o
 .text.Chip_GPIO_SetPinDIR
                0x00005274       0x44 ./Source/ETCS/Acc_Task/Accelerate.o
 .text.vMyAccelerationTaskStart
                0x000052b8       0x34 ./Source/ETCS/Acc_Task/Accelerate.o
                0x000052b8                vMyAccelerationTaskStart
 .text.prvMyAccelerationTask
                0x000052ec       0x38 ./Source/ETCS/Acc_Task/Accelerate.o
 .text.vMyDisplayStart
                0x00005324       0x38 ./Source/Display/Display.o
                0x00005324                vMyDisplayStart
 .text.prvMyDisplayTask
                0x0000535c       0xec ./Source/Display/Display.o
 .text.NVIC_SetPriorityGrouping
                0x00005448       0x48 ./Source/main.o
 .text.main     0x00005490       0x24 ./Source/main.o
                0x00005490                main
 .text.vMainConfigureTimerForRunTimeStats
                0x000054b4       0x18 ./Source/main.o
                0x000054b4                vMainConfigureTimerForRunTimeStats
 .text.ulMainGetRunTimeCounterValue
                0x000054cc       0x7c ./Source/main.o
                0x000054cc                ulMainGetRunTimeCounterValue
 .text.vApplicationStackOverflowHook
                0x00005548       0x10 ./Source/main.o
                0x00005548                vApplicationStackOverflowHook
 .text.vApplicationMallocFailedHook
                0x00005558        0xc ./Source/main.o
                0x00005558                vApplicationMallocFailedHook
 .text.SystemInit
                0x00005564       0x24 ./Source/sysinit.o
                0x00005564                SystemInit
 .text.Chip_GPIO_SetPinState
                0x00005588       0x68 /home/desd/clabsarjsau/PROJECT_DATA/Workspace_5_toyota/lpc_board_nxp_lpcxpresso_1769/Debug/liblpc_board_nxp_lpcxpresso_1769.a(board.o)
 .text.Chip_GPIO_WritePortBit
                0x000055f0       0x2c /home/desd/clabsarjsau/PROJECT_DATA/Workspace_5_toyota/lpc_board_nxp_lpcxpresso_1769/Debug/liblpc_board_nxp_lpcxpresso_1769.a(board.o)
 .text.Chip_GPIO_SetPinDIROutput
                0x0000561c       0x38 /home/desd/clabsarjsau/PROJECT_DATA/Workspace_5_toyota/lpc_board_nxp_lpcxpresso_1769/Debug/liblpc_board_nxp_lpcxpresso_1769.a(board.o)
 .text.Chip_UART_SendByte
                0x00005654       0x1c /home/desd/clabsarjsau/PROJECT_DATA/Workspace_5_toyota/lpc_board_nxp_lpcxpresso_1769/Debug/liblpc_board_nxp_lpcxpresso_1769.a(board.o)
 .text.Chip_UART_ReadLineStatus
                0x00005670       0x18 /home/desd/clabsarjsau/PROJECT_DATA/Workspace_5_toyota/lpc_board_nxp_lpcxpresso_1769/Debug/liblpc_board_nxp_lpcxpresso_1769.a(board.o)
 .text.__sys_write
                0x00005688       0x38 /home/desd/clabsarjsau/PROJECT_DATA/Workspace_5_toyota/lpc_board_nxp_lpcxpresso_1769/Debug/liblpc_board_nxp_lpcxpresso_1769.a(board.o)
                0x00005688                __sys_write
 .text.Board_UARTPutChar
                0x000056c0       0x34 /home/desd/clabsarjsau/PROJECT_DATA/Workspace_5_toyota/lpc_board_nxp_lpcxpresso_1769/Debug/liblpc_board_nxp_lpcxpresso_1769.a(board.o)
                0x000056c0                Board_UARTPutChar
 .text.Board_LCD_Send_Nibble
                0x000056f4       0xcc /home/desd/clabsarjsau/PROJECT_DATA/Workspace_5_toyota/lpc_board_nxp_lpcxpresso_1769/Debug/liblpc_board_nxp_lpcxpresso_1769.a(board.o)
 .text.delay_ms
                0x000057c0       0x40 /home/desd/clabsarjsau/PROJECT_DATA/Workspace_5_toyota/lpc_board_nxp_lpcxpresso_1769/Debug/liblpc_board_nxp_lpcxpresso_1769.a(board.o)
                0x000057c0                delay_ms
 .text.Board_Lcd_Cmd_Write
                0x00005800       0x40 /home/desd/clabsarjsau/PROJECT_DATA/Workspace_5_toyota/lpc_board_nxp_lpcxpresso_1769/Debug/liblpc_board_nxp_lpcxpresso_1769.a(board.o)
                0x00005800                Board_Lcd_Cmd_Write
 .text.Board_Lcd_Data_Write
                0x00005840       0x40 /home/desd/clabsarjsau/PROJECT_DATA/Workspace_5_toyota/lpc_board_nxp_lpcxpresso_1769/Debug/liblpc_board_nxp_lpcxpresso_1769.a(board.o)
                0x00005840                Board_Lcd_Data_Write
 .text.Board_LCD_Write_String
                0x00005880       0x28 /home/desd/clabsarjsau/PROJECT_DATA/Workspace_5_toyota/lpc_board_nxp_lpcxpresso_1769/Debug/liblpc_board_nxp_lpcxpresso_1769.a(board.o)
                0x00005880                Board_LCD_Write_String
 .text.Board_lcd_Send_Data_Signals
                0x000058a8       0x44 /home/desd/clabsarjsau/PROJECT_DATA/Workspace_5_toyota/lpc_board_nxp_lpcxpresso_1769/Debug/liblpc_board_nxp_lpcxpresso_1769.a(board.o)
                0x000058a8                Board_lcd_Send_Data_Signals
 .text.Board_lcd_Send_Cmd_Signals
                0x000058ec       0x44 /home/desd/clabsarjsau/PROJECT_DATA/Workspace_5_toyota/lpc_board_nxp_lpcxpresso_1769/Debug/liblpc_board_nxp_lpcxpresso_1769.a(board.o)
                0x000058ec                Board_lcd_Send_Cmd_Signals
 .text.Board_LCD_Init
                0x00005930       0xa0 /home/desd/clabsarjsau/PROJECT_DATA/Workspace_5_toyota/lpc_board_nxp_lpcxpresso_1769/Debug/liblpc_board_nxp_lpcxpresso_1769.a(board.o)
                0x00005930                Board_LCD_Init
 .text.Chip_SYSCTL_SetFLASHAccess
                0x000059d0       0x30 /home/desd/clabsarjsau/PROJECT_DATA/Workspace_5_toyota/lpc_board_nxp_lpcxpresso_1769/Debug/liblpc_board_nxp_lpcxpresso_1769.a(board_sysinit.o)
 .text.Board_SetupMuxing
                0x00005a00       0x1c /home/desd/clabsarjsau/PROJECT_DATA/Workspace_5_toyota/lpc_board_nxp_lpcxpresso_1769/Debug/liblpc_board_nxp_lpcxpresso_1769.a(board_sysinit.o)
                0x00005a00                Board_SetupMuxing
 .text.Board_SetupClocking
                0x00005a1c       0x14 /home/desd/clabsarjsau/PROJECT_DATA/Workspace_5_toyota/lpc_board_nxp_lpcxpresso_1769/Debug/liblpc_board_nxp_lpcxpresso_1769.a(board_sysinit.o)
                0x00005a1c                Board_SetupClocking
 .text.Board_SystemInit
                0x00005a30       0x10 /home/desd/clabsarjsau/PROJECT_DATA/Workspace_5_toyota/lpc_board_nxp_lpcxpresso_1769/Debug/liblpc_board_nxp_lpcxpresso_1769.a(board_sysinit.o)
                0x00005a30                Board_SystemInit
 .text.Chip_Clock_IsMainPLLEnabled
                0x00005a40       0x24 /home/desd/clabsarjsau/PROJECT_DATA/Workspace_5_toyota/lpc_chip_175x_6x/Debug/liblpc_chip_175x_6x.a(clock_17xx_40xx.o)
 .text.Chip_Clock_IsMainPLLConnected
                0x00005a64       0x24 /home/desd/clabsarjsau/PROJECT_DATA/Workspace_5_toyota/lpc_chip_175x_6x/Debug/liblpc_chip_175x_6x.a(clock_17xx_40xx.o)
 .text.Chip_Clock_FeedPLL
                0x00005a88       0x34 /home/desd/clabsarjsau/PROJECT_DATA/Workspace_5_toyota/lpc_chip_175x_6x/Debug/liblpc_chip_175x_6x.a(clock_17xx_40xx.o)
 .text.Chip_Clock_GetMainPLLSource
                0x00005abc       0x20 /home/desd/clabsarjsau/PROJECT_DATA/Workspace_5_toyota/lpc_chip_175x_6x/Debug/liblpc_chip_175x_6x.a(clock_17xx_40xx.o)
 .text.Chip_Clock_GetMainOscRate
                0x00005adc       0x14 /home/desd/clabsarjsau/PROJECT_DATA/Workspace_5_toyota/lpc_chip_175x_6x/Debug/liblpc_chip_175x_6x.a(clock_17xx_40xx.o)
 .text.Chip_Clock_GetIntOscRate
                0x00005af0       0x14 /home/desd/clabsarjsau/PROJECT_DATA/Workspace_5_toyota/lpc_chip_175x_6x/Debug/liblpc_chip_175x_6x.a(clock_17xx_40xx.o)
 .text.Chip_Clock_GetRTCOscRate
                0x00005b04       0x14 /home/desd/clabsarjsau/PROJECT_DATA/Workspace_5_toyota/lpc_chip_175x_6x/Debug/liblpc_chip_175x_6x.a(clock_17xx_40xx.o)
 .text.Chip_Clock_GetMainPLLInClockRate
                0x00005b18       0x10 /home/desd/clabsarjsau/PROJECT_DATA/Workspace_5_toyota/lpc_chip_175x_6x/Debug/liblpc_chip_175x_6x.a(clock_17xx_40xx.o)
 .text.Chip_Clock_EnablePLL
                0x00005b28       0x44 /home/desd/clabsarjsau/PROJECT_DATA/Workspace_5_toyota/lpc_chip_175x_6x/Debug/liblpc_chip_175x_6x.a(clock_17xx_40xx.o)
                0x00005b28                Chip_Clock_EnablePLL
 .text.Chip_Clock_DisablePLL
                0x00005b6c       0x48 /home/desd/clabsarjsau/PROJECT_DATA/Workspace_5_toyota/lpc_chip_175x_6x/Debug/liblpc_chip_175x_6x.a(clock_17xx_40xx.o)
                0x00005b6c                Chip_Clock_DisablePLL
 .text.Chip_Clock_SetupPLL
                0x00005bb4       0x5c /home/desd/clabsarjsau/PROJECT_DATA/Workspace_5_toyota/lpc_chip_175x_6x/Debug/liblpc_chip_175x_6x.a(clock_17xx_40xx.o)
                0x00005bb4                Chip_Clock_SetupPLL
 .text.Chip_Clock_EnablePeriphClock
                0x00005c10       0x34 /home/desd/clabsarjsau/PROJECT_DATA/Workspace_5_toyota/lpc_chip_175x_6x/Debug/liblpc_chip_175x_6x.a(clock_17xx_40xx.o)
                0x00005c10                Chip_Clock_EnablePeriphClock
 .text.Chip_Clock_DisablePeriphClock
                0x00005c44       0x34 /home/desd/clabsarjsau/PROJECT_DATA/Workspace_5_toyota/lpc_chip_175x_6x/Debug/liblpc_chip_175x_6x.a(clock_17xx_40xx.o)
                0x00005c44                Chip_Clock_DisablePeriphClock
 .text.Chip_Clock_GetCPUClockSource
                0x00005c78       0x24 /home/desd/clabsarjsau/PROJECT_DATA/Workspace_5_toyota/lpc_chip_175x_6x/Debug/liblpc_chip_175x_6x.a(clock_17xx_40xx.o)
                0x00005c78                Chip_Clock_GetCPUClockSource
 .text.Chip_Clock_SetCPUClockDiv
                0x00005c9c       0x20 /home/desd/clabsarjsau/PROJECT_DATA/Workspace_5_toyota/lpc_chip_175x_6x/Debug/liblpc_chip_175x_6x.a(clock_17xx_40xx.o)
                0x00005c9c                Chip_Clock_SetCPUClockDiv
 .text.Chip_Clock_GetCPUClockDiv
                0x00005cbc       0x1c /home/desd/clabsarjsau/PROJECT_DATA/Workspace_5_toyota/lpc_chip_175x_6x/Debug/liblpc_chip_175x_6x.a(clock_17xx_40xx.o)
                0x00005cbc                Chip_Clock_GetCPUClockDiv
 .text.Chip_Clock_GetPCLKDiv
                0x00005cd8       0x8c /home/desd/clabsarjsau/PROJECT_DATA/Workspace_5_toyota/lpc_chip_175x_6x/Debug/liblpc_chip_175x_6x.a(clock_17xx_40xx.o)
                0x00005cd8                Chip_Clock_GetPCLKDiv
 .text.Chip_Clock_GetSYSCLKRate
                0x00005d64       0x34 /home/desd/clabsarjsau/PROJECT_DATA/Workspace_5_toyota/lpc_chip_175x_6x/Debug/liblpc_chip_175x_6x.a(clock_17xx_40xx.o)
                0x00005d64                Chip_Clock_GetSYSCLKRate
 .text.Chip_Clock_GetMainPLLOutClockRate
                0x00005d98       0x54 /home/desd/clabsarjsau/PROJECT_DATA/Workspace_5_toyota/lpc_chip_175x_6x/Debug/liblpc_chip_175x_6x.a(clock_17xx_40xx.o)
                0x00005d98                Chip_Clock_GetMainPLLOutClockRate
 .text.Chip_Clock_GetMainClockRate
                0x00005dec       0x28 /home/desd/clabsarjsau/PROJECT_DATA/Workspace_5_toyota/lpc_chip_175x_6x/Debug/liblpc_chip_175x_6x.a(clock_17xx_40xx.o)
                0x00005dec                Chip_Clock_GetMainClockRate
 .text.Chip_Clock_GetSystemClockRate
                0x00005e14       0x18 /home/desd/clabsarjsau/PROJECT_DATA/Workspace_5_toyota/lpc_chip_175x_6x/Debug/liblpc_chip_175x_6x.a(clock_17xx_40xx.o)
                0x00005e14                Chip_Clock_GetSystemClockRate
 .text.Chip_Clock_GetPeripheralClockRate
                0x00005e2c       0x28 /home/desd/clabsarjsau/PROJECT_DATA/Workspace_5_toyota/lpc_chip_175x_6x/Debug/liblpc_chip_175x_6x.a(clock_17xx_40xx.o)
                0x00005e2c                Chip_Clock_GetPeripheralClockRate
 .text.enableClk
                0x00005e54       0x30 /home/desd/clabsarjsau/PROJECT_DATA/Workspace_5_toyota/lpc_chip_175x_6x/Debug/liblpc_chip_175x_6x.a(i2c_17xx_40xx.o)
 .text.getClkRate
                0x00005e84       0x24 /home/desd/clabsarjsau/PROJECT_DATA/Workspace_5_toyota/lpc_chip_175x_6x/Debug/liblpc_chip_175x_6x.a(i2c_17xx_40xx.o)
 .text.startMasterXfer
                0x00005ea8       0x20 /home/desd/clabsarjsau/PROJECT_DATA/Workspace_5_toyota/lpc_chip_175x_6x/Debug/liblpc_chip_175x_6x.a(i2c_17xx_40xx.o)
 .text.startSlaverXfer
                0x00005ec8       0x20 /home/desd/clabsarjsau/PROJECT_DATA/Workspace_5_toyota/lpc_chip_175x_6x/Debug/liblpc_chip_175x_6x.a(i2c_17xx_40xx.o)
 .text.isI2CBusFree
                0x00005ee8       0x24 /home/desd/clabsarjsau/PROJECT_DATA/Workspace_5_toyota/lpc_chip_175x_6x/Debug/liblpc_chip_175x_6x.a(i2c_17xx_40xx.o)
 .text.getCurState
                0x00005f0c       0x1c /home/desd/clabsarjsau/PROJECT_DATA/Workspace_5_toyota/lpc_chip_175x_6x/Debug/liblpc_chip_175x_6x.a(i2c_17xx_40xx.o)
 .text.handleMasterXferState
                0x00005f28      0x284 /home/desd/clabsarjsau/PROJECT_DATA/Workspace_5_toyota/lpc_chip_175x_6x/Debug/liblpc_chip_175x_6x.a(i2c_17xx_40xx.o)
                0x00005f28                handleMasterXferState
 .text.Chip_I2C_EventHandler
                0x000061ac       0x4c /home/desd/clabsarjsau/PROJECT_DATA/Workspace_5_toyota/lpc_chip_175x_6x/Debug/liblpc_chip_175x_6x.a(i2c_17xx_40xx.o)
                0x000061ac                Chip_I2C_EventHandler
 .text.Chip_I2C_EventHandlerPolling
                0x000061f8       0x60 /home/desd/clabsarjsau/PROJECT_DATA/Workspace_5_toyota/lpc_chip_175x_6x/Debug/liblpc_chip_175x_6x.a(i2c_17xx_40xx.o)
                0x000061f8                Chip_I2C_EventHandlerPolling
 .text.Chip_I2C_Init
                0x00006258       0x34 /home/desd/clabsarjsau/PROJECT_DATA/Workspace_5_toyota/lpc_chip_175x_6x/Debug/liblpc_chip_175x_6x.a(i2c_17xx_40xx.o)
                0x00006258                Chip_I2C_Init
 .text.Chip_I2C_SetClockRate
                0x0000628c       0x68 /home/desd/clabsarjsau/PROJECT_DATA/Workspace_5_toyota/lpc_chip_175x_6x/Debug/liblpc_chip_175x_6x.a(i2c_17xx_40xx.o)
                0x0000628c                Chip_I2C_SetClockRate
 .text.Chip_I2C_SetMasterEventHandler
                0x000062f4       0x48 /home/desd/clabsarjsau/PROJECT_DATA/Workspace_5_toyota/lpc_chip_175x_6x/Debug/liblpc_chip_175x_6x.a(i2c_17xx_40xx.o)
                0x000062f4                Chip_I2C_SetMasterEventHandler
 .text.Chip_I2C_MasterTransfer
                0x0000633c       0x9c /home/desd/clabsarjsau/PROJECT_DATA/Workspace_5_toyota/lpc_chip_175x_6x/Debug/liblpc_chip_175x_6x.a(i2c_17xx_40xx.o)
                0x0000633c                Chip_I2C_MasterTransfer
 .text.Chip_I2C_MasterStateHandler
                0x000063d8       0x60 /home/desd/clabsarjsau/PROJECT_DATA/Workspace_5_toyota/lpc_chip_175x_6x/Debug/liblpc_chip_175x_6x.a(i2c_17xx_40xx.o)
                0x000063d8                Chip_I2C_MasterStateHandler
 .text.Chip_I2C_IsStateChanged
                0x00006438       0x38 /home/desd/clabsarjsau/PROJECT_DATA/Workspace_5_toyota/lpc_chip_175x_6x/Debug/liblpc_chip_175x_6x.a(i2c_17xx_40xx.o)
                0x00006438                Chip_I2C_IsStateChanged
 .text.Chip_IOCON_PinMuxSet
                0x00006470       0x38 /home/desd/clabsarjsau/PROJECT_DATA/Workspace_5_toyota/lpc_chip_175x_6x/Debug/liblpc_chip_175x_6x.a(iocon_17xx_40xx.o)
                0x00006470                Chip_IOCON_PinMuxSet
 .text.Chip_IOCON_PinMux
                0x000064a8       0x94 /home/desd/clabsarjsau/PROJECT_DATA/Workspace_5_toyota/lpc_chip_175x_6x/Debug/liblpc_chip_175x_6x.a(iocon_17xx_40xx.o)
                0x000064a8                Chip_IOCON_PinMux
 .text.Chip_IOCON_SetPinMuxing
                0x0000653c       0x64 /home/desd/clabsarjsau/PROJECT_DATA/Workspace_5_toyota/lpc_chip_175x_6x/Debug/liblpc_chip_175x_6x.a(iocon_17xx_40xx.o)
                0x0000653c                Chip_IOCON_SetPinMuxing
 .text.Chip_SSP_Disable
                0x000065a0       0x20 /home/desd/clabsarjsau/PROJECT_DATA/Workspace_5_toyota/lpc_chip_175x_6x/Debug/liblpc_chip_175x_6x.a(ssp_17xx_40xx.o)
 .text.Chip_SSP_GetStatus
                0x000065c0       0x28 /home/desd/clabsarjsau/PROJECT_DATA/Workspace_5_toyota/lpc_chip_175x_6x/Debug/liblpc_chip_175x_6x.a(ssp_17xx_40xx.o)
 .text.Chip_SSP_GetRawIntStatus
                0x000065e8       0x28 /home/desd/clabsarjsau/PROJECT_DATA/Workspace_5_toyota/lpc_chip_175x_6x/Debug/liblpc_chip_175x_6x.a(ssp_17xx_40xx.o)
 .text.Chip_SSP_GetDataSize
                0x00006610       0x20 /home/desd/clabsarjsau/PROJECT_DATA/Workspace_5_toyota/lpc_chip_175x_6x/Debug/liblpc_chip_175x_6x.a(ssp_17xx_40xx.o)
 .text.Chip_SSP_ClearIntPending
                0x00006630       0x1c /home/desd/clabsarjsau/PROJECT_DATA/Workspace_5_toyota/lpc_chip_175x_6x/Debug/liblpc_chip_175x_6x.a(ssp_17xx_40xx.o)
 .text.Chip_SSP_ReceiveFrame
                0x0000664c       0x18 /home/desd/clabsarjsau/PROJECT_DATA/Workspace_5_toyota/lpc_chip_175x_6x/Debug/liblpc_chip_175x_6x.a(ssp_17xx_40xx.o)
 .text.Chip_SSP_SendFrame
                0x00006664       0x1c /home/desd/clabsarjsau/PROJECT_DATA/Workspace_5_toyota/lpc_chip_175x_6x/Debug/liblpc_chip_175x_6x.a(ssp_17xx_40xx.o)
 .text.Chip_SSP_SetFormat
                0x00006680       0x30 /home/desd/clabsarjsau/PROJECT_DATA/Workspace_5_toyota/lpc_chip_175x_6x/Debug/liblpc_chip_175x_6x.a(ssp_17xx_40xx.o)
 .text.Chip_SSP_Set_Mode
                0x000066b0       0x24 /home/desd/clabsarjsau/PROJECT_DATA/Workspace_5_toyota/lpc_chip_175x_6x/Debug/liblpc_chip_175x_6x.a(ssp_17xx_40xx.o)
 .text.SSP_Write2BFifo
                0x000066d4       0x48 /home/desd/clabsarjsau/PROJECT_DATA/Workspace_5_toyota/lpc_chip_175x_6x/Debug/liblpc_chip_175x_6x.a(ssp_17xx_40xx.o)
 .text.SSP_Write1BFifo
                0x0000671c       0x48 /home/desd/clabsarjsau/PROJECT_DATA/Workspace_5_toyota/lpc_chip_175x_6x/Debug/liblpc_chip_175x_6x.a(ssp_17xx_40xx.o)
 .text.SSP_Read2BFifo
                0x00006764       0x5c /home/desd/clabsarjsau/PROJECT_DATA/Workspace_5_toyota/lpc_chip_175x_6x/Debug/liblpc_chip_175x_6x.a(ssp_17xx_40xx.o)
 .text.SSP_Read1BFifo
                0x000067c0       0x5c /home/desd/clabsarjsau/PROJECT_DATA/Workspace_5_toyota/lpc_chip_175x_6x/Debug/liblpc_chip_175x_6x.a(ssp_17xx_40xx.o)
 .text.Chip_SSP_GetClockIndex
                0x0000681c       0x2c /home/desd/clabsarjsau/PROJECT_DATA/Workspace_5_toyota/lpc_chip_175x_6x/Debug/liblpc_chip_175x_6x.a(ssp_17xx_40xx.o)
 .text.Chip_SSP_GetClkIndex
                0x00006848       0x2c /home/desd/clabsarjsau/PROJECT_DATA/Workspace_5_toyota/lpc_chip_175x_6x/Debug/liblpc_chip_175x_6x.a(ssp_17xx_40xx.o)
 .text.Chip_SSP_SetClockRate
                0x00006874       0x34 /home/desd/clabsarjsau/PROJECT_DATA/Workspace_5_toyota/lpc_chip_175x_6x/Debug/liblpc_chip_175x_6x.a(ssp_17xx_40xx.o)
                0x00006874                Chip_SSP_SetClockRate
 .text.Chip_SSP_RWFrames_Blocking
                0x000068a8      0x108 /home/desd/clabsarjsau/PROJECT_DATA/Workspace_5_toyota/lpc_chip_175x_6x/Debug/liblpc_chip_175x_6x.a(ssp_17xx_40xx.o)
                0x000068a8                Chip_SSP_RWFrames_Blocking
 .text.Chip_SSP_Int_FlushData
                0x000069b0       0x4c /home/desd/clabsarjsau/PROJECT_DATA/Workspace_5_toyota/lpc_chip_175x_6x/Debug/liblpc_chip_175x_6x.a(ssp_17xx_40xx.o)
                0x000069b0                Chip_SSP_Int_FlushData
 .text.Chip_SSP_SetBitRate
                0x000069fc       0x74 /home/desd/clabsarjsau/PROJECT_DATA/Workspace_5_toyota/lpc_chip_175x_6x/Debug/liblpc_chip_175x_6x.a(ssp_17xx_40xx.o)
                0x000069fc                Chip_SSP_SetBitRate
 .text.Chip_SSP_Init
                0x00006a70       0x40 /home/desd/clabsarjsau/PROJECT_DATA/Workspace_5_toyota/lpc_chip_175x_6x/Debug/liblpc_chip_175x_6x.a(ssp_17xx_40xx.o)
                0x00006a70                Chip_SSP_Init
 .text.Chip_SSP_DeInit
                0x00006ab0       0x24 /home/desd/clabsarjsau/PROJECT_DATA/Workspace_5_toyota/lpc_chip_175x_6x/Debug/liblpc_chip_175x_6x.a(ssp_17xx_40xx.o)
                0x00006ab0                Chip_SSP_DeInit
 .text.Chip_Clock_IsMainPLLEnabled
                0x00006ad4       0x24 /home/desd/clabsarjsau/PROJECT_DATA/Workspace_5_toyota/lpc_chip_175x_6x/Debug/liblpc_chip_175x_6x.a(sysinit_17xx_40xx.o)
 .text.Chip_Clock_IsMainPLLLocked
                0x00006af8       0x24 /home/desd/clabsarjsau/PROJECT_DATA/Workspace_5_toyota/lpc_chip_175x_6x/Debug/liblpc_chip_175x_6x.a(sysinit_17xx_40xx.o)
 .text.Chip_Clock_IsMainPLLConnected
                0x00006b1c       0x24 /home/desd/clabsarjsau/PROJECT_DATA/Workspace_5_toyota/lpc_chip_175x_6x/Debug/liblpc_chip_175x_6x.a(sysinit_17xx_40xx.o)
 .text.Chip_Clock_EnableCrystal
                0x00006b40       0x20 /home/desd/clabsarjsau/PROJECT_DATA/Workspace_5_toyota/lpc_chip_175x_6x/Debug/liblpc_chip_175x_6x.a(sysinit_17xx_40xx.o)
 .text.Chip_Clock_IsCrystalEnabled
                0x00006b60       0x24 /home/desd/clabsarjsau/PROJECT_DATA/Workspace_5_toyota/lpc_chip_175x_6x/Debug/liblpc_chip_175x_6x.a(sysinit_17xx_40xx.o)
 .text.Chip_Clock_SetMainPLLSource
                0x00006b84       0x20 /home/desd/clabsarjsau/PROJECT_DATA/Workspace_5_toyota/lpc_chip_175x_6x/Debug/liblpc_chip_175x_6x.a(sysinit_17xx_40xx.o)
 .text.Chip_SetupXtalClocking
                0x00006ba4       0x90 /home/desd/clabsarjsau/PROJECT_DATA/Workspace_5_toyota/lpc_chip_175x_6x/Debug/liblpc_chip_175x_6x.a(sysinit_17xx_40xx.o)
                0x00006ba4                Chip_SetupXtalClocking
 .text.Chip_UART_SendByte
                0x00006c34       0x1c /home/desd/clabsarjsau/PROJECT_DATA/Workspace_5_toyota/lpc_chip_175x_6x/Debug/liblpc_chip_175x_6x.a(uart_17xx_40xx.o)
 .text.Chip_UART_ReadByte
                0x00006c50       0x18 /home/desd/clabsarjsau/PROJECT_DATA/Workspace_5_toyota/lpc_chip_175x_6x/Debug/liblpc_chip_175x_6x.a(uart_17xx_40xx.o)
 .text.Chip_UART_SetupFIFOS
                0x00006c68       0x1c /home/desd/clabsarjsau/PROJECT_DATA/Workspace_5_toyota/lpc_chip_175x_6x/Debug/liblpc_chip_175x_6x.a(uart_17xx_40xx.o)
 .text.Chip_UART_ConfigData
                0x00006c84       0x1c /home/desd/clabsarjsau/PROJECT_DATA/Workspace_5_toyota/lpc_chip_175x_6x/Debug/liblpc_chip_175x_6x.a(uart_17xx_40xx.o)
 .text.Chip_UART_EnableDivisorAccess
                0x00006ca0       0x20 /home/desd/clabsarjsau/PROJECT_DATA/Workspace_5_toyota/lpc_chip_175x_6x/Debug/liblpc_chip_175x_6x.a(uart_17xx_40xx.o)
 .text.Chip_UART_DisableDivisorAccess
                0x00006cc0       0x20 /home/desd/clabsarjsau/PROJECT_DATA/Workspace_5_toyota/lpc_chip_175x_6x/Debug/liblpc_chip_175x_6x.a(uart_17xx_40xx.o)
 .text.Chip_UART_SetDivisorLatches
                0x00006ce0       0x28 /home/desd/clabsarjsau/PROJECT_DATA/Workspace_5_toyota/lpc_chip_175x_6x/Debug/liblpc_chip_175x_6x.a(uart_17xx_40xx.o)
 .text.Chip_UART_ReadLineStatus
                0x00006d08       0x18 /home/desd/clabsarjsau/PROJECT_DATA/Workspace_5_toyota/lpc_chip_175x_6x/Debug/liblpc_chip_175x_6x.a(uart_17xx_40xx.o)
 .text.Chip_UART_GetClockIndex
                0x00006d20       0x50 /home/desd/clabsarjsau/PROJECT_DATA/Workspace_5_toyota/lpc_chip_175x_6x/Debug/liblpc_chip_175x_6x.a(uart_17xx_40xx.o)
 .text.Chip_UART_GetClkIndex
                0x00006d70       0x50 /home/desd/clabsarjsau/PROJECT_DATA/Workspace_5_toyota/lpc_chip_175x_6x/Debug/liblpc_chip_175x_6x.a(uart_17xx_40xx.o)
 .text.Chip_UART_Init
                0x00006dc0       0x78 /home/desd/clabsarjsau/PROJECT_DATA/Workspace_5_toyota/lpc_chip_175x_6x/Debug/liblpc_chip_175x_6x.a(uart_17xx_40xx.o)
                0x00006dc0                Chip_UART_Init
 .text.Chip_UART_TXEnable
                0x00006e38       0x18 /home/desd/clabsarjsau/PROJECT_DATA/Workspace_5_toyota/lpc_chip_175x_6x/Debug/liblpc_chip_175x_6x.a(uart_17xx_40xx.o)
                0x00006e38                Chip_UART_TXEnable
 .text.Chip_UART_TXDisable
                0x00006e50       0x18 /home/desd/clabsarjsau/PROJECT_DATA/Workspace_5_toyota/lpc_chip_175x_6x/Debug/liblpc_chip_175x_6x.a(uart_17xx_40xx.o)
                0x00006e50                Chip_UART_TXDisable
 .text.Chip_UART_Send
                0x00006e68       0x50 /home/desd/clabsarjsau/PROJECT_DATA/Workspace_5_toyota/lpc_chip_175x_6x/Debug/liblpc_chip_175x_6x.a(uart_17xx_40xx.o)
                0x00006e68                Chip_UART_Send
 .text.Chip_UART_CheckBusy
                0x00006eb8       0x24 /home/desd/clabsarjsau/PROJECT_DATA/Workspace_5_toyota/lpc_chip_175x_6x/Debug/liblpc_chip_175x_6x.a(uart_17xx_40xx.o)
                0x00006eb8                Chip_UART_CheckBusy
 .text.Chip_UART_SendBlocking
                0x00006edc       0x4c /home/desd/clabsarjsau/PROJECT_DATA/Workspace_5_toyota/lpc_chip_175x_6x/Debug/liblpc_chip_175x_6x.a(uart_17xx_40xx.o)
                0x00006edc                Chip_UART_SendBlocking
 .text.Chip_UART_Read
                0x00006f28       0x54 /home/desd/clabsarjsau/PROJECT_DATA/Workspace_5_toyota/lpc_chip_175x_6x/Debug/liblpc_chip_175x_6x.a(uart_17xx_40xx.o)
                0x00006f28                Chip_UART_Read
 .text.Chip_UART_SetBaud
                0x00006f7c       0x64 /home/desd/clabsarjsau/PROJECT_DATA/Workspace_5_toyota/lpc_chip_175x_6x/Debug/liblpc_chip_175x_6x.a(uart_17xx_40xx.o)
                0x00006f7c                Chip_UART_SetBaud
 .text.__main   0x00006fe0       0x14 /usr/local/lpcxpresso_8.2.2_650/lpcxpresso/tools/bin/../lib/gcc/arm-none-eabi/5.4.1/../../../../arm-none-eabi/lib/armv7-m/libcr_nohost.a(_cr__main.o)
                0x00006fe0                __main
 .text.memcpy   0x00006ff4        0x4 /usr/local/lpcxpresso_8.2.2_650/lpcxpresso/tools/bin/../lib/gcc/arm-none-eabi/5.4.1/../../../../arm-none-eabi/lib/armv7-m/libcr_c.a(memcpy.o)
                0x00006ff4                memcpy
 .text.memset   0x00006ff8        0x4 /usr/local/lpcxpresso_8.2.2_650/lpcxpresso/tools/bin/../lib/gcc/arm-none-eabi/5.4.1/../../../../arm-none-eabi/lib/armv7-m/libcr_c.a(memset.o)
                0x00006ff8                memset
 .text._initio  0x00006ffc       0xa4 /usr/local/lpcxpresso_8.2.2_650/lpcxpresso/tools/bin/../lib/gcc/arm-none-eabi/5.4.1/../../../../arm-none-eabi/lib/armv7-m/libcr_c.a(initio.o)
                0x00006ffc                _initio
 .text.setvbuf  0x000070a0       0x40 /usr/local/lpcxpresso_8.2.2_650/lpcxpresso/tools/bin/../lib/gcc/arm-none-eabi/5.4.1/../../../../arm-none-eabi/lib/armv7-m/libcr_c.a(setvbuf.o)
                0x000070a0                setvbuf
 .text.strcmp   0x000070e0       0x44 /usr/local/lpcxpresso_8.2.2_650/lpcxpresso/tools/bin/../lib/gcc/arm-none-eabi/5.4.1/../../../../arm-none-eabi/lib/armv7-m/libcr_c.a(strcmp.o)
                0x000070e0                strcmp
 .text.strlen   0x00007124       0x4a /usr/local/lpcxpresso_8.2.2_650/lpcxpresso/tools/bin/../lib/gcc/arm-none-eabi/5.4.1/../../../../arm-none-eabi/lib/armv7-m/libcr_c.a(strlen.o)
                0x00007124                strlen
 .text._deferredlazyseek
                0x0000716e       0x44 /usr/local/lpcxpresso_8.2.2_650/lpcxpresso/tools/bin/../lib/gcc/arm-none-eabi/5.4.1/../../../../arm-none-eabi/lib/armv7-m/libcr_c.a(_deferredlazyseek.o)
                0x0000716e                _deferredlazyseek
 .text._fdopen  0x000071b2       0x6a /usr/local/lpcxpresso_8.2.2_650/lpcxpresso/tools/bin/../lib/gcc/arm-none-eabi/5.4.1/../../../../arm-none-eabi/lib/armv7-m/libcr_c.a(_fdopen.o)
                0x000071b2                _fdopen
 .text._fflush  0x0000721c       0x58 /usr/local/lpcxpresso_8.2.2_650/lpcxpresso/tools/bin/../lib/gcc/arm-none-eabi/5.4.1/../../../../arm-none-eabi/lib/armv7-m/libcr_c.a(_fflush.o)
                0x0000721c                _fflush
 .text._Cwritebuf
                0x00007274       0x68 /usr/local/lpcxpresso_8.2.2_650/lpcxpresso/tools/bin/../lib/gcc/arm-none-eabi/5.4.1/../../../../arm-none-eabi/lib/armv7-m/libcr_c.a(_writebuf.o)
                0x00007274                _Cwritebuf
 .text.malloc   0x000072dc       0xc8 /usr/local/lpcxpresso_8.2.2_650/lpcxpresso/tools/bin/../lib/gcc/arm-none-eabi/5.4.1/../../../../arm-none-eabi/lib/armv7-m/libcr_c.a(alloc.o)
                0x000072dc                malloc
 .text.free     0x000073a4       0x30 /usr/local/lpcxpresso_8.2.2_650/lpcxpresso/tools/bin/../lib/gcc/arm-none-eabi/5.4.1/../../../../arm-none-eabi/lib/armv7-m/libcr_c.a(alloc.o)
                0x000073a4                free
 .text._Csys_alloc
                0x000073d4       0x20 /usr/local/lpcxpresso_8.2.2_650/lpcxpresso/tools/bin/../lib/gcc/arm-none-eabi/5.4.1/../../../../arm-none-eabi/lib/armv7-m/libcr_c.a(alloc.o)
                0x000073d4                _Csys_alloc
 .text.fclose   0x000073f4       0x6c /usr/local/lpcxpresso_8.2.2_650/lpcxpresso/tools/bin/../lib/gcc/arm-none-eabi/5.4.1/../../../../arm-none-eabi/lib/armv7-m/libcr_c.a(fclose.o)
                0x000073f4                fclose
 .text.fflush   0x00007460       0x30 /usr/local/lpcxpresso_8.2.2_650/lpcxpresso/tools/bin/../lib/gcc/arm-none-eabi/5.4.1/../../../../arm-none-eabi/lib/armv7-m/libcr_c.a(fflush.o)
                0x00007460                fflush
 .text.fseek    0x00007490      0x110 /usr/local/lpcxpresso_8.2.2_650/lpcxpresso/tools/bin/../lib/gcc/arm-none-eabi/5.4.1/../../../../arm-none-eabi/lib/armv7-m/libcr_c.a(fseek.o)
                0x00007490                fseek
 .text.ftell    0x000075a0       0x4c /usr/local/lpcxpresso_8.2.2_650/lpcxpresso/tools/bin/../lib/gcc/arm-none-eabi/5.4.1/../../../../arm-none-eabi/lib/armv7-m/libcr_c.a(ftell.o)
                0x000075a0                ftell
 .text.remove   0x000075ec       0x14 /usr/local/lpcxpresso_8.2.2_650/lpcxpresso/tools/bin/../lib/gcc/arm-none-eabi/5.4.1/../../../../arm-none-eabi/lib/armv7-m/libcr_c.a(remove.o)
                0x000075ec                remove
 .text._sbrk    0x00007600       0x40 /usr/local/lpcxpresso_8.2.2_650/lpcxpresso/tools/bin/../lib/gcc/arm-none-eabi/5.4.1/../../../../arm-none-eabi/lib/armv7-m/libcr_c.a(_cr_sbrk.o)
                0x00007600                _sbrk
 .text._do_fflush
                0x00007640       0x44 /usr/local/lpcxpresso_8.2.2_650/lpcxpresso/tools/bin/../lib/gcc/arm-none-eabi/5.4.1/../../../../arm-none-eabi/lib/armv7-m/libcr_c.a(_do_fflush.o)
                0x00007640                _do_fflush
 .text.__check_heap_overflow
                0x00007684       0x18 /usr/local/lpcxpresso_8.2.2_650/lpcxpresso/tools/bin/../lib/gcc/arm-none-eabi/5.4.1/../../../../arm-none-eabi/lib/armv7-m/libcr_c.a(_cr_check_heap.o)
                0x00007684                __check_heap_overflow
 .text.__aeabi_memcpy
                0x0000769c       0x34 /usr/local/lpcxpresso_8.2.2_650/lpcxpresso/tools/bin/../lib/gcc/arm-none-eabi/5.4.1/armv7-m/libcr_eabihelpers.a(memcpy.o)
                0x0000769c                __aeabi_memcpy
                0x000076a6                __aeabi_memcpy4
                0x000076a6                __aeabi_memcpy8
 .text.__aeabi_memset_lowlevel
                0x000076d0       0x32 /usr/local/lpcxpresso_8.2.2_650/lpcxpresso/tools/bin/../lib/gcc/arm-none-eabi/5.4.1/armv7-m/libcr_eabihelpers.a(memcpy.o)
                0x000076d0                __aeabi_lowlevel_memset
 .text.__sys_appexit
                0x00007702        0x2 /usr/local/lpcxpresso_8.2.2_650/lpcxpresso/tools/bin/../lib/gcc/arm-none-eabi/5.4.1/../../../../arm-none-eabi/lib/armv7-m/libcr_nohost.a(__sys_appexit.o)
                0x00007702                __exit
                0x00007702                __sys_appexit
 .text.__sys_close
                0x00007704        0x6 /usr/local/lpcxpresso_8.2.2_650/lpcxpresso/tools/bin/../lib/gcc/arm-none-eabi/5.4.1/../../../../arm-none-eabi/lib/armv7-m/libcr_nohost.a(__sys_close.o)
                0x00007704                __sys_close
 .text.__sys_flen
                0x0000770a        0x6 /usr/local/lpcxpresso_8.2.2_650/lpcxpresso/tools/bin/../lib/gcc/arm-none-eabi/5.4.1/../../../../arm-none-eabi/lib/armv7-m/libcr_nohost.a(__sys_flen.o)
                0x0000770a                __sys_flen
 .text.__sys_istty
                0x00007710        0x6 /usr/local/lpcxpresso_8.2.2_650/lpcxpresso/tools/bin/../lib/gcc/arm-none-eabi/5.4.1/../../../../arm-none-eabi/lib/armv7-m/libcr_nohost.a(__sys_istty.o)
                0x00007710                __sys_istty
 .text.__sys_remove
                0x00007716        0x6 /usr/local/lpcxpresso_8.2.2_650/lpcxpresso/tools/bin/../lib/gcc/arm-none-eabi/5.4.1/../../../../arm-none-eabi/lib/armv7-m/libcr_nohost.a(__sys_remove.o)
                0x00007716                __sys_remove
 .text.__sys_seek
                0x0000771c        0x6 /usr/local/lpcxpresso_8.2.2_650/lpcxpresso/tools/bin/../lib/gcc/arm-none-eabi/5.4.1/../../../../arm-none-eabi/lib/armv7-m/libcr_nohost.a(__sys_seek.o)
                0x0000771c                __sys_seek
 .text.__sys_tmpnam
                0x00007722        0x6 /usr/local/lpcxpresso_8.2.2_650/lpcxpresso/tools/bin/../lib/gcc/arm-none-eabi/5.4.1/../../../../arm-none-eabi/lib/armv7-m/libcr_nohost.a(__sys_tmpnam.o)
                0x00007722                __sys_tmpnam
 *(.rodata .rodata.* .constdata .constdata.*)
 .rodata        0x00007728      0x14b ./Source/Infotainment/Infotainment-UART-Console.o
 *fill*         0x00007873        0x1 ff
 .rodata        0x00007874       0x30 ./Source/FreeRTOSV8.2.3-Products/FreeRTOS/Source/tasks.o
 .rodata        0x000078a4        0xd ./Source/FreeRTOSV8.2.3-Products/FreeRTOS/Source/timers.o
 *fill*         0x000078b1        0x3 ff
 .rodata.xIRQ   0x000078b4        0x2 ./Source/FreeRTOSV8.2.3-Products/FreeRTOS-Plus-IO/Device/LPC17xx/FreeRTOS_lpc17xx_ssp.o
 *fill*         0x000078b6        0x2 ff
 .rodata.xIRQ   0x000078b8        0x4 ./Source/FreeRTOSV8.2.3-Products/FreeRTOS-Plus-IO/Device/LPC17xx/FreeRTOS_lpc17xx_uart.o
 .rodata        0x000078bc       0x27 ./Source/FreeRTOSV8.2.3-Products/FreeRTOS-Plus-IO/Common/FreeRTOS_DriverInterface.o
 *fill*         0x000078e3        0x1 ff
 .rodata.xAvailablePeripherals
                0x000078e4       0x3c ./Source/FreeRTOSV8.2.3-Products/FreeRTOS-Plus-IO/Common/FreeRTOS_DriverInterface.o
 .rodata        0x00007920        0xd ./Source/ETCS/Control_Task/Control_Task.o
 *fill*         0x0000792d        0x3 ff
 .rodata        0x00007930        0xd ./Source/ETCS/Brake_Task/Brake.o
 *fill*         0x0000793d        0x3 ff
 .rodata        0x00007940        0xb ./Source/ETCS/Acc_Task/Accelerate.o
 *fill*         0x0000794b        0x1 ff
 .rodata        0x0000794c       0x2c ./Source/Display/Display.o
 .rodata.OscRateIn
                0x00007978        0x4 /home/desd/clabsarjsau/PROJECT_DATA/Workspace_5_toyota/lpc_board_nxp_lpcxpresso_1769/Debug/liblpc_board_nxp_lpcxpresso_1769.a(board.o)
                0x00007978                OscRateIn
 .rodata.RTCOscRateIn
                0x0000797c        0x4 /home/desd/clabsarjsau/PROJECT_DATA/Workspace_5_toyota/lpc_board_nxp_lpcxpresso_1769/Debug/liblpc_board_nxp_lpcxpresso_1769.a(board.o)
                0x0000797c                RTCOscRateIn
 .rodata.pinLCDCTRL
                0x00007980        0x4 /home/desd/clabsarjsau/PROJECT_DATA/Workspace_5_toyota/lpc_board_nxp_lpcxpresso_1769/Debug/liblpc_board_nxp_lpcxpresso_1769.a(board.o)
 .rodata.pinLCDDATA
                0x00007984        0x4 /home/desd/clabsarjsau/PROJECT_DATA/Workspace_5_toyota/lpc_board_nxp_lpcxpresso_1769/Debug/liblpc_board_nxp_lpcxpresso_1769.a(board.o)
 .rodata.pinmuxing
                0x00007988       0x5c /home/desd/clabsarjsau/PROJECT_DATA/Workspace_5_toyota/lpc_board_nxp_lpcxpresso_1769/Debug/liblpc_board_nxp_lpcxpresso_1769.a(board_sysinit.o)
 .rodata.I2C_PeriphClk
                0x000079e4        0x3 /home/desd/clabsarjsau/PROJECT_DATA/Workspace_5_toyota/lpc_chip_175x_6x/Debug/liblpc_chip_175x_6x.a(i2c_17xx_40xx.o)
 .rodata.str1.1
                0x000079e7        0x4 /usr/local/lpcxpresso_8.2.2_650/lpcxpresso/tools/bin/../lib/gcc/arm-none-eabi/5.4.1/../../../../arm-none-eabi/lib/armv7-m/libcr_c.a(initio.o)
 .rodata.str1.1
                0x000079eb       0x18 /usr/local/lpcxpresso_8.2.2_650/lpcxpresso/tools/bin/../lib/gcc/arm-none-eabi/5.4.1/../../../../arm-none-eabi/lib/armv7-m/libcr_c.a(alloc.o)
                0x00007a04                . = ALIGN (0x4)
 *fill*         0x00007a03        0x1 ff

.glue_7         0x00007a04        0x0
 .glue_7        0x00007a04        0x0 linker stubs

.glue_7t        0x00007a04        0x0
 .glue_7t       0x00007a04        0x0 linker stubs

.vfp11_veneer   0x00007a04        0x0
 .vfp11_veneer  0x00007a04        0x0 linker stubs

.v4_bx          0x00007a04        0x0
 .v4_bx         0x00007a04        0x0 linker stubs

.iplt           0x00007a04        0x0
 .iplt          0x00007a04        0x0 ./Source/Infotainment/Infotainment-UART-Console.o

.rel.dyn        0x00007a04        0x0
 .rel.iplt      0x00007a04        0x0 ./Source/Infotainment/Infotainment-UART-Console.o

.ARM.extab
 *(.ARM.extab* .gnu.linkonce.armextab.*)
                0x00007a04                __exidx_start = .

.ARM.exidx
 *(.ARM.exidx* .gnu.linkonce.armexidx.*)
                0x00007a04                __exidx_end = .
                0x00007a04                _etext = .

.data_RAM2      0x2007c000        0x0 load address 0x00007a04
 FILL mask 0xff
                [!provide]                PROVIDE (__start_data_RAM2, .)
 *(.ramfunc.$RAM2)
 *(.ramfunc.$RamAHB32)
 *(.data.$RAM2*)
 *(.data.$RamAHB32*)
                0x2007c000                . = ALIGN (0x4)
                [!provide]                PROVIDE (__end_data_RAM2, .)

.uninit_RESERVED
                0x10000000        0x0
 *(.bss.$RESERVED*)
                0x10000000                . = ALIGN (0x4)
                0x10000000                _end_uninit_RESERVED = .

.data           0x10000000       0x5c load address 0x00007a04
 FILL mask 0xff
                0x10000000                _data = .
 *(vtable)
 *(.ramfunc*)
 *(.data*)
 .data.xFreeBytesRemaining
                0x10000000        0x4 ./Source/FreeRTOSV8.2.3-Products/FreeRTOS/Source/portable/MemMang/heap_2.o
 .data.uxCriticalNesting
                0x10000004        0x4 ./Source/FreeRTOSV8.2.3-Products/FreeRTOS/Source/portable/GCC/ARM_CM3/port.o
 .data.i2c      0x10000008       0x54 /home/desd/clabsarjsau/PROJECT_DATA/Workspace_5_toyota/lpc_chip_175x_6x/Debug/liblpc_chip_175x_6x.a(i2c_17xx_40xx.o)
                0x1000005c                . = ALIGN (0x4)
                0x1000005c                _edata = .

.igot.plt       0x1000005c        0x0 load address 0x00007a60
 .igot.plt      0x1000005c        0x0 ./Source/Infotainment/Infotainment-UART-Console.o

.bss_RAM2       0x2007c000        0x0
                [!provide]                PROVIDE (__start_bss_RAM2, .)
 *(.bss.$RAM2*)
 *(.bss.$RamAHB32*)
                0x2007c000                . = ALIGN ((. != 0x0)?0x4:0x1)
                [!provide]                PROVIDE (__end_bss_RAM2, .)

.bss            0x1000005c     0x3f58
                0x1000005c                _bss = .
 *(.bss*)
 .bss.xConsoleUART
                0x1000005c        0x4 ./Source/Infotainment/Infotainment-UART-Console.o
 .bss.xCommandConsoleTask
                0x10000060        0x4 ./Source/Infotainment/Infotainment-UART-Console.o
 .bss.ucHeap    0x10000064     0x3c00 ./Source/FreeRTOSV8.2.3-Products/FreeRTOS/Source/portable/MemMang/heap_2.o
 .bss.xStart    0x10003c64        0x8 ./Source/FreeRTOSV8.2.3-Products/FreeRTOS/Source/portable/MemMang/heap_2.o
 .bss.xEnd      0x10003c6c        0x8 ./Source/FreeRTOSV8.2.3-Products/FreeRTOS/Source/portable/MemMang/heap_2.o
 .bss.xHeapHasBeenInitialised.7729
                0x10003c74        0x4 ./Source/FreeRTOSV8.2.3-Products/FreeRTOS/Source/portable/MemMang/heap_2.o
 .bss.ucMaxSysCallPriority
                0x10003c78        0x1 ./Source/FreeRTOSV8.2.3-Products/FreeRTOS/Source/portable/GCC/ARM_CM3/port.o
 *fill*         0x10003c79        0x3 
 .bss.ulMaxPRIGROUPValue
                0x10003c7c        0x4 ./Source/FreeRTOSV8.2.3-Products/FreeRTOS/Source/portable/GCC/ARM_CM3/port.o
 .bss.pxCurrentTCB
                0x10003c80        0x4 ./Source/FreeRTOSV8.2.3-Products/FreeRTOS/Source/tasks.o
                0x10003c80                pxCurrentTCB
 .bss.pxReadyTasksLists
                0x10003c84       0x64 ./Source/FreeRTOSV8.2.3-Products/FreeRTOS/Source/tasks.o
 .bss.xDelayedTaskList1
                0x10003ce8       0x14 ./Source/FreeRTOSV8.2.3-Products/FreeRTOS/Source/tasks.o
 .bss.xDelayedTaskList2
                0x10003cfc       0x14 ./Source/FreeRTOSV8.2.3-Products/FreeRTOS/Source/tasks.o
 .bss.pxDelayedTaskList
                0x10003d10        0x4 ./Source/FreeRTOSV8.2.3-Products/FreeRTOS/Source/tasks.o
 .bss.pxOverflowDelayedTaskList
                0x10003d14        0x4 ./Source/FreeRTOSV8.2.3-Products/FreeRTOS/Source/tasks.o
 .bss.xPendingReadyList
                0x10003d18       0x14 ./Source/FreeRTOSV8.2.3-Products/FreeRTOS/Source/tasks.o
 .bss.xTasksWaitingTermination
                0x10003d2c       0x14 ./Source/FreeRTOSV8.2.3-Products/FreeRTOS/Source/tasks.o
 .bss.uxTasksDeleted
                0x10003d40        0x4 ./Source/FreeRTOSV8.2.3-Products/FreeRTOS/Source/tasks.o
 .bss.xSuspendedTaskList
                0x10003d44       0x14 ./Source/FreeRTOSV8.2.3-Products/FreeRTOS/Source/tasks.o
 .bss.uxCurrentNumberOfTasks
                0x10003d58        0x4 ./Source/FreeRTOSV8.2.3-Products/FreeRTOS/Source/tasks.o
 .bss.xTickCount
                0x10003d5c        0x4 ./Source/FreeRTOSV8.2.3-Products/FreeRTOS/Source/tasks.o
 .bss.uxTopReadyPriority
                0x10003d60        0x4 ./Source/FreeRTOSV8.2.3-Products/FreeRTOS/Source/tasks.o
 .bss.xSchedulerRunning
                0x10003d64        0x4 ./Source/FreeRTOSV8.2.3-Products/FreeRTOS/Source/tasks.o
 .bss.uxPendedTicks
                0x10003d68        0x4 ./Source/FreeRTOSV8.2.3-Products/FreeRTOS/Source/tasks.o
 .bss.xYieldPending
                0x10003d6c        0x4 ./Source/FreeRTOSV8.2.3-Products/FreeRTOS/Source/tasks.o
 .bss.xNumOfOverflows
                0x10003d70        0x4 ./Source/FreeRTOSV8.2.3-Products/FreeRTOS/Source/tasks.o
 .bss.uxTaskNumber
                0x10003d74        0x4 ./Source/FreeRTOSV8.2.3-Products/FreeRTOS/Source/tasks.o
 .bss.xNextTaskUnblockTime
                0x10003d78        0x4 ./Source/FreeRTOSV8.2.3-Products/FreeRTOS/Source/tasks.o
 .bss.uxSchedulerSuspended
                0x10003d7c        0x4 ./Source/FreeRTOSV8.2.3-Products/FreeRTOS/Source/tasks.o
 .bss.ulTaskSwitchedInTime
                0x10003d80        0x4 ./Source/FreeRTOSV8.2.3-Products/FreeRTOS/Source/tasks.o
 .bss.ulTotalRunTime
                0x10003d84        0x4 ./Source/FreeRTOSV8.2.3-Products/FreeRTOS/Source/tasks.o
 .bss.xActiveTimerList1
                0x10003d88       0x14 ./Source/FreeRTOSV8.2.3-Products/FreeRTOS/Source/timers.o
 .bss.xActiveTimerList2
                0x10003d9c       0x14 ./Source/FreeRTOSV8.2.3-Products/FreeRTOS/Source/timers.o
 .bss.pxCurrentTimerList
                0x10003db0        0x4 ./Source/FreeRTOSV8.2.3-Products/FreeRTOS/Source/timers.o
 .bss.pxOverflowTimerList
                0x10003db4        0x4 ./Source/FreeRTOSV8.2.3-Products/FreeRTOS/Source/timers.o
 .bss.xTimerQueue
                0x10003db8        0x4 ./Source/FreeRTOSV8.2.3-Products/FreeRTOS/Source/timers.o
 .bss.xLastTime.7976
                0x10003dbc        0x4 ./Source/FreeRTOSV8.2.3-Products/FreeRTOS/Source/timers.o
 .bss.pxTxTransferControlStructs
                0x10003dc0        0xc ./Source/FreeRTOSV8.2.3-Products/FreeRTOS-Plus-IO/Device/LPC17xx/FreeRTOS_lpc17xx_i2c.o
 .bss.ucSlaveAddresses
                0x10003dcc        0x3 ./Source/FreeRTOSV8.2.3-Products/FreeRTOS-Plus-IO/Device/LPC17xx/FreeRTOS_lpc17xx_i2c.o
 *fill*         0x10003dcf        0x1 
 .bss.xDataDirection
                0x10003dd0        0x3 ./Source/FreeRTOSV8.2.3-Products/FreeRTOS-Plus-IO/Device/LPC17xx/FreeRTOS_lpc17xx_i2c.o
 *fill*         0x10003dd3        0x1 
 .bss.pxTxTransferControlStructs
                0x10003dd4        0x8 ./Source/FreeRTOSV8.2.3-Products/FreeRTOS-Plus-IO/Device/LPC17xx/FreeRTOS_lpc17xx_ssp.o
 .bss.pxRxTransferControlStructs
                0x10003ddc        0x8 ./Source/FreeRTOSV8.2.3-Products/FreeRTOS-Plus-IO/Device/LPC17xx/FreeRTOS_lpc17xx_ssp.o
 .bss.ulReceiveActive
                0x10003de4        0x8 ./Source/FreeRTOSV8.2.3-Products/FreeRTOS-Plus-IO/Device/LPC17xx/FreeRTOS_lpc17xx_ssp.o
 .bss.pxTxTransferControlStructs
                0x10003dec       0x10 ./Source/FreeRTOSV8.2.3-Products/FreeRTOS-Plus-IO/Device/LPC17xx/FreeRTOS_lpc17xx_uart.o
 .bss.pxRxTransferControlStructs
                0x10003dfc       0x10 ./Source/FreeRTOSV8.2.3-Products/FreeRTOS-Plus-IO/Device/LPC17xx/FreeRTOS_lpc17xx_uart.o
 .bss.ecmBrake  0x10003e0c        0x1 ./Source/ETCS/Control_Task/Control_Task.o
                0x10003e0c                ecmBrake
 .bss.ecmAccelerate
                0x10003e0d        0x1 ./Source/ETCS/Control_Task/Control_Task.o
                0x10003e0d                ecmAccelerate
 .bss.ecmStatusBrake
                0x10003e0e        0x1 ./Source/ETCS/Control_Task/Control_Task.o
                0x10003e0e                ecmStatusBrake
 .bss.ecmStatusAccelerator
                0x10003e0f        0x1 ./Source/ETCS/Control_Task/Control_Task.o
                0x10003e0f                ecmStatusAccelerator
 .bss.ulClocksPer10thOfAMilliSecond
                0x10003e10        0x4 ./Source/main.o
 .bss._extra    0x10003e14        0x4 /usr/local/lpcxpresso_8.2.2_650/lpcxpresso/tools/bin/../lib/gcc/arm-none-eabi/5.4.1/../../../../arm-none-eabi/lib/armv7-m/libcr_c.a(initio.o)
                0x10003e14                _extra
 .bss.__Ciob    0x10003e18      0x140 /usr/local/lpcxpresso_8.2.2_650/lpcxpresso/tools/bin/../lib/gcc/arm-none-eabi/5.4.1/../../../../arm-none-eabi/lib/armv7-m/libcr_c.a(stdio.o)
                0x10003e18                __Ciob
 .bss.__heaps   0x10003f58        0x4 /usr/local/lpcxpresso_8.2.2_650/lpcxpresso/tools/bin/../lib/gcc/arm-none-eabi/5.4.1/../../../../arm-none-eabi/lib/armv7-m/libcr_c.a(__init_alloc.o)
                0x10003f58                __heaps
 .bss.__end_of_heap
                0x10003f5c        0x4 /usr/local/lpcxpresso_8.2.2_650/lpcxpresso/tools/bin/../lib/gcc/arm-none-eabi/5.4.1/../../../../arm-none-eabi/lib/armv7-m/libcr_c.a(__init_alloc.o)
                0x10003f5c                __end_of_heap
 .bss.errno     0x10003f60        0x4 /usr/local/lpcxpresso_8.2.2_650/lpcxpresso/tools/bin/../lib/gcc/arm-none-eabi/5.4.1/../../../../arm-none-eabi/lib/armv7-m/libcr_c.a(errno.o)
                0x10003f60                errno
 *(COMMON)
 COMMON         0x10003f64       0x50 ./Source/FreeRTOSV8.2.3-Products/FreeRTOS/Source/queue.o
                0x10003f64                xQueueRegistry
                0x10003fb4                . = ALIGN (0x4)
                0x10003fb4                _ebss = .
                [!provide]                PROVIDE (end, .)

.noinit_RAM2    0x2007c000        0x0
 *(.noinit.$RAM2*)
 *(.noinit.$RamAHB32*)
                0x2007c000                . = ALIGN (0x4)

.noinit         0x10003fb4        0x0
                0x10003fb4                _noinit = .
 *(.noinit*)
                0x10003fb4                . = ALIGN (0x4)
                0x10003fb4                _end_noinit = .
                0x10003fb4                PROVIDE (_pvHeapStart, DEFINED (__user_heap_base)?__user_heap_base:.)
                0x10008000                PROVIDE (_vStackTop, DEFINED (__user_stack_top)?__user_stack_top:(__top_RamLoc32 - 0x0))
                [!provide]                PROVIDE (__valid_user_code_checksum, (0x0 - ((((((_vStackTop + (ResetISR + 0x1)) + (NMI_Handler + 0x1)) + (HardFault_Handler + 0x1)) + (DEFINED (MemManage_Handler)?MemManage_Handler:0x0 + 0x1)) + (DEFINED (BusFault_Handler)?BusFault_Handler:0x0 + 0x1)) + (DEFINED (UsageFault_Handler)?UsageFault_Handler:0x0 + 0x1))))
OUTPUT(FreeRTOS-Toyota-Model.axf elf32-littlearm)

.debug_info     0x00000000     0xf9fd
 .debug_info    0x00000000      0x3f9 ./Source/Infotainment/Infotainment-UART-Console.o
 .debug_info    0x000003f9      0x3c5 ./Source/FreeRTOSV8.2.3-Products/FreeRTOS/Source/portable/MemMang/heap_2.o
 .debug_info    0x000007be      0x3fb ./Source/FreeRTOSV8.2.3-Products/FreeRTOS/Source/portable/GCC/ARM_CM3/port.o
 .debug_info    0x00000bb9      0x2df ./Source/FreeRTOSV8.2.3-Products/FreeRTOS/Source/list.o
 .debug_info    0x00000e98      0xd52 ./Source/FreeRTOSV8.2.3-Products/FreeRTOS/Source/queue.o
 .debug_info    0x00001bea     0x1870 ./Source/FreeRTOSV8.2.3-Products/FreeRTOS/Source/tasks.o
 .debug_info    0x0000345a      0x918 ./Source/FreeRTOSV8.2.3-Products/FreeRTOS/Source/timers.o
 .debug_info    0x00003d72      0x6a2 ./Source/FreeRTOSV8.2.3-Products/FreeRTOS-Plus-IO/Include/IOUtils_TaskNotificationBasedRx.o
 .debug_info    0x00004414      0x312 ./Source/FreeRTOSV8.2.3-Products/FreeRTOS-Plus-IO/Device/LPC17xx/FreeRTOS_lpc17xx_DriverInterface.o
 .debug_info    0x00004726      0xa39 ./Source/FreeRTOSV8.2.3-Products/FreeRTOS-Plus-IO/Device/LPC17xx/FreeRTOS_lpc17xx_i2c.o
 .debug_info    0x0000515f     0x10ab ./Source/FreeRTOSV8.2.3-Products/FreeRTOS-Plus-IO/Device/LPC17xx/FreeRTOS_lpc17xx_ssp.o
 .debug_info    0x0000620a     0x14e1 ./Source/FreeRTOSV8.2.3-Products/FreeRTOS-Plus-IO/Device/LPC17xx/FreeRTOS_lpc17xx_uart.o
 .debug_info    0x000076eb      0x7a3 ./Source/FreeRTOSV8.2.3-Products/FreeRTOS-Plus-IO/Common/FreeRTOS_DriverInterface.o
 .debug_info    0x00007e8e      0x372 ./Source/FreeRTOSV8.2.3-Products/FreeRTOS-Plus-IO/Common/FreeRTOS_IOUtils.o
 .debug_info    0x00008200      0x623 ./Source/FreeRTOSV8.2.3-Products/FreeRTOS-Plus-IO/Common/IOUtils_CharQueueTxAndRx.o
 .debug_info    0x00008823      0x4db ./Source/FreeRTOSV8.2.3-Products/FreeRTOS-Plus-IO/Common/IOUtils_CircularBufferRx.o
 .debug_info    0x00008cfe      0x44b ./Source/FreeRTOSV8.2.3-Products/FreeRTOS-Plus-IO/Common/IOUtils_ZeroCopyTx.o
 .debug_info    0x00009149      0x22f ./Source/ETCS/Control_Task/Control_Task.o
 .debug_info    0x00009378      0x317 ./Source/ETCS/Brake_Task/Brake.o
 .debug_info    0x0000968f      0x317 ./Source/ETCS/Acc_Task/Accelerate.o
 .debug_info    0x000099a6      0x185 ./Source/Display/Display.o
 .debug_info    0x00009b2b      0x250 ./Source/cr_startup_lpc175x_6x.o
 .debug_info    0x00009d7b      0x4a6 ./Source/main.o
 .debug_info    0x0000a221      0x110 ./Source/sysinit.o
 .debug_info    0x0000a331     0x157c /home/desd/clabsarjsau/PROJECT_DATA/Workspace_5_toyota/lpc_board_nxp_lpcxpresso_1769/Debug/liblpc_board_nxp_lpcxpresso_1769.a(board.o)
 .debug_info    0x0000b8ad      0x591 /home/desd/clabsarjsau/PROJECT_DATA/Workspace_5_toyota/lpc_board_nxp_lpcxpresso_1769/Debug/liblpc_board_nxp_lpcxpresso_1769.a(board_sysinit.o)
 .debug_info    0x0000be3e      0xb62 /home/desd/clabsarjsau/PROJECT_DATA/Workspace_5_toyota/lpc_chip_175x_6x/Debug/liblpc_chip_175x_6x.a(clock_17xx_40xx.o)
 .debug_info    0x0000c9a0      0xe70 /home/desd/clabsarjsau/PROJECT_DATA/Workspace_5_toyota/lpc_chip_175x_6x/Debug/liblpc_chip_175x_6x.a(i2c_17xx_40xx.o)
 .debug_info    0x0000d810      0x2e9 /home/desd/clabsarjsau/PROJECT_DATA/Workspace_5_toyota/lpc_chip_175x_6x/Debug/liblpc_chip_175x_6x.a(iocon_17xx_40xx.o)
 .debug_info    0x0000daf9      0xbf1 /home/desd/clabsarjsau/PROJECT_DATA/Workspace_5_toyota/lpc_chip_175x_6x/Debug/liblpc_chip_175x_6x.a(ssp_17xx_40xx.o)
 .debug_info    0x0000e6ea      0x439 /home/desd/clabsarjsau/PROJECT_DATA/Workspace_5_toyota/lpc_chip_175x_6x/Debug/liblpc_chip_175x_6x.a(sysinit_17xx_40xx.o)
 .debug_info    0x0000eb23      0xeda /home/desd/clabsarjsau/PROJECT_DATA/Workspace_5_toyota/lpc_chip_175x_6x/Debug/liblpc_chip_175x_6x.a(uart_17xx_40xx.o)

.debug_abbrev   0x00000000     0x35a3
 .debug_abbrev  0x00000000      0x113 ./Source/Infotainment/Infotainment-UART-Console.o
 .debug_abbrev  0x00000113      0x1b2 ./Source/FreeRTOSV8.2.3-Products/FreeRTOS/Source/portable/MemMang/heap_2.o
 .debug_abbrev  0x000002c5      0x1e1 ./Source/FreeRTOSV8.2.3-Products/FreeRTOS/Source/portable/GCC/ARM_CM3/port.o
 .debug_abbrev  0x000004a6       0xec ./Source/FreeRTOSV8.2.3-Products/FreeRTOS/Source/list.o
 .debug_abbrev  0x00000592      0x1cc ./Source/FreeRTOSV8.2.3-Products/FreeRTOS/Source/queue.o
 .debug_abbrev  0x0000075e      0x29d ./Source/FreeRTOSV8.2.3-Products/FreeRTOS/Source/tasks.o
 .debug_abbrev  0x000009fb      0x1ca ./Source/FreeRTOSV8.2.3-Products/FreeRTOS/Source/timers.o
 .debug_abbrev  0x00000bc5      0x195 ./Source/FreeRTOSV8.2.3-Products/FreeRTOS-Plus-IO/Include/IOUtils_TaskNotificationBasedRx.o
 .debug_abbrev  0x00000d5a      0x101 ./Source/FreeRTOSV8.2.3-Products/FreeRTOS-Plus-IO/Device/LPC17xx/FreeRTOS_lpc17xx_DriverInterface.o
 .debug_abbrev  0x00000e5b      0x1c2 ./Source/FreeRTOSV8.2.3-Products/FreeRTOS-Plus-IO/Device/LPC17xx/FreeRTOS_lpc17xx_i2c.o
 .debug_abbrev  0x0000101d      0x277 ./Source/FreeRTOSV8.2.3-Products/FreeRTOS-Plus-IO/Device/LPC17xx/FreeRTOS_lpc17xx_ssp.o
 .debug_abbrev  0x00001294      0x2df ./Source/FreeRTOSV8.2.3-Products/FreeRTOS-Plus-IO/Device/LPC17xx/FreeRTOS_lpc17xx_uart.o
 .debug_abbrev  0x00001573      0x15f ./Source/FreeRTOSV8.2.3-Products/FreeRTOS-Plus-IO/Common/FreeRTOS_DriverInterface.o
 .debug_abbrev  0x000016d2       0xe4 ./Source/FreeRTOSV8.2.3-Products/FreeRTOS-Plus-IO/Common/FreeRTOS_IOUtils.o
 .debug_abbrev  0x000017b6      0x135 ./Source/FreeRTOSV8.2.3-Products/FreeRTOS-Plus-IO/Common/IOUtils_CharQueueTxAndRx.o
 .debug_abbrev  0x000018eb      0x135 ./Source/FreeRTOSV8.2.3-Products/FreeRTOS-Plus-IO/Common/IOUtils_CircularBufferRx.o
 .debug_abbrev  0x00001a20      0x101 ./Source/FreeRTOSV8.2.3-Products/FreeRTOS-Plus-IO/Common/IOUtils_ZeroCopyTx.o
 .debug_abbrev  0x00001b21       0xe6 ./Source/ETCS/Control_Task/Control_Task.o
 .debug_abbrev  0x00001c07      0x16d ./Source/ETCS/Brake_Task/Brake.o
 .debug_abbrev  0x00001d74      0x16d ./Source/ETCS/Acc_Task/Accelerate.o
 .debug_abbrev  0x00001ee1      0x100 ./Source/Display/Display.o
 .debug_abbrev  0x00001fe1       0xf5 ./Source/cr_startup_lpc175x_6x.o
 .debug_abbrev  0x000020d6      0x1b2 ./Source/main.o
 .debug_abbrev  0x00002288       0xa3 ./Source/sysinit.o
 .debug_abbrev  0x0000232b      0x3a7 /home/desd/clabsarjsau/PROJECT_DATA/Workspace_5_toyota/lpc_board_nxp_lpcxpresso_1769/Debug/liblpc_board_nxp_lpcxpresso_1769.a(board.o)
 .debug_abbrev  0x000026d2      0x15c /home/desd/clabsarjsau/PROJECT_DATA/Workspace_5_toyota/lpc_board_nxp_lpcxpresso_1769/Debug/liblpc_board_nxp_lpcxpresso_1769.a(board_sysinit.o)
 .debug_abbrev  0x0000282e      0x2ec /home/desd/clabsarjsau/PROJECT_DATA/Workspace_5_toyota/lpc_chip_175x_6x/Debug/liblpc_chip_175x_6x.a(clock_17xx_40xx.o)
 .debug_abbrev  0x00002b1a      0x2ae /home/desd/clabsarjsau/PROJECT_DATA/Workspace_5_toyota/lpc_chip_175x_6x/Debug/liblpc_chip_175x_6x.a(i2c_17xx_40xx.o)
 .debug_abbrev  0x00002dc8      0x126 /home/desd/clabsarjsau/PROJECT_DATA/Workspace_5_toyota/lpc_chip_175x_6x/Debug/liblpc_chip_175x_6x.a(iocon_17xx_40xx.o)
 .debug_abbrev  0x00002eee      0x258 /home/desd/clabsarjsau/PROJECT_DATA/Workspace_5_toyota/lpc_chip_175x_6x/Debug/liblpc_chip_175x_6x.a(ssp_17xx_40xx.o)
 .debug_abbrev  0x00003146      0x175 /home/desd/clabsarjsau/PROJECT_DATA/Workspace_5_toyota/lpc_chip_175x_6x/Debug/liblpc_chip_175x_6x.a(sysinit_17xx_40xx.o)
 .debug_abbrev  0x000032bb      0x2e8 /home/desd/clabsarjsau/PROJECT_DATA/Workspace_5_toyota/lpc_chip_175x_6x/Debug/liblpc_chip_175x_6x.a(uart_17xx_40xx.o)

.debug_aranges  0x00000000     0x1000
 .debug_aranges
                0x00000000       0x28 ./Source/Infotainment/Infotainment-UART-Console.o
 .debug_aranges
                0x00000028       0x40 ./Source/FreeRTOSV8.2.3-Products/FreeRTOS/Source/portable/MemMang/heap_2.o
 .debug_aranges
                0x00000068       0x90 ./Source/FreeRTOSV8.2.3-Products/FreeRTOS/Source/portable/GCC/ARM_CM3/port.o
 .debug_aranges
                0x000000f8       0x40 ./Source/FreeRTOSV8.2.3-Products/FreeRTOS/Source/list.o
 .debug_aranges
                0x00000138      0x108 ./Source/FreeRTOSV8.2.3-Products/FreeRTOS/Source/queue.o
 .debug_aranges
                0x00000240      0x1e0 ./Source/FreeRTOSV8.2.3-Products/FreeRTOS/Source/tasks.o
 .debug_aranges
                0x00000420       0x98 ./Source/FreeRTOSV8.2.3-Products/FreeRTOS/Source/timers.o
 .debug_aranges
                0x000004b8       0x30 ./Source/FreeRTOSV8.2.3-Products/FreeRTOS-Plus-IO/Include/IOUtils_TaskNotificationBasedRx.o
 .debug_aranges
                0x000004e8       0x20 ./Source/FreeRTOSV8.2.3-Products/FreeRTOS-Plus-IO/Device/LPC17xx/FreeRTOS_lpc17xx_DriverInterface.o
 .debug_aranges
                0x00000508       0x40 ./Source/FreeRTOSV8.2.3-Products/FreeRTOS-Plus-IO/Device/LPC17xx/FreeRTOS_lpc17xx_i2c.o
 .debug_aranges
                0x00000548       0x98 ./Source/FreeRTOSV8.2.3-Products/FreeRTOS-Plus-IO/Device/LPC17xx/FreeRTOS_lpc17xx_ssp.o
 .debug_aranges
                0x000005e0       0x98 ./Source/FreeRTOSV8.2.3-Products/FreeRTOS-Plus-IO/Device/LPC17xx/FreeRTOS_lpc17xx_uart.o
 .debug_aranges
                0x00000678       0x28 ./Source/FreeRTOSV8.2.3-Products/FreeRTOS-Plus-IO/Common/FreeRTOS_DriverInterface.o
 .debug_aranges
                0x000006a0       0x20 ./Source/FreeRTOSV8.2.3-Products/FreeRTOS-Plus-IO/Common/FreeRTOS_IOUtils.o
 .debug_aranges
                0x000006c0       0x50 ./Source/FreeRTOSV8.2.3-Products/FreeRTOS-Plus-IO/Common/IOUtils_CharQueueTxAndRx.o
 .debug_aranges
                0x00000710       0x38 ./Source/FreeRTOSV8.2.3-Products/FreeRTOS-Plus-IO/Common/IOUtils_CircularBufferRx.o
 .debug_aranges
                0x00000748       0x30 ./Source/FreeRTOSV8.2.3-Products/FreeRTOS-Plus-IO/Common/IOUtils_ZeroCopyTx.o
 .debug_aranges
                0x00000778       0x28 ./Source/ETCS/Control_Task/Control_Task.o
 .debug_aranges
                0x000007a0       0x50 ./Source/ETCS/Brake_Task/Brake.o
 .debug_aranges
                0x000007f0       0x50 ./Source/ETCS/Acc_Task/Accelerate.o
 .debug_aranges
                0x00000840       0x28 ./Source/Display/Display.o
 .debug_aranges
                0x00000868       0x80 ./Source/cr_startup_lpc175x_6x.o
 .debug_aranges
                0x000008e8       0x48 ./Source/main.o
 .debug_aranges
                0x00000930       0x20 ./Source/sysinit.o
 .debug_aranges
                0x00000950      0x1a0 /home/desd/clabsarjsau/PROJECT_DATA/Workspace_5_toyota/lpc_board_nxp_lpcxpresso_1769/Debug/liblpc_board_nxp_lpcxpresso_1769.a(board.o)
 .debug_aranges
                0x00000af0       0x38 /home/desd/clabsarjsau/PROJECT_DATA/Workspace_5_toyota/lpc_board_nxp_lpcxpresso_1769/Debug/liblpc_board_nxp_lpcxpresso_1769.a(board_sysinit.o)
 .debug_aranges
                0x00000b28      0x120 /home/desd/clabsarjsau/PROJECT_DATA/Workspace_5_toyota/lpc_chip_175x_6x/Debug/liblpc_chip_175x_6x.a(clock_17xx_40xx.o)
 .debug_aranges
                0x00000c48      0x118 /home/desd/clabsarjsau/PROJECT_DATA/Workspace_5_toyota/lpc_chip_175x_6x/Debug/liblpc_chip_175x_6x.a(i2c_17xx_40xx.o)
 .debug_aranges
                0x00000d60       0x30 /home/desd/clabsarjsau/PROJECT_DATA/Workspace_5_toyota/lpc_chip_175x_6x/Debug/liblpc_chip_175x_6x.a(iocon_17xx_40xx.o)
 .debug_aranges
                0x00000d90       0xe8 /home/desd/clabsarjsau/PROJECT_DATA/Workspace_5_toyota/lpc_chip_175x_6x/Debug/liblpc_chip_175x_6x.a(ssp_17xx_40xx.o)
 .debug_aranges
                0x00000e78       0x60 /home/desd/clabsarjsau/PROJECT_DATA/Workspace_5_toyota/lpc_chip_175x_6x/Debug/liblpc_chip_175x_6x.a(sysinit_17xx_40xx.o)
 .debug_aranges
                0x00000ed8      0x128 /home/desd/clabsarjsau/PROJECT_DATA/Workspace_5_toyota/lpc_chip_175x_6x/Debug/liblpc_chip_175x_6x.a(uart_17xx_40xx.o)

.debug_ranges   0x00000000      0xec8
 .debug_ranges  0x00000000       0x18 ./Source/Infotainment/Infotainment-UART-Console.o
 .debug_ranges  0x00000018       0x30 ./Source/FreeRTOSV8.2.3-Products/FreeRTOS/Source/portable/MemMang/heap_2.o
 .debug_ranges  0x00000048       0x80 ./Source/FreeRTOSV8.2.3-Products/FreeRTOS/Source/portable/GCC/ARM_CM3/port.o
 .debug_ranges  0x000000c8       0x30 ./Source/FreeRTOSV8.2.3-Products/FreeRTOS/Source/list.o
 .debug_ranges  0x000000f8       0xf8 ./Source/FreeRTOSV8.2.3-Products/FreeRTOS/Source/queue.o
 .debug_ranges  0x000001f0      0x1d0 ./Source/FreeRTOSV8.2.3-Products/FreeRTOS/Source/tasks.o
 .debug_ranges  0x000003c0       0x88 ./Source/FreeRTOSV8.2.3-Products/FreeRTOS/Source/timers.o
 .debug_ranges  0x00000448       0x20 ./Source/FreeRTOSV8.2.3-Products/FreeRTOS-Plus-IO/Include/IOUtils_TaskNotificationBasedRx.o
 .debug_ranges  0x00000468       0x10 ./Source/FreeRTOSV8.2.3-Products/FreeRTOS-Plus-IO/Device/LPC17xx/FreeRTOS_lpc17xx_DriverInterface.o
 .debug_ranges  0x00000478       0x30 ./Source/FreeRTOSV8.2.3-Products/FreeRTOS-Plus-IO/Device/LPC17xx/FreeRTOS_lpc17xx_i2c.o