Archive member included to satisfy reference by file (symbol)

/home/desd/clabsarjsau/PROJECT_DATA/Workspace_2/lpc_board_nxp_lpcxpresso_1769/Debug/liblpc_board_nxp_lpcxpresso_1769.a(board.o)
                              ./Source/Examples/GPIO/GPIO_LPC.o (Board_LED_Toggle)
/home/desd/clabsarjsau/PROJECT_DATA/Workspace_2/lpc_board_nxp_lpcxpresso_1769/Debug/liblpc_board_nxp_lpcxpresso_1769.a(board_sysinit.o)
                              ./Source/sysinit.o (Board_SystemInit)
/home/desd/clabsarjsau/PROJECT_DATA/Workspace_2/lpc_chip_175x_6x/Debug/liblpc_chip_175x_6x.a(clock_17xx_40xx.o)
                              /home/desd/clabsarjsau/PROJECT_DATA/Workspace_2/lpc_board_nxp_lpcxpresso_1769/Debug/liblpc_board_nxp_lpcxpresso_1769.a(board.o) (Chip_Clock_EnablePeriphClock)
/home/desd/clabsarjsau/PROJECT_DATA/Workspace_2/lpc_chip_175x_6x/Debug/liblpc_chip_175x_6x.a(i2c_17xx_40xx.o)
                              ./Source/FreeRTOSV8.2.3-Products/FreeRTOS-Plus-IO/Device/LPC17xx/FreeRTOS_lpc17xx_i2c.o (Chip_I2C_EventHandlerPolling)
/home/desd/clabsarjsau/PROJECT_DATA/Workspace_2/lpc_chip_175x_6x/Debug/liblpc_chip_175x_6x.a(i2s_17xx_40xx.o)
                              /home/desd/clabsarjsau/PROJECT_DATA/Workspace_2/lpc_board_nxp_lpcxpresso_1769/Debug/liblpc_board_nxp_lpcxpresso_1769.a(board.o) (Chip_I2S_Init)
/home/desd/clabsarjsau/PROJECT_DATA/Workspace_2/lpc_chip_175x_6x/Debug/liblpc_chip_175x_6x.a(iocon_17xx_40xx.o)
                              ./Source/FreeRTOSV8.2.3-Products/FreeRTOS-Plus-IO/Device/LPC17xx/FreeRTOS_lpc17xx_i2c.o (Chip_IOCON_PinMuxSet)
/home/desd/clabsarjsau/PROJECT_DATA/Workspace_2/lpc_chip_175x_6x/Debug/liblpc_chip_175x_6x.a(ssp_17xx_40xx.o)
                              ./Source/FreeRTOSV8.2.3-Products/FreeRTOS-Plus-IO/Device/LPC17xx/FreeRTOS_lpc17xx_ssp.o (Chip_SSP_RWFrames_Blocking)
/home/desd/clabsarjsau/PROJECT_DATA/Workspace_2/lpc_chip_175x_6x/Debug/liblpc_chip_175x_6x.a(sysinit_17xx_40xx.o)
                              /home/desd/clabsarjsau/PROJECT_DATA/Workspace_2/lpc_board_nxp_lpcxpresso_1769/Debug/liblpc_board_nxp_lpcxpresso_1769.a(board_sysinit.o) (Chip_SetupXtalClocking)
/home/desd/clabsarjsau/PROJECT_DATA/Workspace_2/lpc_chip_175x_6x/Debug/liblpc_chip_175x_6x.a(timer_17xx_40xx.o)
                              ./Source/UltraSonic_GPIO/level.o (Chip_TIMER_Init)
/home/desd/clabsarjsau/PROJECT_DATA/Workspace_2/lpc_chip_175x_6x/Debug/liblpc_chip_175x_6x.a(uart_17xx_40xx.o)
                              ./Source/FreeRTOSV8.2.3-Products/FreeRTOS-Plus-IO/Device/LPC17xx/FreeRTOS_lpc17xx_uart.o (Chip_UART_Init)
/home/desd/clabsarjsau/PROJECT_DATA/Workspace_2/lpc_chip_175x_6x/Debug/liblpc_chip_175x_6x.a(ring_buffer.o)
                              /home/desd/clabsarjsau/PROJECT_DATA/Workspace_2/lpc_chip_175x_6x/Debug/liblpc_chip_175x_6x.a(uart_17xx_40xx.o) (RingBuffer_Insert)
/usr/local/lpcxpresso_8.2.2_650/lpcxpresso/tools/bin/../lib/gcc/arm-none-eabi/5.4.1/../../../../arm-none-eabi/lib/armv7-m/libcr_nohost.a(_cr__main.o)
                              ./Source/cr_startup_lpc175x_6x.o (__main)
/usr/local/lpcxpresso_8.2.2_650/lpcxpresso/tools/bin/../lib/gcc/arm-none-eabi/5.4.1/../../../../arm-none-eabi/lib/armv7-m/libcr_c.a(memcpy.o)
                              ./Source/FreeRTOSV8.2.3-Products/FreeRTOS/Source/queue.o (memcpy)
/usr/local/lpcxpresso_8.2.2_650/lpcxpresso/tools/bin/../lib/gcc/arm-none-eabi/5.4.1/../../../../arm-none-eabi/lib/armv7-m/libcr_c.a(memset.o)
                              ./Source/FreeRTOSV8.2.3-Products/FreeRTOS/Source/tasks.o (memset)
/usr/local/lpcxpresso_8.2.2_650/lpcxpresso/tools/bin/../lib/gcc/arm-none-eabi/5.4.1/../../../../arm-none-eabi/lib/armv7-m/libcr_c.a(initio.o)
                              /usr/local/lpcxpresso_8.2.2_650/lpcxpresso/tools/bin/../lib/gcc/arm-none-eabi/5.4.1/../../../../arm-none-eabi/lib/armv7-m/libcr_nohost.a(_cr__main.o) (_initio)
/usr/local/lpcxpresso_8.2.2_650/lpcxpresso/tools/bin/../lib/gcc/arm-none-eabi/5.4.1/../../../../arm-none-eabi/lib/armv7-m/libcr_c.a(scanf.o)
                              ./Source/Examples/UART/CLI-commands.o (atol)
/usr/local/lpcxpresso_8.2.2_650/lpcxpresso/tools/bin/../lib/gcc/arm-none-eabi/5.4.1/../../../../arm-none-eabi/lib/armv7-m/libcr_c.a(setvbuf.o)
                              /usr/local/lpcxpresso_8.2.2_650/lpcxpresso/tools/bin/../lib/gcc/arm-none-eabi/5.4.1/../../../../arm-none-eabi/lib/armv7-m/libcr_c.a(initio.o) (setvbuf)
/usr/local/lpcxpresso_8.2.2_650/lpcxpresso/tools/bin/../lib/gcc/arm-none-eabi/5.4.1/../../../../arm-none-eabi/lib/armv7-m/libcr_c.a(stdio.o)
                              /usr/local/lpcxpresso_8.2.2_650/lpcxpresso/tools/bin/../lib/gcc/arm-none-eabi/5.4.1/../../../../arm-none-eabi/lib/armv7-m/libcr_c.a(initio.o) (__Ciob)
/usr/local/lpcxpresso_8.2.2_650/lpcxpresso/tools/bin/../lib/gcc/arm-none-eabi/5.4.1/../../../../arm-none-eabi/lib/armv7-m/libcr_c.a(strcmp.o)
[...]
Memory Configuration

Name             Origin             Length             Attributes
MFlash512        0x00000000         0x00080000         xr
RamLoc32         0x10000000         0x00008000         xrw
RamAHB32         0x2007c000         0x00008000         xrw
*default*        0x00000000         0xffffffff

Linker script and memory map

LOAD ./Source/UltraSonic_GPIO/level.o
LOAD ./Source/FreeRTOSV8.2.3-Products/FreeRTOS/Source/portable/MemMang/heap_2.o
LOAD ./Source/FreeRTOSV8.2.3-Products/FreeRTOS/Source/portable/GCC/ARM_CM3/port.o
LOAD ./Source/FreeRTOSV8.2.3-Products/FreeRTOS/Source/croutine.o
LOAD ./Source/FreeRTOSV8.2.3-Products/FreeRTOS/Source/event_groups.o
LOAD ./Source/FreeRTOSV8.2.3-Products/FreeRTOS/Source/list.o
LOAD ./Source/FreeRTOSV8.2.3-Products/FreeRTOS/Source/queue.o
LOAD ./Source/FreeRTOSV8.2.3-Products/FreeRTOS/Source/tasks.o
LOAD ./Source/FreeRTOSV8.2.3-Products/FreeRTOS/Source/timers.o
LOAD ./Source/FreeRTOSV8.2.3-Products/FreeRTOS-Plus-IO/Include/IOUtils_TaskNotificationBasedRx.o
LOAD ./Source/FreeRTOSV8.2.3-Products/FreeRTOS-Plus-IO/Device/LPC17xx/FreeRTOS_lpc17xx_DriverInterface.o
LOAD ./Source/FreeRTOSV8.2.3-Products/FreeRTOS-Plus-IO/Device/LPC17xx/FreeRTOS_lpc17xx_i2c.o
LOAD ./Source/FreeRTOSV8.2.3-Products/FreeRTOS-Plus-IO/Device/LPC17xx/FreeRTOS_lpc17xx_ssp.o
LOAD ./Source/FreeRTOSV8.2.3-Products/FreeRTOS-Plus-IO/Device/LPC17xx/FreeRTOS_lpc17xx_uart.o
LOAD ./Source/FreeRTOSV8.2.3-Products/FreeRTOS-Plus-IO/Common/FreeRTOS_DriverInterface.o
LOAD ./Source/FreeRTOSV8.2.3-Products/FreeRTOS-Plus-IO/Common/FreeRTOS_IOUtils.o
LOAD ./Source/FreeRTOSV8.2.3-Products/FreeRTOS-Plus-IO/Common/IOUtils_CharQueueTxAndRx.o
LOAD ./Source/FreeRTOSV8.2.3-Products/FreeRTOS-Plus-IO/Common/IOUtils_CircularBufferRx.o
LOAD ./Source/FreeRTOSV8.2.3-Products/FreeRTOS-Plus-IO/Common/IOUtils_ZeroCopyTx.o
LOAD ./Source/FreeRTOSV8.2.3-Products/FreeRTOS-Plus-CLI/FreeRTOS_CLI.o
LOAD ./Source/Examples/UART/CLI-commands.o
LOAD ./Source/Examples/UART/UART-Console.o
LOAD ./Source/Examples/UART/UART-interrupt-driven-command-console.o
LOAD ./Source/Examples/UART/UART-operation-modes-test.o
LOAD ./Source/Examples/I2C/I2C-Temperature-Read.o
LOAD ./Source/Examples/I2C/I2C-myModule.o
LOAD ./Source/Examples/I2C/I2C-to-OLED.o
LOAD ./Source/Examples/I2C/I2C-to-and-from-EEPROM.o
LOAD ./Source/Examples/I2C/font5x7.o
LOAD ./Source/Examples/I2C/oled.o
LOAD ./Source/Examples/GPIO/GPIO-output-and-software-timers.o
LOAD ./Source/Examples/GPIO/GPIO_LPC.o
LOAD ./Source/Control_Task/Control_Task.o
LOAD ./Source/cr_startup_lpc175x_6x.o
LOAD ./Source/main.o
LOAD ./Source/printf-stdarg.o
LOAD ./Source/sysinit.o
LOAD /home/desd/clabsarjsau/PROJECT_DATA/Workspace_2/lpc_board_nxp_lpcxpresso_1769/Debug/liblpc_board_nxp_lpcxpresso_1769.a
LOAD /home/desd/clabsarjsau/PROJECT_DATA/Workspace_2/lpc_chip_175x_6x/Debug/liblpc_chip_175x_6x.a
LOAD /home/desd/clabsarjsau/PROJECT_DATA/Workspace_2/lpc_board_nxp_lpcxpresso_1769/Debug/liblpc_board_nxp_lpcxpresso_1769.a
START GROUP
LOAD /usr/local/lpcxpresso_8.2.2_650/lpcxpresso/tools/bin/../lib/gcc/arm-none-eabi/5.4.1/../../../../arm-none-eabi/lib/armv7-m/libcr_nohost.a
LOAD /usr/local/lpcxpresso_8.2.2_650/lpcxpresso/tools/bin/../lib/gcc/arm-none-eabi/5.4.1/../../../../arm-none-eabi/lib/armv7-m/libcr_c.a
LOAD /usr/local/lpcxpresso_8.2.2_650/lpcxpresso/tools/bin/../lib/gcc/arm-none-eabi/5.4.1/armv7-m/libcr_eabihelpers.a
END GROUP
                0x00000000                __base_MFlash512 = 0x0
                0x00000000                __base_Flash = 0x0
                0x00080000                __top_MFlash512 = 0x80000
                0x00080000                __top_Flash = 0x80000
                0x10000000                __base_RamLoc32 = 0x10000000
                0x10000000                __base_RAM = 0x10000000
                0x10008000                __top_RamLoc32 = 0x10008000
                0x10008000                __top_RAM = 0x10008000
                0x2007c000                __base_RamAHB32 = 0x2007c000
                0x2007c000                __base_RAM2 = 0x2007c000
                0x20084000                __top_RamAHB32 = 0x20084000
                0x20084000                __top_RAM2 = 0x20084000

.text           0x00000000     0x7f74
 FILL mask 0xff
                0x00000000                __vectors_start__ = ABSOLUTE (.)
 *(.isr_vector)
 .isr_vector    0x00000000       0xcc ./Source/cr_startup_lpc175x_6x.o
                0x00000000                g_pfnVectors
                0x000000cc                . = ALIGN (0x4)
                0x000000cc                __section_table_start = .
                0x000000cc                __data_section_table = .
                0x000000cc        0x4 LONG 0x7f74 LOADADDR (.data)
                0x000000d0        0x4 LONG 0x10000000 ADDR (.data)
                0x000000d4        0x4 LONG 0x5c SIZEOF (.data)
                0x000000d8        0x4 LONG 0x7f74 LOADADDR (.data_RAM2)
                0x000000dc        0x4 LONG 0x2007c000 ADDR (.data_RAM2)
                0x000000e0        0x4 LONG 0x0 SIZEOF (.data_RAM2)
                0x000000e4                __data_section_table_end = .
                0x000000e4                __bss_section_table = .
                0x000000e4        0x4 LONG 0x1000005c ADDR (.bss)
                0x000000e8        0x4 LONG 0x3f64 SIZEOF (.bss)
                0x000000ec        0x4 LONG 0x2007c000 ADDR (.bss_RAM2)
                0x000000f0        0x4 LONG 0x0 SIZEOF (.bss_RAM2)
                0x000000f4                __bss_section_table_end = .
                0x000000f4                __section_table_end = .
 *(.after_vectors*)
 .after_vectors
                0x000000f4      0x144 ./Source/cr_startup_lpc175x_6x.o
                0x000000f4                data_init
                0x00000138                bss_init
                0x00000170                ResetISR
                0x000001e8                NMI_Handler
                0x000001f0                HardFault_Handler
                0x000001f8                MemManage_Handler
                0x00000200                BusFault_Handler
                0x00000208                UsageFault_Handler
                0x00000218                DebugMon_Handler
                0x00000230                TIMER2_IRQHandler
                0x00000230                RIT_IRQHandler
                0x00000230                I2C0_IRQHandler
                0x00000230                USBActivity_IRQHandler
                0x00000230                PWM1_IRQHandler
                0x00000230                I2C1_IRQHandler
                0x00000230                EINT2_IRQHandler
                0x00000230                UART1_IRQHandler
                0x00000230                EINT3_IRQHandler
                0x00000230                CANActivity_IRQHandler
                0x00000230                TIMER3_IRQHandler
                0x00000230                IntDefaultHandler
                0x00000230                PLL0_IRQHandler
                0x00000230                CAN_IRQHandler
                0x00000230                PLL1_IRQHandler
                0x00000230                SSP0_IRQHandler
                0x00000230                I2S_IRQHandler
                0x00000230                I2C2_IRQHandler
                0x00000230                RTC_IRQHandler
                0x00000230                TIMER0_IRQHandler
                0x00000230                SPI_IRQHandler
                0x00000230                EINT1_IRQHandler
                0x00000230                TIMER1_IRQHandler
                0x00000230                UART2_IRQHandler
                0x00000230                ADC_IRQHandler
                0x00000230                USB_IRQHandler
                0x00000230                BOD_IRQHandler
                0x00000230                WDT_IRQHandler
                0x00000230                QEI_IRQHandler
                0x00000230                EINT0_IRQHandler
                0x00000230                ETH_IRQHandler
                0x00000230                DMA_IRQHandler
                0x00000230                MCPWM_IRQHandler
 *(.text*)
 .text.Chip_GPIO_SetPinState
                0x00000238       0x68 ./Source/UltraSonic_GPIO/level.o
 .text.Chip_GPIO_WritePortBit
                0x000002a0       0x2c ./Source/UltraSonic_GPIO/level.o
 .text.Chip_GPIO_GetPinState
                0x000002cc       0x38 ./Source/UltraSonic_GPIO/level.o
 .text.Chip_GPIO_SetPinDIROutput
                0x00000304       0x38 ./Source/UltraSonic_GPIO/level.o
 .text.Chip_GPIO_SetPinDIRInput
                0x0000033c       0x3c ./Source/UltraSonic_GPIO/level.o
 .text.Chip_GPIO_SetPinDIR
                0x00000378       0x44 ./Source/UltraSonic_GPIO/level.o
 .text.Chip_GPIO_WriteDirBit
                0x000003bc       0x30 ./Source/UltraSonic_GPIO/level.o
 .text.Chip_TIMER_Enable
                0x000003ec       0x20 ./Source/UltraSonic_GPIO/level.o
 .text.Chip_TIMER_Disable
                0x0000040c       0x20 ./Source/UltraSonic_GPIO/level.o
 .text.Chip_TIMER_ReadCount
                0x0000042c       0x18 ./Source/UltraSonic_GPIO/level.o
 .text.Chip_TIMER_PrescaleSet
                0x00000444       0x1c ./Source/UltraSonic_GPIO/level.o
 .text.vMyUltrasonicTaskStart
                0x00000460       0x34 ./Source/UltraSonic_GPIO/level.o
                0x00000460                vMyUltrasonicTaskStart
 .text.prvMyUltrasonicTask
                0x00000494       0xd4 ./Source/UltraSonic_GPIO/level.o
 .text.pvPortMalloc
                0x00000568      0x124 ./Source/FreeRTOSV8.2.3-Products/FreeRTOS/Source/portable/MemMang/heap_2.o
                0x00000568                pvPortMalloc
 .text.vPortFree
                0x0000068c       0x74 ./Source/FreeRTOSV8.2.3-Products/FreeRTOS/Source/portable/MemMang/heap_2.o
                0x0000068c                vPortFree
 .text.prvHeapInit
                0x00000700       0x50 ./Source/FreeRTOSV8.2.3-Products/FreeRTOS/Source/portable/MemMang/heap_2.o
 .text.pxPortInitialiseStack
                0x00000750       0x54 ./Source/FreeRTOSV8.2.3-Products/FreeRTOS/Source/portable/GCC/ARM_CM3/port.o
                0x00000750                pxPortInitialiseStack
 .text.prvTaskExitError
                0x000007a4       0x20 ./Source/FreeRTOSV8.2.3-Products/FreeRTOS/Source/portable/GCC/ARM_CM3/port.o
 .text.SVC_Handler
                0x000007c4       0x28 ./Source/FreeRTOSV8.2.3-Products/FreeRTOS/Source/portable/GCC/ARM_CM3/port.o
                0x000007c4                SVC_Handler
 .text.prvPortStartFirstTask
                0x000007ec       0x20 ./Source/FreeRTOSV8.2.3-Products/FreeRTOS/Source/portable/GCC/ARM_CM3/port.o
 .text.xPortStartScheduler
                0x0000080c       0xbc ./Source/FreeRTOSV8.2.3-Products/FreeRTOS/Source/portable/GCC/ARM_CM3/port.o
                0x0000080c                xPortStartScheduler
 .text.vPortYield
                0x000008c8       0x20 ./Source/FreeRTOSV8.2.3-Products/FreeRTOS/Source/portable/GCC/ARM_CM3/port.o
                0x000008c8                vPortYield
 .text.vPortEnterCritical
                0x000008e8       0x40 ./Source/FreeRTOSV8.2.3-Products/FreeRTOS/Source/portable/GCC/ARM_CM3/port.o
                0x000008e8                vPortEnterCritical
 .text.vPortExitCritical
                0x00000928       0x34 ./Source/FreeRTOSV8.2.3-Products/FreeRTOS/Source/portable/GCC/ARM_CM3/port.o
                0x00000928                vPortExitCritical
 .text.ulPortSetInterruptMask
                0x0000095c       0x14 ./Source/FreeRTOSV8.2.3-Products/FreeRTOS/Source/portable/GCC/ARM_CM3/port.o
                0x0000095c                ulPortSetInterruptMask
 .text.vPortClearInterruptMask
                0x00000970        0x8 ./Source/FreeRTOSV8.2.3-Products/FreeRTOS/Source/portable/GCC/ARM_CM3/port.o
                0x00000970                vPortClearInterruptMask
 .text.PendSV_Handler
                0x00000978       0x48 ./Source/FreeRTOSV8.2.3-Products/FreeRTOS/Source/portable/GCC/ARM_CM3/port.o
                0x00000978                PendSV_Handler
 .text.SysTick_Handler
                0x000009c0       0x28 ./Source/FreeRTOSV8.2.3-Products/FreeRTOS/Source/portable/GCC/ARM_CM3/port.o
                0x000009c0                SysTick_Handler
 .text.vPortSetupTimerInterrupt
                0x000009e8       0x24 ./Source/FreeRTOSV8.2.3-Products/FreeRTOS/Source/portable/GCC/ARM_CM3/port.o
                0x000009e8                vPortSetupTimerInterrupt
 .text.vPortValidateInterruptPriority
                0x00000a0c       0x5c ./Source/FreeRTOSV8.2.3-Products/FreeRTOS/Source/portable/GCC/ARM_CM3/port.o
                0x00000a0c                vPortValidateInterruptPriority
 .text.vListInitialise
                0x00000a68       0x40 ./Source/FreeRTOSV8.2.3-Products/FreeRTOS/Source/list.o
                0x00000a68                vListInitialise
 .text.vListInitialiseItem
                0x00000aa8       0x18 ./Source/FreeRTOSV8.2.3-Products/FreeRTOS/Source/list.o
                0x00000aa8                vListInitialiseItem
 .text.vListInsertEnd
                0x00000ac0       0x48 ./Source/FreeRTOSV8.2.3-Products/FreeRTOS/Source/list.o
                0x00000ac0                vListInsertEnd
 .text.vListInsert
                0x00000b08       0x70 ./Source/FreeRTOSV8.2.3-Products/FreeRTOS/Source/list.o
                0x00000b08                vListInsert
 .text.uxListRemove
                0x00000b78       0x54 ./Source/FreeRTOSV8.2.3-Products/FreeRTOS/Source/list.o
                0x00000b78                uxListRemove
 .text.xQueueGenericReset
                0x00000bcc       0xb0 ./Source/FreeRTOSV8.2.3-Products/FreeRTOS/Source/queue.o
                0x00000bcc                xQueueGenericReset
 .text.xQueueGenericCreate
                0x00000c7c       0x98 ./Source/FreeRTOSV8.2.3-Products/FreeRTOS/Source/queue.o
                0x00000c7c                xQueueGenericCreate
 .text.xQueueCreateMutex
                0x00000d14       0x84 ./Source/FreeRTOSV8.2.3-Products/FreeRTOS/Source/queue.o
                0x00000d14                xQueueCreateMutex
 .text.xQueueGetMutexHolder
                0x00000d98       0x30 ./Source/FreeRTOSV8.2.3-Products/FreeRTOS/Source/queue.o
                0x00000d98                xQueueGetMutexHolder
 .text.xQueueCreateCountingSemaphore
                0x00000dc8       0x54 ./Source/FreeRTOSV8.2.3-Products/FreeRTOS/Source/queue.o
                0x00000dc8                xQueueCreateCountingSemaphore
 .text.xQueueGenericSend
                0x00000e1c      0x188 ./Source/FreeRTOSV8.2.3-Products/FreeRTOS/Source/queue.o
                0x00000e1c                xQueueGenericSend
 .text.xQueueGenericSendFromISR
                0x00000fa4       0xd4 ./Source/FreeRTOSV8.2.3-Products/FreeRTOS/Source/queue.o
                0x00000fa4                xQueueGenericSendFromISR
 .text.xQueueGiveFromISR
                0x00001078       0x9c ./Source/FreeRTOSV8.2.3-Products/FreeRTOS/Source/queue.o
                0x00001078                xQueueGiveFromISR
 .text.xQueueGenericReceive
                0x00001114      0x1b8 ./Source/FreeRTOSV8.2.3-Products/FreeRTOS/Source/queue.o
                0x00001114                xQueueGenericReceive
 .text.xQueueReceiveFromISR
                0x000012cc       0xb4 ./Source/FreeRTOSV8.2.3-Products/FreeRTOS/Source/queue.o
                0x000012cc                xQueueReceiveFromISR
 .text.uxQueueMessagesWaiting
                0x00001380       0x2c ./Source/FreeRTOSV8.2.3-Products/FreeRTOS/Source/queue.o
                0x00001380                uxQueueMessagesWaiting
 .text.vQueueDelete
                0x000013ac       0x2c ./Source/FreeRTOSV8.2.3-Products/FreeRTOS/Source/queue.o
                0x000013ac                vQueueDelete
 .text.prvCopyDataToQueue
                0x000013d8       0xd8 ./Source/FreeRTOSV8.2.3-Products/FreeRTOS/Source/queue.o
 .text.prvCopyDataFromQueue
                0x000014b0       0x4c ./Source/FreeRTOSV8.2.3-Products/FreeRTOS/Source/queue.o
 .text.prvUnlockQueue
                0x000014fc       0x98 ./Source/FreeRTOSV8.2.3-Products/FreeRTOS/Source/queue.o
 .text.prvIsQueueEmpty
                0x00001594       0x2c ./Source/FreeRTOSV8.2.3-Products/FreeRTOS/Source/queue.o
 .text.prvIsQueueFull
                0x000015c0       0x30 ./Source/FreeRTOSV8.2.3-Products/FreeRTOS/Source/queue.o
 .text.vQueueAddToRegistry
                0x000015f0       0x50 ./Source/FreeRTOSV8.2.3-Products/FreeRTOS/Source/queue.o
                0x000015f0                vQueueAddToRegistry
 .text.vQueueUnregisterQueue
                0x00001640       0x44 ./Source/FreeRTOSV8.2.3-Products/FreeRTOS/Source/queue.o
                0x00001640                vQueueUnregisterQueue
 .text.vQueueWaitForMessageRestricted
                0x00001684       0x5c ./Source/FreeRTOSV8.2.3-Products/FreeRTOS/Source/queue.o
                0x00001684                vQueueWaitForMessageRestricted
 .text.xTaskGenericCreate
                0x000016e0      0x164 ./Source/FreeRTOSV8.2.3-Products/FreeRTOS/Source/tasks.o
                0x000016e0                xTaskGenericCreate
 .text.vTaskDelayUntil
                0x00001844       0xe4 ./Source/FreeRTOSV8.2.3-Products/FreeRTOS/Source/tasks.o
                0x00001844                vTaskDelayUntil
 .text.vTaskDelay
                0x00001928       0x88 ./Source/FreeRTOSV8.2.3-Products/FreeRTOS/Source/tasks.o
                0x00001928                vTaskDelay
 .text.vTaskStartScheduler
                0x000019b0       0x80 ./Source/FreeRTOSV8.2.3-Products/FreeRTOS/Source/tasks.o
                0x000019b0                vTaskStartScheduler
 .text.vTaskSuspendAll
                0x00001a30       0x1c ./Source/FreeRTOSV8.2.3-Products/FreeRTOS/Source/tasks.o
                0x00001a30                vTaskSuspendAll
 .text.xTaskResumeAll
                0x00001a4c      0x108 ./Source/FreeRTOSV8.2.3-Products/FreeRTOS/Source/tasks.o
                0x00001a4c                xTaskResumeAll
 .text.xTaskGetTickCount
                0x00001b54       0x1c ./Source/FreeRTOSV8.2.3-Products/FreeRTOS/Source/tasks.o
                0x00001b54                xTaskGetTickCount
 .text.xTaskGetTickCountFromISR
                0x00001b70       0x24 ./Source/FreeRTOSV8.2.3-Products/FreeRTOS/Source/tasks.o
                0x00001b70                xTaskGetTickCountFromISR
 .text.xTaskIncrementTick
                0x00001b94      0x16c ./Source/FreeRTOSV8.2.3-Products/FreeRTOS/Source/tasks.o
                0x00001b94                xTaskIncrementTick
 .text.vTaskSwitchContext
                0x00001d00      0x12c ./Source/FreeRTOSV8.2.3-Products/FreeRTOS/Source/tasks.o
                0x00001d00                vTaskSwitchContext
 .text.vTaskPlaceOnEventList
                0x00001e2c       0x90 ./Source/FreeRTOSV8.2.3-Products/FreeRTOS/Source/tasks.o
                0x00001e2c                vTaskPlaceOnEventList
 .text.vTaskPlaceOnEventListRestricted
                0x00001ebc       0x90 ./Source/FreeRTOSV8.2.3-Products/FreeRTOS/Source/tasks.o
                0x00001ebc                vTaskPlaceOnEventListRestricted
 .text.xTaskRemoveFromEventList
                0x00001f4c       0xb4 ./Source/FreeRTOSV8.2.3-Products/FreeRTOS/Source/tasks.o
                0x00001f4c                xTaskRemoveFromEventList
 .text.vTaskSetTimeOutState
                0x00002000       0x34 ./Source/FreeRTOSV8.2.3-Products/FreeRTOS/Source/tasks.o
                0x00002000                vTaskSetTimeOutState
 .text.xTaskCheckForTimeOut
                0x00002034       0xa0 ./Source/FreeRTOSV8.2.3-Products/FreeRTOS/Source/tasks.o
                0x00002034                xTaskCheckForTimeOut
 .text.vTaskMissedYield
                0x000020d4       0x18 ./Source/FreeRTOSV8.2.3-Products/FreeRTOS/Source/tasks.o
                0x000020d4                vTaskMissedYield
 .text.prvIdleTask
                0x000020ec       0x10 ./Source/FreeRTOSV8.2.3-Products/FreeRTOS/Source/tasks.o
 .text.prvInitialiseTCBVariables
                0x000020fc       0xb0 ./Source/FreeRTOSV8.2.3-Products/FreeRTOS/Source/tasks.o
 .text.prvInitialiseTaskLists
                0x000021ac       0x80 ./Source/FreeRTOSV8.2.3-Products/FreeRTOS/Source/tasks.o
 .text.prvCheckTasksWaitingTermination
                0x0000222c       0x78 ./Source/FreeRTOSV8.2.3-Products/FreeRTOS/Source/tasks.o
 .text.prvAddCurrentTaskToDelayedList
                0x000022a4       0x6c ./Source/FreeRTOSV8.2.3-Products/FreeRTOS/Source/tasks.o
 .text.prvAllocateTCBAndStack
                0x00002310       0x6c ./Source/FreeRTOSV8.2.3-Products/FreeRTOS/Source/tasks.o
 .text.prvDeleteTCB
                0x0000237c       0x20 ./Source/FreeRTOSV8.2.3-Products/FreeRTOS/Source/tasks.o
 .text.prvResetNextTaskUnblockTime
                0x0000239c       0x48 ./Source/FreeRTOSV8.2.3-Products/FreeRTOS/Source/tasks.o
 .text.xTaskGetCurrentTaskHandle
                0x000023e4       0x1c ./Source/FreeRTOSV8.2.3-Products/FreeRTOS/Source/tasks.o
                0x000023e4                xTaskGetCurrentTaskHandle
 .text.xTaskGetSchedulerState
                0x00002400       0x3c ./Source/FreeRTOSV8.2.3-Products/FreeRTOS/Source/tasks.o
                0x00002400                xTaskGetSchedulerState
 .text.vTaskPriorityInherit
                0x0000243c       0xec ./Source/FreeRTOSV8.2.3-Products/FreeRTOS/Source/tasks.o
                0x0000243c                vTaskPriorityInherit
 .text.xTaskPriorityDisinherit
                0x00002528       0xec ./Source/FreeRTOSV8.2.3-Products/FreeRTOS/Source/tasks.o
                0x00002528                xTaskPriorityDisinherit
 .text.pvTaskIncrementMutexHeldCount
                0x00002614       0x28 ./Source/FreeRTOSV8.2.3-Products/FreeRTOS/Source/tasks.o
                0x00002614                pvTaskIncrementMutexHeldCount
 .text.ulTaskNotifyTake
                0x0000263c       0xd8 ./Source/FreeRTOSV8.2.3-Products/FreeRTOS/Source/tasks.o
                0x0000263c                ulTaskNotifyTake
 .text.vTaskNotifyGiveFromISR
                0x00002714       0xdc ./Source/FreeRTOSV8.2.3-Products/FreeRTOS/Source/tasks.o
                0x00002714                vTaskNotifyGiveFromISR
 .text.xTimerCreateTimerTask
                0x000027f0       0x58 ./Source/FreeRTOSV8.2.3-Products/FreeRTOS/Source/timers.o
                0x000027f0                xTimerCreateTimerTask
 .text.xTimerGenericCommand
                0x00002848       0x8c ./Source/FreeRTOSV8.2.3-Products/FreeRTOS/Source/timers.o
                0x00002848                xTimerGenericCommand
 .text.prvProcessExpiredTimer
                0x000028d4       0x70 ./Source/FreeRTOSV8.2.3-Products/FreeRTOS/Source/timers.o
 .text.prvTimerTask
                0x00002944       0x24 ./Source/FreeRTOSV8.2.3-Products/FreeRTOS/Source/timers.o
 .text.prvProcessTimerOrBlockTask
                0x00002968       0x8c ./Source/FreeRTOSV8.2.3-Products/FreeRTOS/Source/timers.o
 .text.prvGetNextExpireTime
                0x000029f4       0x48 ./Source/FreeRTOSV8.2.3-Products/FreeRTOS/Source/timers.o
 .text.prvSampleTimeNow
                0x00002a3c       0x40 ./Source/FreeRTOSV8.2.3-Products/FreeRTOS/Source/timers.o
 .text.prvInsertTimerInActiveList
                0x00002a7c       0x84 ./Source/FreeRTOSV8.2.3-Products/FreeRTOS/Source/timers.o
 .text.prvProcessReceivedCommands
                0x00002b00      0x104 ./Source/FreeRTOSV8.2.3-Products/FreeRTOS/Source/timers.o
 .text.prvSwitchTimerLists
                0x00002c04       0xb4 ./Source/FreeRTOSV8.2.3-Products/FreeRTOS/Source/timers.o
 .text.prvCheckForValidListAndQueue
                0x00002cb8       0x7c ./Source/FreeRTOSV8.2.3-Products/FreeRTOS/Source/timers.o
 .text.xIOUtilsConfigureTaskNotificationBasedRx
                0x00002d34       0xd8 ./Source/FreeRTOSV8.2.3-Products/FreeRTOS-Plus-IO/Include/IOUtils_TaskNotificationBasedRx.o
                0x00002d34                xIOUtilsConfigureTaskNotificationBasedRx
 .text.xIOUtilsReadCharsFromTNBasedCircularBuffer
                0x00002e0c       0xf8 ./Source/FreeRTOSV8.2.3-Products/FreeRTOS-Plus-IO/Include/IOUtils_TaskNotificationBasedRx.o
                0x00002e0c                xIOUtilsReadCharsFromTNBasedCircularBuffer
 .text.xIOUtilsTxCharsFromTNCircularBufferFromISR
                0x00002f04       0x7c ./Source/FreeRTOSV8.2.3-Products/FreeRTOS-Plus-IO/Include/IOUtils_TaskNotificationBasedRx.o
                0x00002f04                xIOUtilsTxCharsFromTNCircularBufferFromISR
 .text.vFreeRTOS_lpc17xx_PopulateFunctionPointers
                0x00002f80       0x54 ./Source/FreeRTOSV8.2.3-Products/FreeRTOS-Plus-IO/Device/LPC17xx/FreeRTOS_lpc17xx_DriverInterface.o
                0x00002f80                vFreeRTOS_lpc17xx_PopulateFunctionPointers
 .text.Chip_IOCON_DisableOD
                0x00002fd4       0x3c ./Source/FreeRTOSV8.2.3-Products/FreeRTOS-Plus-IO/Device/LPC17xx/FreeRTOS_lpc17xx_i2c.o
 .text.FreeRTOS_I2C_open
                0x00003010      0x1a4 ./Source/FreeRTOSV8.2.3-Products/FreeRTOS-Plus-IO/Device/LPC17xx/FreeRTOS_lpc17xx_i2c.o
                0x00003010                FreeRTOS_I2C_open
 .text.FreeRTOS_I2C_write
                0x000031b4       0xec ./Source/FreeRTOSV8.2.3-Products/FreeRTOS-Plus-IO/Device/LPC17xx/FreeRTOS_lpc17xx_i2c.o
                0x000031b4                FreeRTOS_I2C_write
 .text.FreeRTOS_I2C_read
                0x000032a0       0xd0 ./Source/FreeRTOSV8.2.3-Products/FreeRTOS-Plus-IO/Device/LPC17xx/FreeRTOS_lpc17xx_i2c.o
                0x000032a0                FreeRTOS_I2C_read
 .text.FreeRTOS_I2C_ioctl
                0x00003370       0x78 ./Source/FreeRTOSV8.2.3-Products/FreeRTOS-Plus-IO/Device/LPC17xx/FreeRTOS_lpc17xx_i2c.o
                0x00003370                FreeRTOS_I2C_ioctl
 .text.NVIC_EnableIRQ
                0x000033e8       0x30 ./Source/FreeRTOSV8.2.3-Products/FreeRTOS-Plus-IO/Device/LPC17xx/FreeRTOS_lpc17xx_ssp.o
 .text.NVIC_DisableIRQ
                0x00003418       0x34 ./Source/FreeRTOSV8.2.3-Products/FreeRTOS-Plus-IO/Device/LPC17xx/FreeRTOS_lpc17xx_ssp.o
 .text.NVIC_SetPriority
                0x0000344c       0x54 ./Source/FreeRTOSV8.2.3-Products/FreeRTOS-Plus-IO/Device/LPC17xx/FreeRTOS_lpc17xx_ssp.o
 .text.Chip_IOCON_DisableOD
                0x000034a0       0x3c ./Source/FreeRTOSV8.2.3-Products/FreeRTOS-Plus-IO/Device/LPC17xx/FreeRTOS_lpc17xx_ssp.o
 .text.Chip_SSP_Enable
                0x000034dc       0x20 ./Source/FreeRTOSV8.2.3-Products/FreeRTOS-Plus-IO/Device/LPC17xx/FreeRTOS_lpc17xx_ssp.o
 .text.Chip_SSP_Disable
                0x000034fc       0x20 ./Source/FreeRTOSV8.2.3-Products/FreeRTOS-Plus-IO/Device/LPC17xx/FreeRTOS_lpc17xx_ssp.o
 .text.Chip_SSP_Int_Enable
                0x0000351c       0x20 ./Source/FreeRTOSV8.2.3-Products/FreeRTOS-Plus-IO/Device/LPC17xx/FreeRTOS_lpc17xx_ssp.o
 .text.Chip_SSP_Int_Disable
                0x0000353c       0x20 ./Source/FreeRTOSV8.2.3-Products/FreeRTOS-Plus-IO/Device/LPC17xx/FreeRTOS_lpc17xx_ssp.o
 .text.Chip_SSP_SetFormat
                0x0000355c       0x30 ./Source/FreeRTOSV8.2.3-Products/FreeRTOS-Plus-IO/Device/LPC17xx/FreeRTOS_lpc17xx_ssp.o
 .text.Chip_SSP_Set_Mode
                0x0000358c       0x24 ./Source/FreeRTOSV8.2.3-Products/FreeRTOS-Plus-IO/Device/LPC17xx/FreeRTOS_lpc17xx_ssp.o
 .text.FreeRTOS_SSP_open
                0x000035b0      0x1b4 ./Source/FreeRTOSV8.2.3-Products/FreeRTOS-Plus-IO/Device/LPC17xx/FreeRTOS_lpc17xx_ssp.o
                0x000035b0                FreeRTOS_SSP_open
 .text.FreeRTOS_SSP_write
                0x00003764       0xac ./Source/FreeRTOSV8.2.3-Products/FreeRTOS-Plus-IO/Device/LPC17xx/FreeRTOS_lpc17xx_ssp.o
                0x00003764                FreeRTOS_SSP_write
 .text.FreeRTOS_SSP_read
                0x00003810       0x94 ./Source/FreeRTOSV8.2.3-Products/FreeRTOS-Plus-IO/Device/LPC17xx/FreeRTOS_lpc17xx_ssp.o
                0x00003810                FreeRTOS_SSP_read
 .text.FreeRTOS_SSP_ioctl
                0x000038a4      0x148 ./Source/FreeRTOSV8.2.3-Products/FreeRTOS-Plus-IO/Device/LPC17xx/FreeRTOS_lpc17xx_ssp.o
                0x000038a4                FreeRTOS_SSP_ioctl
 .text.SSP1_IRQHandler
                0x000039ec      0x104 ./Source/FreeRTOSV8.2.3-Products/FreeRTOS-Plus-IO/Device/LPC17xx/FreeRTOS_lpc17xx_ssp.o
                0x000039ec                SSP1_IRQHandler
 .text.NVIC_EnableIRQ
                0x00003af0       0x30 ./Source/FreeRTOSV8.2.3-Products/FreeRTOS-Plus-IO/Device/LPC17xx/FreeRTOS_lpc17xx_uart.o
 .text.NVIC_DisableIRQ
                0x00003b20       0x34 ./Source/FreeRTOSV8.2.3-Products/FreeRTOS-Plus-IO/Device/LPC17xx/FreeRTOS_lpc17xx_uart.o
 .text.NVIC_SetPriority
                0x00003b54       0x54 ./Source/FreeRTOSV8.2.3-Products/FreeRTOS-Plus-IO/Device/LPC17xx/FreeRTOS_lpc17xx_uart.o
 .text.Chip_IOCON_DisableOD
                0x00003ba8       0x3c ./Source/FreeRTOSV8.2.3-Products/FreeRTOS-Plus-IO/Device/LPC17xx/FreeRTOS_lpc17xx_uart.o
 .text.Chip_UART_IntEnable
                0x00003be4       0x20 ./Source/FreeRTOSV8.2.3-Products/FreeRTOS-Plus-IO/Device/LPC17xx/FreeRTOS_lpc17xx_uart.o
 .text.Chip_UART_IntDisable
                0x00003c04       0x24 ./Source/FreeRTOSV8.2.3-Products/FreeRTOS-Plus-IO/Device/LPC17xx/FreeRTOS_lpc17xx_uart.o
 .text.Chip_UART_ReadIntIDReg
                0x00003c28       0x18 ./Source/FreeRTOSV8.2.3-Products/FreeRTOS-Plus-IO/Device/LPC17xx/FreeRTOS_lpc17xx_uart.o
 .text.Chip_UART_SetupFIFOS
                0x00003c40       0x1c ./Source/FreeRTOSV8.2.3-Products/FreeRTOS-Plus-IO/Device/LPC17xx/FreeRTOS_lpc17xx_uart.o
 .text.Chip_UART_ConfigData
                0x00003c5c       0x1c ./Source/FreeRTOSV8.2.3-Products/FreeRTOS-Plus-IO/Device/LPC17xx/FreeRTOS_lpc17xx_uart.o
 .text.FreeRTOS_UART_open
                0x00003c78      0x100 ./Source/FreeRTOSV8.2.3-Products/FreeRTOS-Plus-IO/Device/LPC17xx/FreeRTOS_lpc17xx_uart.o
                0x00003c78                FreeRTOS_UART_open
 .text.FreeRTOS_UART_write
                0x00003d78      0x2a4 ./Source/FreeRTOSV8.2.3-Products/FreeRTOS-Plus-IO/Device/LPC17xx/FreeRTOS_lpc17xx_uart.o
                0x00003d78                FreeRTOS_UART_write
 .text.FreeRTOS_UART_read
                0x0000401c      0x180 ./Source/FreeRTOSV8.2.3-Products/FreeRTOS-Plus-IO/Device/LPC17xx/FreeRTOS_lpc17xx_uart.o
                0x0000401c                FreeRTOS_UART_read
 .text.prvFillFifoFromBuffer
                0x0000419c       0x54 ./Source/FreeRTOSV8.2.3-Products/FreeRTOS-Plus-IO/Device/LPC17xx/FreeRTOS_lpc17xx_uart.o
 .text.FreeRTOS_UART_ioctl
                0x000041f0       0xe0 ./Source/FreeRTOSV8.2.3-Products/FreeRTOS-Plus-IO/Device/LPC17xx/FreeRTOS_lpc17xx_uart.o
                0x000041f0                FreeRTOS_UART_ioctl
 .text.UART3_IRQHandler
                0x000042d0      0x2dc ./Source/FreeRTOSV8.2.3-Products/FreeRTOS-Plus-IO/Device/LPC17xx/FreeRTOS_lpc17xx_uart.o
                0x000042d0                UART3_IRQHandler
 .text.UART0_IRQHandler
                0x000045ac      0x2dc ./Source/FreeRTOSV8.2.3-Products/FreeRTOS-Plus-IO/Device/LPC17xx/FreeRTOS_lpc17xx_uart.o
                0x000045ac                UART0_IRQHandler
 .text.FreeRTOS_open
                0x00004888      0x108 ./Source/FreeRTOSV8.2.3-Products/FreeRTOS-Plus-IO/Common/FreeRTOS_DriverInterface.o
                0x00004888                FreeRTOS_open
 .text.FreeRTOS_ioctl
                0x00004990      0x1dc ./Source/FreeRTOSV8.2.3-Products/FreeRTOS-Plus-IO/Common/FreeRTOS_DriverInterface.o
                0x00004990                FreeRTOS_ioctl
 .text.vIOUtilsCreateTransferControlStructure
                0x00004b6c       0xd8 ./Source/FreeRTOSV8.2.3-Products/FreeRTOS-Plus-IO/Common/FreeRTOS_IOUtils.o
                0x00004b6c                vIOUtilsCreateTransferControlStructure
 .text.xIOUtilsSetTxQueueTimeout
                0x00004c44       0x28 ./Source/FreeRTOSV8.2.3-Products/FreeRTOS-Plus-IO/Common/IOUtils_CharQueueTxAndRx.o
                0x00004c44                xIOUtilsSetTxQueueTimeout
 .text.vIOUtilsSetRxQueueTimeout
                0x00004c6c       0x28 ./Source/FreeRTOSV8.2.3-Products/FreeRTOS-Plus-IO/Common/IOUtils_CharQueueTxAndRx.o
                0x00004c6c                vIOUtilsSetRxQueueTimeout
 .text.xIOUtilsConfigureTransferQueue
                0x00004c94       0xbc ./Source/FreeRTOSV8.2.3-Products/FreeRTOS-Plus-IO/Common/IOUtils_CharQueueTxAndRx.o
                0x00004c94                xIOUtilsConfigureTransferQueue
 .text.xIOUtilsReceiveCharsFromRxQueue
                0x00004d50       0x74 ./Source/FreeRTOSV8.2.3-Products/FreeRTOS-Plus-IO/Common/IOUtils_CharQueueTxAndRx.o
                0x00004d50                xIOUtilsReceiveCharsFromRxQueue
 .text.xIOUtilsWaitTxQueueEmpty
                0x00004dc4       0x64 ./Source/FreeRTOSV8.2.3-Products/FreeRTOS-Plus-IO/Common/IOUtils_CharQueueTxAndRx.o
                0x00004dc4                xIOUtilsWaitTxQueueEmpty
 .text.xIOUtilsClearRxCharQueue
                0x00004e28       0x30 ./Source/FreeRTOSV8.2.3-Products/FreeRTOS-Plus-IO/Common/IOUtils_CharQueueTxAndRx.o
                0x00004e28                xIOUtilsClearRxCharQueue
 .text.xIOUtilsConfigureCircularBufferRx
                0x00004e58       0xf0 ./Source/FreeRTOSV8.2.3-Products/FreeRTOS-Plus-IO/Common/IOUtils_CircularBufferRx.o
                0x00004e58                xIOUtilsConfigureCircularBufferRx
 .text.vIOUtilsClearRxCircularBuffer
                0x00004f48       0x40 ./Source/FreeRTOSV8.2.3-Products/FreeRTOS-Plus-IO/Common/IOUtils_CircularBufferRx.o
                0x00004f48                vIOUtilsClearRxCircularBuffer
 .text.xIOUtilsReadCharsFromCircularBuffer
                0x00004f88       0xf8 ./Source/FreeRTOSV8.2.3-Products/FreeRTOS-Plus-IO/Common/IOUtils_CircularBufferRx.o
                0x00004f88                xIOUtilsReadCharsFromCircularBuffer
 .text.vIOUtilsSetCircularBufferTimeout
                0x00005080       0x28 ./Source/FreeRTOSV8.2.3-Products/FreeRTOS-Plus-IO/Common/IOUtils_CircularBufferRx.o
                0x00005080                vIOUtilsSetCircularBufferTimeout
 .text.xIOUtilsConfigureZeroCopyTx
                0x000050a8       0x9c ./Source/FreeRTOSV8.2.3-Products/FreeRTOS-Plus-IO/Common/IOUtils_ZeroCopyTx.o
                0x000050a8                xIOUtilsConfigureZeroCopyTx
 .text.xIOUtilsGetZeroCopyWriteMutex
                0x00005144       0x58 ./Source/FreeRTOSV8.2.3-Products/FreeRTOS-Plus-IO/Common/IOUtils_ZeroCopyTx.o
                0x00005144                xIOUtilsGetZeroCopyWriteMutex
 .text.xIOUtilsReleaseZeroCopyWriteMutex
                0x0000519c       0x3c ./Source/FreeRTOSV8.2.3-Products/FreeRTOS-Plus-IO/Common/IOUtils_ZeroCopyTx.o
                0x0000519c                xIOUtilsReleaseZeroCopyWriteMutex
 .text.vUARTMyConsoleStart
                0x000051d8       0x34 ./Source/Examples/UART/UART-Console.o
                0x000051d8                vUARTMyConsoleStart
 .text.prvUARTMyConsoleTask
                0x0000520c      0x288 ./Source/Examples/UART/UART-Console.o
 .text.vMyI2CTaskStart
                0x00005494       0x34 ./Source/Examples/I2C/I2C-myModule.o
                0x00005494                vMyI2CTaskStart
 .text.prvMyI2CTask
                0x000054c8       0xbc ./Source/Examples/I2C/I2C-myModule.o
 .text.Chip_GPIO_SetPinDIROutput
                0x00005584       0x38 ./Source/Control_Task/Control_Task.o
 .text.Chip_GPIO_SetPinDIRInput
                0x000055bc       0x3c ./Source/Control_Task/Control_Task.o
 .text.Chip_GPIO_SetPinDIR
                0x000055f8       0x44 ./Source/Control_Task/Control_Task.o
 .text.Chip_GPIO_WriteDirBit
                0x0000563c       0x30 ./Source/Control_Task/Control_Task.o
 .text.vMyControlTaskStart
                0x0000566c       0x34 ./Source/Control_Task/Control_Task.o
                0x0000566c                vMyControlTaskStart
 .text.prvMyControlTask
                0x000056a0       0x94 ./Source/Control_Task/Control_Task.o
 .text.NVIC_SetPriorityGrouping
                0x00005734       0x48 ./Source/main.o
 .text.main     0x0000577c       0x58 ./Source/main.o
                0x0000577c                main
 .text.vMainConfigureTimerForRunTimeStats
                0x000057d4       0x18 ./Source/main.o
                0x000057d4                vMainConfigureTimerForRunTimeStats
 .text.ulMainGetRunTimeCounterValue
                0x000057ec       0x7c ./Source/main.o
                0x000057ec                ulMainGetRunTimeCounterValue
 .text.vApplicationStackOverflowHook
                0x00005868       0x10 ./Source/main.o
                0x00005868                vApplicationStackOverflowHook
 .text.vApplicationMallocFailedHook
                0x00005878        0xc ./Source/main.o
                0x00005878                vApplicationMallocFailedHook
 .text.printchar
                0x00005884       0x30 ./Source/printf-stdarg.o
 .text.prints   0x000058b4       0xb0 ./Source/printf-stdarg.o
 .text.printi   0x00005964       0xd8 ./Source/printf-stdarg.o
 .text.print    0x00005a3c      0x1c4 ./Source/printf-stdarg.o
 .text.sprintf  0x00005c00       0x2c ./Source/printf-stdarg.o
                0x00005c00                sprintf
 .text.SystemInit
                0x00005c2c       0x24 ./Source/sysinit.o
                0x00005c2c                SystemInit
 .text.Chip_UART_SendByte
                0x00005c50       0x1c /home/desd/clabsarjsau/PROJECT_DATA/Workspace_2/lpc_board_nxp_lpcxpresso_1769/Debug/liblpc_board_nxp_lpcxpresso_1769.a(board.o)
 .text.Chip_UART_ReadLineStatus
                0x00005c6c       0x18 /home/desd/clabsarjsau/PROJECT_DATA/Workspace_2/lpc_board_nxp_lpcxpresso_1769/Debug/liblpc_board_nxp_lpcxpresso_1769.a(board.o)
 .text.__sys_write
                0x00005c84       0x38 /home/desd/clabsarjsau/PROJECT_DATA/Workspace_2/lpc_board_nxp_lpcxpresso_1769/Debug/liblpc_board_nxp_lpcxpresso_1769.a(board.o)
                0x00005c84                __sys_write
 .text.Board_UARTPutChar
                0x00005cbc       0x34 /home/desd/clabsarjsau/PROJECT_DATA/Workspace_2/lpc_board_nxp_lpcxpresso_1769/Debug/liblpc_board_nxp_lpcxpresso_1769.a(board.o)
                0x00005cbc                Board_UARTPutChar
 .text.Chip_SYSCTL_SetFLASHAccess
                0x00005cf0       0x30 /home/desd/clabsarjsau/PROJECT_DATA/Workspace_2/lpc_board_nxp_lpcxpresso_1769/Debug/liblpc_board_nxp_lpcxpresso_1769.a(board_sysinit.o)
 .text.Board_SetupMuxing
                0x00005d20       0x1c /home/desd/clabsarjsau/PROJECT_DATA/Workspace_2/lpc_board_nxp_lpcxpresso_1769/Debug/liblpc_board_nxp_lpcxpresso_1769.a(board_sysinit.o)
                0x00005d20                Board_SetupMuxing
 .text.Board_SetupClocking
                0x00005d3c       0x14 /home/desd/clabsarjsau/PROJECT_DATA/Workspace_2/lpc_board_nxp_lpcxpresso_1769/Debug/liblpc_board_nxp_lpcxpresso_1769.a(board_sysinit.o)
                0x00005d3c                Board_SetupClocking
 .text.Board_SystemInit
                0x00005d50       0x10 /home/desd/clabsarjsau/PROJECT_DATA/Workspace_2/lpc_board_nxp_lpcxpresso_1769/Debug/liblpc_board_nxp_lpcxpresso_1769.a(board_sysinit.o)
                0x00005d50                Board_SystemInit
 .text.Chip_Clock_IsMainPLLEnabled
                0x00005d60       0x24 /home/desd/clabsarjsau/PROJECT_DATA/Workspace_2/lpc_chip_175x_6x/Debug/liblpc_chip_175x_6x.a(clock_17xx_40xx.o)
 .text.Chip_Clock_IsMainPLLConnected
                0x00005d84       0x24 /home/desd/clabsarjsau/PROJECT_DATA/Workspace_2/lpc_chip_175x_6x/Debug/liblpc_chip_175x_6x.a(clock_17xx_40xx.o)
 .text.Chip_Clock_FeedPLL
                0x00005da8       0x34 /home/desd/clabsarjsau/PROJECT_DATA/Workspace_2/lpc_chip_175x_6x/Debug/liblpc_chip_175x_6x.a(clock_17xx_40xx.o)
 .text.Chip_Clock_GetMainPLLSource
                0x00005ddc       0x20 /home/desd/clabsarjsau/PROJECT_DATA/Workspace_2/lpc_chip_175x_6x/Debug/liblpc_chip_175x_6x.a(clock_17xx_40xx.o)
 .text.Chip_Clock_GetMainOscRate
                0x00005dfc       0x14 /home/desd/clabsarjsau/PROJECT_DATA/Workspace_2/lpc_chip_175x_6x/Debug/liblpc_chip_175x_6x.a(clock_17xx_40xx.o)
 .text.Chip_Clock_GetIntOscRate
                0x00005e10       0x14 /home/desd/clabsarjsau/PROJECT_DATA/Workspace_2/lpc_chip_175x_6x/Debug/liblpc_chip_175x_6x.a(clock_17xx_40xx.o)
 .text.Chip_Clock_GetRTCOscRate
                0x00005e24       0x14 /home/desd/clabsarjsau/PROJECT_DATA/Workspace_2/lpc_chip_175x_6x/Debug/liblpc_chip_175x_6x.a(clock_17xx_40xx.o)
 .text.Chip_Clock_GetMainPLLInClockRate
                0x00005e38       0x10 /home/desd/clabsarjsau/PROJECT_DATA/Workspace_2/lpc_chip_175x_6x/Debug/liblpc_chip_175x_6x.a(clock_17xx_40xx.o)
 .text.Chip_Clock_EnablePLL
                0x00005e48       0x44 /home/desd/clabsarjsau/PROJECT_DATA/Workspace_2/lpc_chip_175x_6x/Debug/liblpc_chip_175x_6x.a(clock_17xx_40xx.o)
                0x00005e48                Chip_Clock_EnablePLL
 .text.Chip_Clock_DisablePLL
                0x00005e8c       0x48 /home/desd/clabsarjsau/PROJECT_DATA/Workspace_2/lpc_chip_175x_6x/Debug/liblpc_chip_175x_6x.a(clock_17xx_40xx.o)
                0x00005e8c                Chip_Clock_DisablePLL
 .text.Chip_Clock_SetupPLL
                0x00005ed4       0x5c /home/desd/clabsarjsau/PROJECT_DATA/Workspace_2/lpc_chip_175x_6x/Debug/liblpc_chip_175x_6x.a(clock_17xx_40xx.o)
                0x00005ed4                Chip_Clock_SetupPLL
 .text.Chip_Clock_EnablePeriphClock
                0x00005f30       0x34 /home/desd/clabsarjsau/PROJECT_DATA/Workspace_2/lpc_chip_175x_6x/Debug/liblpc_chip_175x_6x.a(clock_17xx_40xx.o)
                0x00005f30                Chip_Clock_EnablePeriphClock
 .text.Chip_Clock_DisablePeriphClock
                0x00005f64       0x34 /home/desd/clabsarjsau/PROJECT_DATA/Workspace_2/lpc_chip_175x_6x/Debug/liblpc_chip_175x_6x.a(clock_17xx_40xx.o)
                0x00005f64                Chip_Clock_DisablePeriphClock
 .text.Chip_Clock_GetCPUClockSource
                0x00005f98       0x24 /home/desd/clabsarjsau/PROJECT_DATA/Workspace_2/lpc_chip_175x_6x/Debug/liblpc_chip_175x_6x.a(clock_17xx_40xx.o)
                0x00005f98                Chip_Clock_GetCPUClockSource
 .text.Chip_Clock_SetCPUClockDiv
                0x00005fbc       0x20 /home/desd/clabsarjsau/PROJECT_DATA/Workspace_2/lpc_chip_175x_6x/Debug/liblpc_chip_175x_6x.a(clock_17xx_40xx.o)
                0x00005fbc                Chip_Clock_SetCPUClockDiv
 .text.Chip_Clock_GetCPUClockDiv
                0x00005fdc       0x1c /home/desd/clabsarjsau/PROJECT_DATA/Workspace_2/lpc_chip_175x_6x/Debug/liblpc_chip_175x_6x.a(clock_17xx_40xx.o)
                0x00005fdc                Chip_Clock_GetCPUClockDiv
 .text.Chip_Clock_GetPCLKDiv
                0x00005ff8       0x8c /home/desd/clabsarjsau/PROJECT_DATA/Workspace_2/lpc_chip_175x_6x/Debug/liblpc_chip_175x_6x.a(clock_17xx_40xx.o)
                0x00005ff8                Chip_Clock_GetPCLKDiv
 .text.Chip_Clock_GetSYSCLKRate
                0x00006084       0x34 /home/desd/clabsarjsau/PROJECT_DATA/Workspace_2/lpc_chip_175x_6x/Debug/liblpc_chip_175x_6x.a(clock_17xx_40xx.o)
                0x00006084                Chip_Clock_GetSYSCLKRate
 .text.Chip_Clock_GetMainPLLOutClockRate
                0x000060b8       0x54 /home/desd/clabsarjsau/PROJECT_DATA/Workspace_2/lpc_chip_175x_6x/Debug/liblpc_chip_175x_6x.a(clock_17xx_40xx.o)
                0x000060b8                Chip_Clock_GetMainPLLOutClockRate
 .text.Chip_Clock_GetMainClockRate
                0x0000610c       0x28 /home/desd/clabsarjsau/PROJECT_DATA/Workspace_2/lpc_chip_175x_6x/Debug/liblpc_chip_175x_6x.a(clock_17xx_40xx.o)
                0x0000610c                Chip_Clock_GetMainClockRate
 .text.Chip_Clock_GetSystemClockRate
                0x00006134       0x18 /home/desd/clabsarjsau/PROJECT_DATA/Workspace_2/lpc_chip_175x_6x/Debug/liblpc_chip_175x_6x.a(clock_17xx_40xx.o)
                0x00006134                Chip_Clock_GetSystemClockRate
 .text.Chip_Clock_GetPeripheralClockRate
                0x0000614c       0x28 /home/desd/clabsarjsau/PROJECT_DATA/Workspace_2/lpc_chip_175x_6x/Debug/liblpc_chip_175x_6x.a(clock_17xx_40xx.o)
                0x0000614c                Chip_Clock_GetPeripheralClockRate
 .text.enableClk
                0x00006174       0x30 /home/desd/clabsarjsau/PROJECT_DATA/Workspace_2/lpc_chip_175x_6x/Debug/liblpc_chip_175x_6x.a(i2c_17xx_40xx.o)
 .text.getClkRate
                0x000061a4       0x24 /home/desd/clabsarjsau/PROJECT_DATA/Workspace_2/lpc_chip_175x_6x/Debug/liblpc_chip_175x_6x.a(i2c_17xx_40xx.o)
 .text.startMasterXfer
                0x000061c8       0x20 /home/desd/clabsarjsau/PROJECT_DATA/Workspace_2/lpc_chip_175x_6x/Debug/liblpc_chip_175x_6x.a(i2c_17xx_40xx.o)
 .text.startSlaverXfer
                0x000061e8       0x20 /home/desd/clabsarjsau/PROJECT_DATA/Workspace_2/lpc_chip_175x_6x/Debug/liblpc_chip_175x_6x.a(i2c_17xx_40xx.o)
 .text.isI2CBusFree
                0x00006208       0x24 /home/desd/clabsarjsau/PROJECT_DATA/Workspace_2/lpc_chip_175x_6x/Debug/liblpc_chip_175x_6x.a(i2c_17xx_40xx.o)
 .text.getCurState
                0x0000622c       0x1c /home/desd/clabsarjsau/PROJECT_DATA/Workspace_2/lpc_chip_175x_6x/Debug/liblpc_chip_175x_6x.a(i2c_17xx_40xx.o)
 .text.handleMasterXferState
                0x00006248      0x284 /home/desd/clabsarjsau/PROJECT_DATA/Workspace_2/lpc_chip_175x_6x/Debug/liblpc_chip_175x_6x.a(i2c_17xx_40xx.o)
                0x00006248                handleMasterXferState
 .text.Chip_I2C_EventHandler
                0x000064cc       0x4c /home/desd/clabsarjsau/PROJECT_DATA/Workspace_2/lpc_chip_175x_6x/Debug/liblpc_chip_175x_6x.a(i2c_17xx_40xx.o)
                0x000064cc                Chip_I2C_EventHandler
 .text.Chip_I2C_EventHandlerPolling
                0x00006518       0x60 /home/desd/clabsarjsau/PROJECT_DATA/Workspace_2/lpc_chip_175x_6x/Debug/liblpc_chip_175x_6x.a(i2c_17xx_40xx.o)
                0x00006518                Chip_I2C_EventHandlerPolling
 .text.Chip_I2C_Init
                0x00006578       0x34 /home/desd/clabsarjsau/PROJECT_DATA/Workspace_2/lpc_chip_175x_6x/Debug/liblpc_chip_175x_6x.a(i2c_17xx_40xx.o)
                0x00006578                Chip_I2C_Init
 .text.Chip_I2C_SetClockRate
                0x000065ac       0x68 /home/desd/clabsarjsau/PROJECT_DATA/Workspace_2/lpc_chip_175x_6x/Debug/liblpc_chip_175x_6x.a(i2c_17xx_40xx.o)
                0x000065ac                Chip_I2C_SetClockRate
 .text.Chip_I2C_SetMasterEventHandler
                0x00006614       0x48 /home/desd/clabsarjsau/PROJECT_DATA/Workspace_2/lpc_chip_175x_6x/Debug/liblpc_chip_175x_6x.a(i2c_17xx_40xx.o)
                0x00006614                Chip_I2C_SetMasterEventHandler
 .text.Chip_I2C_MasterTransfer
                0x0000665c       0x9c /home/desd/clabsarjsau/PROJECT_DATA/Workspace_2/lpc_chip_175x_6x/Debug/liblpc_chip_175x_6x.a(i2c_17xx_40xx.o)
                0x0000665c                Chip_I2C_MasterTransfer
 .text.Chip_I2C_MasterStateHandler
                0x000066f8       0x60 /home/desd/clabsarjsau/PROJECT_DATA/Workspace_2/lpc_chip_175x_6x/Debug/liblpc_chip_175x_6x.a(i2c_17xx_40xx.o)
                0x000066f8                Chip_I2C_MasterStateHandler
 .text.Chip_I2C_IsStateChanged
                0x00006758       0x38 /home/desd/clabsarjsau/PROJECT_DATA/Workspace_2/lpc_chip_175x_6x/Debug/liblpc_chip_175x_6x.a(i2c_17xx_40xx.o)
                0x00006758                Chip_I2C_IsStateChanged
 .text.Chip_IOCON_PinMuxSet
                0x00006790       0x38 /home/desd/clabsarjsau/PROJECT_DATA/Workspace_2/lpc_chip_175x_6x/Debug/liblpc_chip_175x_6x.a(iocon_17xx_40xx.o)
                0x00006790                Chip_IOCON_PinMuxSet
 .text.Chip_IOCON_PinMux
                0x000067c8       0x94 /home/desd/clabsarjsau/PROJECT_DATA/Workspace_2/lpc_chip_175x_6x/Debug/liblpc_chip_175x_6x.a(iocon_17xx_40xx.o)
                0x000067c8                Chip_IOCON_PinMux
 .text.Chip_IOCON_SetPinMuxing
                0x0000685c       0x64 /home/desd/clabsarjsau/PROJECT_DATA/Workspace_2/lpc_chip_175x_6x/Debug/liblpc_chip_175x_6x.a(iocon_17xx_40xx.o)
                0x0000685c                Chip_IOCON_SetPinMuxing
 .text.Chip_SSP_Disable
                0x000068c0       0x20 /home/desd/clabsarjsau/PROJECT_DATA/Workspace_2/lpc_chip_175x_6x/Debug/liblpc_chip_175x_6x.a(ssp_17xx_40xx.o)
 .text.Chip_SSP_GetStatus
                0x000068e0       0x28 /home/desd/clabsarjsau/PROJECT_DATA/Workspace_2/lpc_chip_175x_6x/Debug/liblpc_chip_175x_6x.a(ssp_17xx_40xx.o)
 .text.Chip_SSP_GetRawIntStatus
                0x00006908       0x28 /home/desd/clabsarjsau/PROJECT_DATA/Workspace_2/lpc_chip_175x_6x/Debug/liblpc_chip_175x_6x.a(ssp_17xx_40xx.o)
 .text.Chip_SSP_GetDataSize
                0x00006930       0x20 /home/desd/clabsarjsau/PROJECT_DATA/Workspace_2/lpc_chip_175x_6x/Debug/liblpc_chip_175x_6x.a(ssp_17xx_40xx.o)
 .text.Chip_SSP_ClearIntPending
                0x00006950       0x1c /home/desd/clabsarjsau/PROJECT_DATA/Workspace_2/lpc_chip_175x_6x/Debug/liblpc_chip_175x_6x.a(ssp_17xx_40xx.o)
 .text.Chip_SSP_ReceiveFrame
                0x0000696c       0x18 /home/desd/clabsarjsau/PROJECT_DATA/Workspace_2/lpc_chip_175x_6x/Debug/liblpc_chip_175x_6x.a(ssp_17xx_40xx.o)
 .text.Chip_SSP_SendFrame
                0x00006984       0x1c /home/desd/clabsarjsau/PROJECT_DATA/Workspace_2/lpc_chip_175x_6x/Debug/liblpc_chip_175x_6x.a(ssp_17xx_40xx.o)
 .text.Chip_SSP_SetFormat
                0x000069a0       0x30 /home/desd/clabsarjsau/PROJECT_DATA/Workspace_2/lpc_chip_175x_6x/Debug/liblpc_chip_175x_6x.a(ssp_17xx_40xx.o)
 .text.Chip_SSP_Set_Mode
                0x000069d0       0x24 /home/desd/clabsarjsau/PROJECT_DATA/Workspace_2/lpc_chip_175x_6x/Debug/liblpc_chip_175x_6x.a(ssp_17xx_40xx.o)
 .text.SSP_Write2BFifo
                0x000069f4       0x48 /home/desd/clabsarjsau/PROJECT_DATA/Workspace_2/lpc_chip_175x_6x/Debug/liblpc_chip_175x_6x.a(ssp_17xx_40xx.o)
 .text.SSP_Write1BFifo
                0x00006a3c       0x48 /home/desd/clabsarjsau/PROJECT_DATA/Workspace_2/lpc_chip_175x_6x/Debug/liblpc_chip_175x_6x.a(ssp_17xx_40xx.o)
 .text.SSP_Read2BFifo
                0x00006a84       0x5c /home/desd/clabsarjsau/PROJECT_DATA/Workspace_2/lpc_chip_175x_6x/Debug/liblpc_chip_175x_6x.a(ssp_17xx_40xx.o)
 .text.SSP_Read1BFifo
                0x00006ae0       0x5c /home/desd/clabsarjsau/PROJECT_DATA/Workspace_2/lpc_chip_175x_6x/Debug/liblpc_chip_175x_6x.a(ssp_17xx_40xx.o)
 .text.Chip_SSP_GetClockIndex
                0x00006b3c       0x2c /home/desd/clabsarjsau/PROJECT_DATA/Workspace_2/lpc_chip_175x_6x/Debug/liblpc_chip_175x_6x.a(ssp_17xx_40xx.o)
 .text.Chip_SSP_GetClkIndex
                0x00006b68       0x2c /home/desd/clabsarjsau/PROJECT_DATA/Workspace_2/lpc_chip_175x_6x/Debug/liblpc_chip_175x_6x.a(ssp_17xx_40xx.o)
 .text.Chip_SSP_SetClockRate
                0x00006b94       0x34 /home/desd/clabsarjsau/PROJECT_DATA/Workspace_2/lpc_chip_175x_6x/Debug/liblpc_chip_175x_6x.a(ssp_17xx_40xx.o)
                0x00006b94                Chip_SSP_SetClockRate
 .text.Chip_SSP_RWFrames_Blocking
                0x00006bc8      0x108 /home/desd/clabsarjsau/PROJECT_DATA/Workspace_2/lpc_chip_175x_6x/Debug/liblpc_chip_175x_6x.a(ssp_17xx_40xx.o)
                0x00006bc8                Chip_SSP_RWFrames_Blocking
 .text.Chip_SSP_Int_FlushData
                0x00006cd0       0x4c /home/desd/clabsarjsau/PROJECT_DATA/Workspace_2/lpc_chip_175x_6x/Debug/liblpc_chip_175x_6x.a(ssp_17xx_40xx.o)
                0x00006cd0                Chip_SSP_Int_FlushData
 .text.Chip_SSP_SetBitRate
                0x00006d1c       0x74 /home/desd/clabsarjsau/PROJECT_DATA/Workspace_2/lpc_chip_175x_6x/Debug/liblpc_chip_175x_6x.a(ssp_17xx_40xx.o)
                0x00006d1c                Chip_SSP_SetBitRate
 .text.Chip_SSP_Init
                0x00006d90       0x40 /home/desd/clabsarjsau/PROJECT_DATA/Workspace_2/lpc_chip_175x_6x/Debug/liblpc_chip_175x_6x.a(ssp_17xx_40xx.o)
                0x00006d90                Chip_SSP_Init
 .text.Chip_SSP_DeInit
                0x00006dd0       0x24 /home/desd/clabsarjsau/PROJECT_DATA/Workspace_2/lpc_chip_175x_6x/Debug/liblpc_chip_175x_6x.a(ssp_17xx_40xx.o)
                0x00006dd0                Chip_SSP_DeInit
 .text.Chip_Clock_IsMainPLLEnabled
                0x00006df4       0x24 /home/desd/clabsarjsau/PROJECT_DATA/Workspace_2/lpc_chip_175x_6x/Debug/liblpc_chip_175x_6x.a(sysinit_17xx_40xx.o)
 .text.Chip_Clock_IsMainPLLLocked
                0x00006e18       0x24 /home/desd/clabsarjsau/PROJECT_DATA/Workspace_2/lpc_chip_175x_6x/Debug/liblpc_chip_175x_6x.a(sysinit_17xx_40xx.o)
 .text.Chip_Clock_IsMainPLLConnected
                0x00006e3c       0x24 /home/desd/clabsarjsau/PROJECT_DATA/Workspace_2/lpc_chip_175x_6x/Debug/liblpc_chip_175x_6x.a(sysinit_17xx_40xx.o)
 .text.Chip_Clock_EnableCrystal
                0x00006e60       0x20 /home/desd/clabsarjsau/PROJECT_DATA/Workspace_2/lpc_chip_175x_6x/Debug/liblpc_chip_175x_6x.a(sysinit_17xx_40xx.o)
 .text.Chip_Clock_IsCrystalEnabled
                0x00006e80       0x24 /home/desd/clabsarjsau/PROJECT_DATA/Workspace_2/lpc_chip_175x_6x/Debug/liblpc_chip_175x_6x.a(sysinit_17xx_40xx.o)
 .text.Chip_Clock_SetMainPLLSource
                0x00006ea4       0x20 /home/desd/clabsarjsau/PROJECT_DATA/Workspace_2/lpc_chip_175x_6x/Debug/liblpc_chip_175x_6x.a(sysinit_17xx_40xx.o)
 .text.Chip_SetupXtalClocking
                0x00006ec4       0x90 /home/desd/clabsarjsau/PROJECT_DATA/Workspace_2/lpc_chip_175x_6x/Debug/liblpc_chip_175x_6x.a(sysinit_17xx_40xx.o)
                0x00006ec4                Chip_SetupXtalClocking
 .text.Chip_Timer_GetClockIndex
                0x00006f54       0x50 /home/desd/clabsarjsau/PROJECT_DATA/Workspace_2/lpc_chip_175x_6x/Debug/liblpc_chip_175x_6x.a(timer_17xx_40xx.o)
 .text.Chip_TIMER_Init
                0x00006fa4       0x20 /home/desd/clabsarjsau/PROJECT_DATA/Workspace_2/lpc_chip_175x_6x/Debug/liblpc_chip_175x_6x.a(timer_17xx_40xx.o)
                0x00006fa4                Chip_TIMER_Init
 .text.Chip_TIMER_Reset
                0x00006fc4       0x3c /home/desd/clabsarjsau/PROJECT_DATA/Workspace_2/lpc_chip_175x_6x/Debug/liblpc_chip_175x_6x.a(timer_17xx_40xx.o)
                0x00006fc4                Chip_TIMER_Reset
 .text.Chip_UART_SendByte
                0x00007000       0x1c /home/desd/clabsarjsau/PROJECT_DATA/Workspace_2/lpc_chip_175x_6x/Debug/liblpc_chip_175x_6x.a(uart_17xx_40xx.o)
 .text.Chip_UART_ReadByte
                0x0000701c       0x18 /home/desd/clabsarjsau/PROJECT_DATA/Workspace_2/lpc_chip_175x_6x/Debug/liblpc_chip_175x_6x.a(uart_17xx_40xx.o)
 .text.Chip_UART_SetupFIFOS
                0x00007034       0x1c /home/desd/clabsarjsau/PROJECT_DATA/Workspace_2/lpc_chip_175x_6x/Debug/liblpc_chip_175x_6x.a(uart_17xx_40xx.o)
 .text.Chip_UART_ConfigData
                0x00007050       0x1c /home/desd/clabsarjsau/PROJECT_DATA/Workspace_2/lpc_chip_175x_6x/Debug/liblpc_chip_175x_6x.a(uart_17xx_40xx.o)
 .text.Chip_UART_EnableDivisorAccess
                0x0000706c       0x20 /home/desd/clabsarjsau/PROJECT_DATA/Workspace_2/lpc_chip_175x_6x/Debug/liblpc_chip_175x_6x.a(uart_17xx_40xx.o)
 .text.Chip_UART_DisableDivisorAccess
                0x0000708c       0x20 /home/desd/clabsarjsau/PROJECT_DATA/Workspace_2/lpc_chip_175x_6x/Debug/liblpc_chip_175x_6x.a(uart_17xx_40xx.o)
 .text.Chip_UART_SetDivisorLatches
                0x000070ac       0x28 /home/desd/clabsarjsau/PROJECT_DATA/Workspace_2/lpc_chip_175x_6x/Debug/liblpc_chip_175x_6x.a(uart_17xx_40xx.o)
 .text.Chip_UART_ReadLineStatus
                0x000070d4       0x18 /home/desd/clabsarjsau/PROJECT_DATA/Workspace_2/lpc_chip_175x_6x/Debug/liblpc_chip_175x_6x.a(uart_17xx_40xx.o)
 .text.Chip_UART_GetClockIndex
                0x000070ec       0x50 /home/desd/clabsarjsau/PROJECT_DATA/Workspace_2/lpc_chip_175x_6x/Debug/liblpc_chip_175x_6x.a(uart_17xx_40xx.o)
 .text.Chip_UART_GetClkIndex
                0x0000713c       0x50 /home/desd/clabsarjsau/PROJECT_DATA/Workspace_2/lpc_chip_175x_6x/Debug/liblpc_chip_175x_6x.a(uart_17xx_40xx.o)
 .text.Chip_UART_Init
                0x0000718c       0x78 /home/desd/clabsarjsau/PROJECT_DATA/Workspace_2/lpc_chip_175x_6x/Debug/liblpc_chip_175x_6x.a(uart_17xx_40xx.o)
                0x0000718c                Chip_UART_Init
 .text.Chip_UART_TXEnable
                0x00007204       0x18 /home/desd/clabsarjsau/PROJECT_DATA/Workspace_2/lpc_chip_175x_6x/Debug/liblpc_chip_175x_6x.a(uart_17xx_40xx.o)
                0x00007204                Chip_UART_TXEnable
 .text.Chip_UART_TXDisable
                0x0000721c       0x18 /home/desd/clabsarjsau/PROJECT_DATA/Workspace_2/lpc_chip_175x_6x/Debug/liblpc_chip_175x_6x.a(uart_17xx_40xx.o)
                0x0000721c                Chip_UART_TXDisable
 .text.Chip_UART_Send
                0x00007234       0x50 /home/desd/clabsarjsau/PROJECT_DATA/Workspace_2/lpc_chip_175x_6x/Debug/liblpc_chip_175x_6x.a(uart_17xx_40xx.o)
                0x00007234                Chip_UART_Send
 .text.Chip_UART_CheckBusy
                0x00007284       0x24 /home/desd/clabsarjsau/PROJECT_DATA/Workspace_2/lpc_chip_175x_6x/Debug/liblpc_chip_175x_6x.a(uart_17xx_40xx.o)
                0x00007284                Chip_UART_CheckBusy
 .text.Chip_UART_SendBlocking
                0x000072a8       0x4c /home/desd/clabsarjsau/PROJECT_DATA/Workspace_2/lpc_chip_175x_6x/Debug/liblpc_chip_175x_6x.a(uart_17xx_40xx.o)
                0x000072a8                Chip_UART_SendBlocking
 .text.Chip_UART_Read
                0x000072f4       0x54 /home/desd/clabsarjsau/PROJECT_DATA/Workspace_2/lpc_chip_175x_6x/Debug/liblpc_chip_175x_6x.a(uart_17xx_40xx.o)
                0x000072f4                Chip_UART_Read
 .text.Chip_UART_SetBaud
                0x00007348       0x64 /home/desd/clabsarjsau/PROJECT_DATA/Workspace_2/lpc_chip_175x_6x/Debug/liblpc_chip_175x_6x.a(uart_17xx_40xx.o)
                0x00007348                Chip_UART_SetBaud
 .text.__main   0x000073ac       0x14 /usr/local/lpcxpresso_8.2.2_650/lpcxpresso/tools/bin/../lib/gcc/arm-none-eabi/5.4.1/../../../../arm-none-eabi/lib/armv7-m/libcr_nohost.a(_cr__main.o)
                0x000073ac                __main
 .text.memcpy   0x000073c0        0x4 /usr/local/lpcxpresso_8.2.2_650/lpcxpresso/tools/bin/../lib/gcc/arm-none-eabi/5.4.1/../../../../arm-none-eabi/lib/armv7-m/libcr_c.a(memcpy.o)
                0x000073c0                memcpy
 .text.memset   0x000073c4        0x4 /usr/local/lpcxpresso_8.2.2_650/lpcxpresso/tools/bin/../lib/gcc/arm-none-eabi/5.4.1/../../../../arm-none-eabi/lib/armv7-m/libcr_c.a(memset.o)
                0x000073c4                memset
 .text._initio  0x000073c8       0xa4 /usr/local/lpcxpresso_8.2.2_650/lpcxpresso/tools/bin/../lib/gcc/arm-none-eabi/5.4.1/../../../../arm-none-eabi/lib/armv7-m/libcr_c.a(initio.o)
                0x000073c8                _initio
 .text.setvbuf  0x0000746c       0x40 /usr/local/lpcxpresso_8.2.2_650/lpcxpresso/tools/bin/../lib/gcc/arm-none-eabi/5.4.1/../../../../arm-none-eabi/lib/armv7-m/libcr_c.a(setvbuf.o)
                0x0000746c                setvbuf
 .text.strcmp   0x000074ac       0x44 /usr/local/lpcxpresso_8.2.2_650/lpcxpresso/tools/bin/../lib/gcc/arm-none-eabi/5.4.1/../../../../arm-none-eabi/lib/armv7-m/libcr_c.a(strcmp.o)
                0x000074ac                strcmp
 .text.strlen   0x000074f0       0x4a /usr/local/lpcxpresso_8.2.2_650/lpcxpresso/tools/bin/../lib/gcc/arm-none-eabi/5.4.1/../../../../arm-none-eabi/lib/armv7-m/libcr_c.a(strlen.o)
                0x000074f0                strlen
 .text._deferredlazyseek
                0x0000753a       0x44 /usr/local/lpcxpresso_8.2.2_650/lpcxpresso/tools/bin/../lib/gcc/arm-none-eabi/5.4.1/../../../../arm-none-eabi/lib/armv7-m/libcr_c.a(_deferredlazyseek.o)
                0x0000753a                _deferredlazyseek
 .text._fdopen  0x0000757e       0x6a /usr/local/lpcxpresso_8.2.2_650/lpcxpresso/tools/bin/../lib/gcc/arm-none-eabi/5.4.1/../../../../arm-none-eabi/lib/armv7-m/libcr_c.a(_fdopen.o)
                0x0000757e                _fdopen
 .text._fflush  0x000075e8       0x58 /usr/local/lpcxpresso_8.2.2_650/lpcxpresso/tools/bin/../lib/gcc/arm-none-eabi/5.4.1/../../../../arm-none-eabi/lib/armv7-m/libcr_c.a(_fflush.o)
                0x000075e8                _fflush
 .text._Cwritebuf
                0x00007640       0x68 /usr/local/lpcxpresso_8.2.2_650/lpcxpresso/tools/bin/../lib/gcc/arm-none-eabi/5.4.1/../../../../arm-none-eabi/lib/armv7-m/libcr_c.a(_writebuf.o)
                0x00007640                _Cwritebuf
 .text.malloc   0x000076a8       0xc8 /usr/local/lpcxpresso_8.2.2_650/lpcxpresso/tools/bin/../lib/gcc/arm-none-eabi/5.4.1/../../../../arm-none-eabi/lib/armv7-m/libcr_c.a(alloc.o)
                0x000076a8                malloc
 .text.free     0x00007770       0x30 /usr/local/lpcxpresso_8.2.2_650/lpcxpresso/tools/bin/../lib/gcc/arm-none-eabi/5.4.1/../../../../arm-none-eabi/lib/armv7-m/libcr_c.a(alloc.o)
                0x00007770                free
 .text._Csys_alloc
                0x000077a0       0x20 /usr/local/lpcxpresso_8.2.2_650/lpcxpresso/tools/bin/../lib/gcc/arm-none-eabi/5.4.1/../../../../arm-none-eabi/lib/armv7-m/libcr_c.a(alloc.o)
                0x000077a0                _Csys_alloc
 .text.fclose   0x000077c0       0x6c /usr/local/lpcxpresso_8.2.2_650/lpcxpresso/tools/bin/../lib/gcc/arm-none-eabi/5.4.1/../../../../arm-none-eabi/lib/armv7-m/libcr_c.a(fclose.o)
                0x000077c0                fclose
 .text.fflush   0x0000782c       0x30 /usr/local/lpcxpresso_8.2.2_650/lpcxpresso/tools/bin/../lib/gcc/arm-none-eabi/5.4.1/../../../../arm-none-eabi/lib/armv7-m/libcr_c.a(fflush.o)
                0x0000782c                fflush
 .text.fseek    0x0000785c      0x110 /usr/local/lpcxpresso_8.2.2_650/lpcxpresso/tools/bin/../lib/gcc/arm-none-eabi/5.4.1/../../../../arm-none-eabi/lib/armv7-m/libcr_c.a(fseek.o)
                0x0000785c                fseek
 .text.ftell    0x0000796c       0x4c /usr/local/lpcxpresso_8.2.2_650/lpcxpresso/tools/bin/../lib/gcc/arm-none-eabi/5.4.1/../../../../arm-none-eabi/lib/armv7-m/libcr_c.a(ftell.o)
                0x0000796c                ftell
 .text.remove   0x000079b8       0x14 /usr/local/lpcxpresso_8.2.2_650/lpcxpresso/tools/bin/../lib/gcc/arm-none-eabi/5.4.1/../../../../arm-none-eabi/lib/armv7-m/libcr_c.a(remove.o)
                0x000079b8                remove
 .text._sbrk    0x000079cc       0x40 /usr/local/lpcxpresso_8.2.2_650/lpcxpresso/tools/bin/../lib/gcc/arm-none-eabi/5.4.1/../../../../arm-none-eabi/lib/armv7-m/libcr_c.a(_cr_sbrk.o)
                0x000079cc                _sbrk
 .text._do_fflush
                0x00007a0c       0x44 /usr/local/lpcxpresso_8.2.2_650/lpcxpresso/tools/bin/../lib/gcc/arm-none-eabi/5.4.1/../../../../arm-none-eabi/lib/armv7-m/libcr_c.a(_do_fflush.o)
                0x00007a0c                _do_fflush
 .text.__check_heap_overflow
                0x00007a50       0x18 /usr/local/lpcxpresso_8.2.2_650/lpcxpresso/tools/bin/../lib/gcc/arm-none-eabi/5.4.1/../../../../arm-none-eabi/lib/armv7-m/libcr_c.a(_cr_check_heap.o)
                0x00007a50                __check_heap_overflow
 .text.__aeabi_dmul
                0x00007a68      0x110 /usr/local/lpcxpresso_8.2.2_650/lpcxpresso/tools/bin/../lib/gcc/arm-none-eabi/5.4.1/armv7-m/libcr_eabihelpers.a(double.o)
                0x00007a68                __aeabi_dmul
 .text.__aeabi_d2uiz
                0x00007b78       0x30 /usr/local/lpcxpresso_8.2.2_650/lpcxpresso/tools/bin/../lib/gcc/arm-none-eabi/5.4.1/armv7-m/libcr_eabihelpers.a(double.o)
                0x00007b78                __aeabi_d2uiz
 .text.__bhs_ui2d
                0x00007ba8       0x46 /usr/local/lpcxpresso_8.2.2_650/lpcxpresso/tools/bin/../lib/gcc/arm-none-eabi/5.4.1/armv7-m/libcr_eabihelpers.a(double.o)
                0x00007ba8                __bhs_ui2d
 .text.__aeabi_ui2d
                0x00007bee        0x8 /usr/local/lpcxpresso_8.2.2_650/lpcxpresso/tools/bin/../lib/gcc/arm-none-eabi/5.4.1/armv7-m/libcr_eabihelpers.a(double.o)
                0x00007bee                __aeabi_ui2d
 .text.__aeabi_memcpy
                0x00007bf6       0x34 /usr/local/lpcxpresso_8.2.2_650/lpcxpresso/tools/bin/../lib/gcc/arm-none-eabi/5.4.1/armv7-m/libcr_eabihelpers.a(memcpy.o)
                0x00007bf6                __aeabi_memcpy
                0x00007c00                __aeabi_memcpy4
                0x00007c00                __aeabi_memcpy8
 .text.__aeabi_memset_lowlevel
                0x00007c2a       0x32 /usr/local/lpcxpresso_8.2.2_650/lpcxpresso/tools/bin/../lib/gcc/arm-none-eabi/5.4.1/armv7-m/libcr_eabihelpers.a(memcpy.o)
                0x00007c2a                __aeabi_lowlevel_memset
 .text.__sys_appexit
                0x00007c5c        0x2 /usr/local/lpcxpresso_8.2.2_650/lpcxpresso/tools/bin/../lib/gcc/arm-none-eabi/5.4.1/../../../../arm-none-eabi/lib/armv7-m/libcr_nohost.a(__sys_appexit.o)
                0x00007c5c                __exit
                0x00007c5c                __sys_appexit
 .text.__sys_close
                0x00007c5e        0x6 /usr/local/lpcxpresso_8.2.2_650/lpcxpresso/tools/bin/../lib/gcc/arm-none-eabi/5.4.1/../../../../arm-none-eabi/lib/armv7-m/libcr_nohost.a(__sys_close.o)
                0x00007c5e                __sys_close
 .text.__sys_flen
                0x00007c64        0x6 /usr/local/lpcxpresso_8.2.2_650/lpcxpresso/tools/bin/../lib/gcc/arm-none-eabi/5.4.1/../../../../arm-none-eabi/lib/armv7-m/libcr_nohost.a(__sys_flen.o)
                0x00007c64                __sys_flen
 .text.__sys_istty
                0x00007c6a        0x6 /usr/local/lpcxpresso_8.2.2_650/lpcxpresso/tools/bin/../lib/gcc/arm-none-eabi/5.4.1/../../../../arm-none-eabi/lib/armv7-m/libcr_nohost.a(__sys_istty.o)
                0x00007c6a                __sys_istty
 .text.__sys_remove
                0x00007c70        0x6 /usr/local/lpcxpresso_8.2.2_650/lpcxpresso/tools/bin/../lib/gcc/arm-none-eabi/5.4.1/../../../../arm-none-eabi/lib/armv7-m/libcr_nohost.a(__sys_remove.o)
                0x00007c70                __sys_remove
 .text.__sys_seek
                0x00007c76        0x6 /usr/local/lpcxpresso_8.2.2_650/lpcxpresso/tools/bin/../lib/gcc/arm-none-eabi/5.4.1/../../../../arm-none-eabi/lib/armv7-m/libcr_nohost.a(__sys_seek.o)
                0x00007c76                __sys_seek
 .text.__sys_tmpnam
                0x00007c7c        0x6 /usr/local/lpcxpresso_8.2.2_650/lpcxpresso/tools/bin/../lib/gcc/arm-none-eabi/5.4.1/../../../../arm-none-eabi/lib/armv7-m/libcr_nohost.a(__sys_tmpnam.o)
                0x00007c7c                __sys_tmpnam
 *(.rodata .rodata.* .constdata .constdata.*)
 *fill*         0x00007c82        0x2 ff
 .rodata        0x00007c84        0x5 ./Source/UltraSonic_GPIO/level.o
 *fill*         0x00007c89        0x3 ff
 .rodata        0x00007c8c       0x30 ./Source/FreeRTOSV8.2.3-Products/FreeRTOS/Source/tasks.o
 .rodata        0x00007cbc        0xd ./Source/FreeRTOSV8.2.3-Products/FreeRTOS/Source/timers.o
 *fill*         0x00007cc9        0x3 ff
 .rodata.xIRQ   0x00007ccc        0x2 ./Source/FreeRTOSV8.2.3-Products/FreeRTOS-Plus-IO/Device/LPC17xx/FreeRTOS_lpc17xx_ssp.o
 *fill*         0x00007cce        0x2 ff
 .rodata.xIRQ   0x00007cd0        0x4 ./Source/FreeRTOSV8.2.3-Products/FreeRTOS-Plus-IO/Device/LPC17xx/FreeRTOS_lpc17xx_uart.o
 .rodata        0x00007cd4       0x27 ./Source/FreeRTOSV8.2.3-Products/FreeRTOS-Plus-IO/Common/FreeRTOS_DriverInterface.o
 *fill*         0x00007cfb        0x1 ff
 .rodata.xAvailablePeripherals
                0x00007cfc       0x3c ./Source/FreeRTOSV8.2.3-Products/FreeRTOS-Plus-IO/Common/FreeRTOS_DriverInterface.o
 .rodata        0x00007d38      0x18e ./Source/Examples/UART/UART-Console.o
 *fill*         0x00007ec6        0x2 ff
 .rodata        0x00007ec8        0xf ./Source/Examples/I2C/I2C-myModule.o
 *fill*         0x00007ed7        0x1 ff
 .rodata        0x00007ed8        0xd ./Source/Control_Task/Control_Task.o
 *fill*         0x00007ee5        0x3 ff
 .rodata        0x00007ee8        0x7 ./Source/printf-stdarg.o
 *fill*         0x00007eef        0x1 ff
 .rodata.OscRateIn
                0x00007ef0        0x4 /home/desd/clabsarjsau/PROJECT_DATA/Workspace_2/lpc_board_nxp_lpcxpresso_1769/Debug/liblpc_board_nxp_lpcxpresso_1769.a(board.o)
                0x00007ef0                OscRateIn
 .rodata.RTCOscRateIn
                0x00007ef4        0x4 /home/desd/clabsarjsau/PROJECT_DATA/Workspace_2/lpc_board_nxp_lpcxpresso_1769/Debug/liblpc_board_nxp_lpcxpresso_1769.a(board.o)
                0x00007ef4                RTCOscRateIn
 .rodata.pinmuxing
                0x00007ef8       0x5c /home/desd/clabsarjsau/PROJECT_DATA/Workspace_2/lpc_board_nxp_lpcxpresso_1769/Debug/liblpc_board_nxp_lpcxpresso_1769.a(board_sysinit.o)
 .rodata.I2C_PeriphClk
                0x00007f54        0x3 /home/desd/clabsarjsau/PROJECT_DATA/Workspace_2/lpc_chip_175x_6x/Debug/liblpc_chip_175x_6x.a(i2c_17xx_40xx.o)
 .rodata.str1.1
                0x00007f57        0x4 /usr/local/lpcxpresso_8.2.2_650/lpcxpresso/tools/bin/../lib/gcc/arm-none-eabi/5.4.1/../../../../arm-none-eabi/lib/armv7-m/libcr_c.a(initio.o)
 .rodata.str1.1
                0x00007f5b       0x18 /usr/local/lpcxpresso_8.2.2_650/lpcxpresso/tools/bin/../lib/gcc/arm-none-eabi/5.4.1/../../../../arm-none-eabi/lib/armv7-m/libcr_c.a(alloc.o)
                0x00007f74                . = ALIGN (0x4)
 *fill*         0x00007f73        0x1 ff

.glue_7         0x00007f74        0x0
 .glue_7        0x00007f74        0x0 linker stubs

.glue_7t        0x00007f74        0x0
 .glue_7t       0x00007f74        0x0 linker stubs

.vfp11_veneer   0x00007f74        0x0
 .vfp11_veneer  0x00007f74        0x0 linker stubs

.v4_bx          0x00007f74        0x0
 .v4_bx         0x00007f74        0x0 linker stubs

.iplt           0x00007f74        0x0
 .iplt          0x00007f74        0x0 ./Source/UltraSonic_GPIO/level.o

.rel.dyn        0x00007f74        0x0
 .rel.iplt      0x00007f74        0x0 ./Source/UltraSonic_GPIO/level.o

.ARM.extab
 *(.ARM.extab* .gnu.linkonce.armextab.*)
                0x00007f74                __exidx_start = .

.ARM.exidx
 *(.ARM.exidx* .gnu.linkonce.armexidx.*)
                0x00007f74                __exidx_end = .
                0x00007f74                _etext = .

.data_RAM2      0x2007c000        0x0 load address 0x00007f74
 FILL mask 0xff
                [!provide]                PROVIDE (__start_data_RAM2, .)
 *(.ramfunc.$RAM2)
 *(.ramfunc.$RamAHB32)
 *(.data.$RAM2*)
 *(.data.$RamAHB32*)
                0x2007c000                . = ALIGN (0x4)
                [!provide]                PROVIDE (__end_data_RAM2, .)

.uninit_RESERVED
                0x10000000        0x0
 *(.bss.$RESERVED*)
                0x10000000                . = ALIGN (0x4)
                0x10000000                _end_uninit_RESERVED = .

.data           0x10000000       0x5c load address 0x00007f74
 FILL mask 0xff
                0x10000000                _data = .
 *(vtable)
 *(.ramfunc*)
 *(.data*)
 .data.xFreeBytesRemaining
                0x10000000        0x4 ./Source/FreeRTOSV8.2.3-Products/FreeRTOS/Source/portable/MemMang/heap_2.o
 .data.uxCriticalNesting
                0x10000004        0x4 ./Source/FreeRTOSV8.2.3-Products/FreeRTOS/Source/portable/GCC/ARM_CM3/port.o
 .data.i2c      0x10000008       0x54 /home/desd/clabsarjsau/PROJECT_DATA/Workspace_2/lpc_chip_175x_6x/Debug/liblpc_chip_175x_6x.a(i2c_17xx_40xx.o)
                0x1000005c                . = ALIGN (0x4)
                0x1000005c                _edata = .

.igot.plt       0x1000005c        0x0 load address 0x00007fd0
 .igot.plt      0x1000005c        0x0 ./Source/UltraSonic_GPIO/level.o

.bss_RAM2       0x2007c000        0x0
                [!provide]                PROVIDE (__start_bss_RAM2, .)
 *(.bss.$RAM2*)
 *(.bss.$RamAHB32*)
                0x2007c000                . = ALIGN ((. != 0x0)?0x4:0x1)
                [!provide]                PROVIDE (__end_bss_RAM2, .)

.bss            0x1000005c     0x3f64
                0x1000005c                _bss = .
 *(.bss*)
 .bss.ucHeap    0x1000005c     0x3c00 ./Source/FreeRTOSV8.2.3-Products/FreeRTOS/Source/portable/MemMang/heap_2.o
 .bss.xStart    0x10003c5c        0x8 ./Source/FreeRTOSV8.2.3-Products/FreeRTOS/Source/portable/MemMang/heap_2.o
 .bss.xEnd      0x10003c64        0x8 ./Source/FreeRTOSV8.2.3-Products/FreeRTOS/Source/portable/MemMang/heap_2.o
 .bss.xHeapHasBeenInitialised.7729
                0x10003c6c        0x4 ./Source/FreeRTOSV8.2.3-Products/FreeRTOS/Source/portable/MemMang/heap_2.o
 .bss.ucMaxSysCallPriority
                0x10003c70        0x1 ./Source/FreeRTOSV8.2.3-Products/FreeRTOS/Source/portable/GCC/ARM_CM3/port.o
 *fill*         0x10003c71        0x3 
 .bss.ulMaxPRIGROUPValue
                0x10003c74        0x4 ./Source/FreeRTOSV8.2.3-Products/FreeRTOS/Source/portable/GCC/ARM_CM3/port.o
 .bss.pxCurrentTCB
                0x10003c78        0x4 ./Source/FreeRTOSV8.2.3-Products/FreeRTOS/Source/tasks.o
                0x10003c78                pxCurrentTCB
 .bss.pxReadyTasksLists
                0x10003c7c       0x64 ./Source/FreeRTOSV8.2.3-Products/FreeRTOS/Source/tasks.o
 .bss.xDelayedTaskList1
                0x10003ce0       0x14 ./Source/FreeRTOSV8.2.3-Products/FreeRTOS/Source/tasks.o
 .bss.xDelayedTaskList2
                0x10003cf4       0x14 ./Source/FreeRTOSV8.2.3-Products/FreeRTOS/Source/tasks.o
 .bss.pxDelayedTaskList
                0x10003d08        0x4 ./Source/FreeRTOSV8.2.3-Products/FreeRTOS/Source/tasks.o
 .bss.pxOverflowDelayedTaskList
                0x10003d0c        0x4 ./Source/FreeRTOSV8.2.3-Products/FreeRTOS/Source/tasks.o
 .bss.xPendingReadyList
                0x10003d10       0x14 ./Source/FreeRTOSV8.2.3-Products/FreeRTOS/Source/tasks.o
 .bss.xTasksWaitingTermination
                0x10003d24       0x14 ./Source/FreeRTOSV8.2.3-Products/FreeRTOS/Source/tasks.o
 .bss.uxTasksDeleted
                0x10003d38        0x4 ./Source/FreeRTOSV8.2.3-Products/FreeRTOS/Source/tasks.o
 .bss.xSuspendedTaskList
                0x10003d3c       0x14 ./Source/FreeRTOSV8.2.3-Products/FreeRTOS/Source/tasks.o
 .bss.uxCurrentNumberOfTasks
                0x10003d50        0x4 ./Source/FreeRTOSV8.2.3-Products/FreeRTOS/Source/tasks.o
 .bss.xTickCount
                0x10003d54        0x4 ./Source/FreeRTOSV8.2.3-Products/FreeRTOS/Source/tasks.o
 .bss.uxTopReadyPriority
                0x10003d58        0x4 ./Source/FreeRTOSV8.2.3-Products/FreeRTOS/Source/tasks.o
 .bss.xSchedulerRunning
                0x10003d5c        0x4 ./Source/FreeRTOSV8.2.3-Products/FreeRTOS/Source/tasks.o
 .bss.uxPendedTicks
                0x10003d60        0x4 ./Source/FreeRTOSV8.2.3-Products/FreeRTOS/Source/tasks.o
 .bss.xYieldPending
                0x10003d64        0x4 ./Source/FreeRTOSV8.2.3-Products/FreeRTOS/Source/tasks.o
 .bss.xNumOfOverflows
                0x10003d68        0x4 ./Source/FreeRTOSV8.2.3-Products/FreeRTOS/Source/tasks.o
 .bss.uxTaskNumber
                0x10003d6c        0x4 ./Source/FreeRTOSV8.2.3-Products/FreeRTOS/Source/tasks.o
 .bss.xNextTaskUnblockTime
                0x10003d70        0x4 ./Source/FreeRTOSV8.2.3-Products/FreeRTOS/Source/tasks.o
 .bss.uxSchedulerSuspended
                0x10003d74        0x4 ./Source/FreeRTOSV8.2.3-Products/FreeRTOS/Source/tasks.o
 .bss.ulTaskSwitchedInTime
                0x10003d78        0x4 ./Source/FreeRTOSV8.2.3-Products/FreeRTOS/Source/tasks.o
 .bss.ulTotalRunTime
                0x10003d7c        0x4 ./Source/FreeRTOSV8.2.3-Products/FreeRTOS/Source/tasks.o
 .bss.xActiveTimerList1
                0x10003d80       0x14 ./Source/FreeRTOSV8.2.3-Products/FreeRTOS/Source/timers.o
 .bss.xActiveTimerList2
                0x10003d94       0x14 ./Source/FreeRTOSV8.2.3-Products/FreeRTOS/Source/timers.o
 .bss.pxCurrentTimerList
                0x10003da8        0x4 ./Source/FreeRTOSV8.2.3-Products/FreeRTOS/Source/timers.o
 .bss.pxOverflowTimerList
                0x10003dac        0x4 ./Source/FreeRTOSV8.2.3-Products/FreeRTOS/Source/timers.o
 .bss.xTimerQueue
                0x10003db0        0x4 ./Source/FreeRTOSV8.2.3-Products/FreeRTOS/Source/timers.o
 .bss.xLastTime.7976
                0x10003db4        0x4 ./Source/FreeRTOSV8.2.3-Products/FreeRTOS/Source/timers.o
 .bss.pxTxTransferControlStructs
                0x10003db8        0xc ./Source/FreeRTOSV8.2.3-Products/FreeRTOS-Plus-IO/Device/LPC17xx/FreeRTOS_lpc17xx_i2c.o
 .bss.ucSlaveAddresses
                0x10003dc4        0x3 ./Source/FreeRTOSV8.2.3-Products/FreeRTOS-Plus-IO/Device/LPC17xx/FreeRTOS_lpc17xx_i2c.o
 *fill*         0x10003dc7        0x1 
 .bss.xDataDirection
                0x10003dc8        0x3 ./Source/FreeRTOSV8.2.3-Products/FreeRTOS-Plus-IO/Device/LPC17xx/FreeRTOS_lpc17xx_i2c.o
 *fill*         0x10003dcb        0x1 
 .bss.pxTxTransferControlStructs
                0x10003dcc        0x8 ./Source/FreeRTOSV8.2.3-Products/FreeRTOS-Plus-IO/Device/LPC17xx/FreeRTOS_lpc17xx_ssp.o
 .bss.pxRxTransferControlStructs
                0x10003dd4        0x8 ./Source/FreeRTOSV8.2.3-Products/FreeRTOS-Plus-IO/Device/LPC17xx/FreeRTOS_lpc17xx_ssp.o
 .bss.ulReceiveActive
                0x10003ddc        0x8 ./Source/FreeRTOSV8.2.3-Products/FreeRTOS-Plus-IO/Device/LPC17xx/FreeRTOS_lpc17xx_ssp.o
 .bss.pxTxTransferControlStructs
                0x10003de4       0x10 ./Source/FreeRTOSV8.2.3-Products/FreeRTOS-Plus-IO/Device/LPC17xx/FreeRTOS_lpc17xx_uart.o
 .bss.pxRxTransferControlStructs
                0x10003df4       0x10 ./Source/FreeRTOSV8.2.3-Products/FreeRTOS-Plus-IO/Device/LPC17xx/FreeRTOS_lpc17xx_uart.o
 .bss.xConsoleUART
                0x10003e04        0x4 ./Source/Examples/UART/UART-Console.o
 .bss.xCommandConsoleTask
                0x10003e08        0x4 ./Source/Examples/UART/UART-Console.o
 .bss.ucDataBuffer
                0x10003e0c        0x5 ./Source/Examples/I2C/I2C-myModule.o
 *fill*         0x10003e11        0x3 
 .bss.ulClocksPer10thOfAMilliSecond
                0x10003e14        0x4 ./Source/main.o
 .bss._extra    0x10003e18        0x4 /usr/local/lpcxpresso_8.2.2_650/lpcxpresso/tools/bin/../lib/gcc/arm-none-eabi/5.4.1/../../../../arm-none-eabi/lib/armv7-m/libcr_c.a(initio.o)
                0x10003e18                _extra
 .bss.__Ciob    0x10003e1c      0x140 /usr/local/lpcxpresso_8.2.2_650/lpcxpresso/tools/bin/../lib/gcc/arm-none-eabi/5.4.1/../../../../arm-none-eabi/lib/armv7-m/libcr_c.a(stdio.o)
                0x10003e1c                __Ciob
 .bss.errno     0x10003f5c        0x4 /usr/local/lpcxpresso_8.2.2_650/lpcxpresso/tools/bin/../lib/gcc/arm-none-eabi/5.4.1/../../../../arm-none-eabi/lib/armv7-m/libcr_c.a(errno.o)
                0x10003f5c                errno
 .bss.__heaps   0x10003f60        0x4 /usr/local/lpcxpresso_8.2.2_650/lpcxpresso/tools/bin/../lib/gcc/arm-none-eabi/5.4.1/../../../../arm-none-eabi/lib/armv7-m/libcr_c.a(__init_alloc.o)
                0x10003f60                __heaps
 .bss.__end_of_heap
                0x10003f64        0x4 /usr/local/lpcxpresso_8.2.2_650/lpcxpresso/tools/bin/../lib/gcc/arm-none-eabi/5.4.1/../../../../arm-none-eabi/lib/armv7-m/libcr_c.a(__init_alloc.o)
                0x10003f64                __end_of_heap
 *(COMMON)
 COMMON         0x10003f68       0x50 ./Source/FreeRTOSV8.2.3-Products/FreeRTOS/Source/queue.o
                0x10003f68                xQueueRegistry
 COMMON         0x10003fb8        0x8 ./Source/main.o
                0x10003fb8                xGlobalQueue_UART
                0x10003fbc                xGlobalQueue
                0x10003fc0                . = ALIGN (0x4)
                0x10003fc0                _ebss = .
                [!provide]                PROVIDE (end, .)

.noinit_RAM2    0x2007c000        0x0
 *(.noinit.$RAM2*)
 *(.noinit.$RamAHB32*)
                0x2007c000                . = ALIGN (0x4)

.noinit         0x10003fc0        0x0
                0x10003fc0                _noinit = .
 *(.noinit*)
                0x10003fc0                . = ALIGN (0x4)
                0x10003fc0                _end_noinit = .
                0x10003fc0                PROVIDE (_pvHeapStart, DEFINED (__user_heap_base)?__user_heap_base:.)
                0x10008000                PROVIDE (_vStackTop, DEFINED (__user_stack_top)?__user_stack_top:(__top_RamLoc32 - 0x0))
                [!provide]                PROVIDE (__valid_user_code_checksum, (0x0 - ((((((_vStackTop + (ResetISR + 0x1)) + (NMI_Handler + 0x1)) + (HardFault_Handler + 0x1)) + (DEFINED (MemManage_Handler)?MemManage_Handler:0x0 + 0x1)) + (DEFINED (BusFault_Handler)?BusFault_Handler:0x0 + 0x1)) + (DEFINED (UsageFault_Handler)?UsageFault_Handler:0x0 + 0x1))))
OUTPUT(FreeRTOS-Plus-Demo-1.axf elf32-littlearm)

.debug_info     0x00000000    0x10617
 .debug_info    0x00000000      0x5b5 ./Source/UltraSonic_GPIO/level.o
 .debug_info    0x000005b5      0x3c5 ./Source/FreeRTOSV8.2.3-Products/FreeRTOS/Source/portable/MemMang/heap_2.o
 .debug_info    0x0000097a      0x3fb ./Source/FreeRTOSV8.2.3-Products/FreeRTOS/Source/portable/GCC/ARM_CM3/port.o
 .debug_info    0x00000d75      0x2df ./Source/FreeRTOSV8.2.3-Products/FreeRTOS/Source/list.o
 .debug_info    0x00001054      0xd52 ./Source/FreeRTOSV8.2.3-Products/FreeRTOS/Source/queue.o
 .debug_info    0x00001da6     0x18a7 ./Source/FreeRTOSV8.2.3-Products/FreeRTOS/Source/tasks.o
 .debug_info    0x0000364d      0x918 ./Source/FreeRTOSV8.2.3-Products/FreeRTOS/Source/timers.o
 .debug_info    0x00003f65      0x6a2 ./Source/FreeRTOSV8.2.3-Products/FreeRTOS-Plus-IO/Include/IOUtils_TaskNotificationBasedRx.o
 .debug_info    0x00004607      0x312 ./Source/FreeRTOSV8.2.3-Products/FreeRTOS-Plus-IO/Device/LPC17xx/FreeRTOS_lpc17xx_DriverInterface.o
 .debug_info    0x00004919      0xa39 ./Source/FreeRTOSV8.2.3-Products/FreeRTOS-Plus-IO/Device/LPC17xx/FreeRTOS_lpc17xx_i2c.o
 .debug_info    0x00005352     0x10ab ./Source/FreeRTOSV8.2.3-Products/FreeRTOS-Plus-IO/Device/LPC17xx/FreeRTOS_lpc17xx_ssp.o
 .debug_info    0x000063fd     0x14e1 ./Source/FreeRTOSV8.2.3-Products/FreeRTOS-Plus-IO/Device/LPC17xx/FreeRTOS_lpc17xx_uart.o
 .debug_info    0x000078de      0x7a3 ./Source/FreeRTOSV8.2.3-Products/FreeRTOS-Plus-IO/Common/FreeRTOS_DriverInterface.o
 .debug_info    0x00008081      0x372 ./Source/FreeRTOSV8.2.3-Products/FreeRTOS-Plus-IO/Common/FreeRTOS_IOUtils.o
 .debug_info    0x000083f3      0x623 ./Source/FreeRTOSV8.2.3-Products/FreeRTOS-Plus-IO/Common/IOUtils_CharQueueTxAndRx.o
 .debug_info    0x00008a16      0x4db ./Source/FreeRTOSV8.2.3-Products/FreeRTOS-Plus-IO/Common/IOUtils_CircularBufferRx.o
 .debug_info    0x00008ef1      0x44b ./Source/FreeRTOSV8.2.3-Products/FreeRTOS-Plus-IO/Common/IOUtils_ZeroCopyTx.o
 .debug_info    0x0000933c      0x540 ./Source/Examples/UART/UART-Console.o
 .debug_info    0x0000987c      0x49d ./Source/Examples/I2C/I2C-myModule.o
 .debug_info    0x00009d19      0x3e0 ./Source/Control_Task/Control_Task.o
 .debug_info    0x0000a0f9      0x250 ./Source/cr_startup_lpc175x_6x.o
 .debug_info    0x0000a349      0x4de ./Source/main.o
 .debug_info    0x0000a827      0x3c4 ./Source/printf-stdarg.o
 .debug_info    0x0000abeb      0x110 ./Source/sysinit.o
 .debug_info    0x0000acfb     0x13d3 /home/desd/clabsarjsau/PROJECT_DATA/Workspace_2/lpc_board_nxp_lpcxpresso_1769/Debug/liblpc_board_nxp_lpcxpresso_1769.a(board.o)
 .debug_info    0x0000c0ce      0x591 /home/desd/clabsarjsau/PROJECT_DATA/Workspace_2/lpc_board_nxp_lpcxpresso_1769/Debug/liblpc_board_nxp_lpcxpresso_1769.a(board_sysinit.o)
 .debug_info    0x0000c65f      0xb62 /home/desd/clabsarjsau/PROJECT_DATA/Workspace_2/lpc_chip_175x_6x/Debug/liblpc_chip_175x_6x.a(clock_17xx_40xx.o)
 .debug_info    0x0000d1c1      0xe70 /home/desd/clabsarjsau/PROJECT_DATA/Workspace_2/lpc_chip_175x_6x/Debug/liblpc_chip_175x_6x.a(i2c_17xx_40xx.o)
 .debug_info    0x0000e031      0x2e9 /home/desd/clabsarjsau/PROJECT_DATA/Workspace_2/lpc_chip_175x_6x/Debug/liblpc_chip_175x_6x.a(iocon_17xx_40xx.o)
 .debug_info    0x0000e31a      0xbf1 /home/desd/clabsarjsau/PROJECT_DATA/Workspace_2/lpc_chip_175x_6x/Debug/liblpc_chip_175x_6x.a(ssp_17xx_40xx.o)
 .debug_info    0x0000ef0b      0x439 /home/desd/clabsarjsau/PROJECT_DATA/Workspace_2/lpc_chip_175x_6x/Debug/liblpc_chip_175x_6x.a(sysinit_17xx_40xx.o)
 .debug_info    0x0000f344      0x3f9 /home/desd/clabsarjsau/PROJECT_DATA/Workspace_2/lpc_chip_175x_6x/Debug/liblpc_chip_175x_6x.a(timer_17xx_40xx.o)
 .debug_info    0x0000f73d      0xeda /home/desd/clabsarjsau/PROJECT_DATA/Workspace_2/lpc_chip_175x_6x/Debug/liblpc_chip_175x_6x.a(uart_17xx_40xx.o)

.debug_abbrev   0x00000000     0x37c2
 .debug_abbrev  0x00000000      0x15c ./Source/UltraSonic_GPIO/level.o
 .debug_abbrev  0x0000015c      0x1b2 ./Source/FreeRTOSV8.2.3-Products/FreeRTOS/Source/portable/MemMang/heap_2.o
 .debug_abbrev  0x0000030e      0x1e1 ./Source/FreeRTOSV8.2.3-Products/FreeRTOS/Source/portable/GCC/ARM_CM3/port.o
 .debug_abbrev  0x000004ef       0xec ./Source/FreeRTOSV8.2.3-Products/FreeRTOS/Source/list.o
 .debug_abbrev  0x000005db      0x1cc ./Source/FreeRTOSV8.2.3-Products/FreeRTOS/Source/queue.o
 .debug_abbrev  0x000007a7      0x29d ./Source/FreeRTOSV8.2.3-Products/FreeRTOS/Source/tasks.o
 .debug_abbrev  0x00000a44      0x1ca ./Source/FreeRTOSV8.2.3-Products/FreeRTOS/Source/timers.o
 .debug_abbrev  0x00000c0e      0x195 ./Source/FreeRTOSV8.2.3-Products/FreeRTOS-Plus-IO/Include/IOUtils_TaskNotificationBasedRx.o
 .debug_abbrev  0x00000da3      0x101 ./Source/FreeRTOSV8.2.3-Products/FreeRTOS-Plus-IO/Device/LPC17xx/FreeRTOS_lpc17xx_DriverInterface.o
 .debug_abbrev  0x00000ea4      0x1c2 ./Source/FreeRTOSV8.2.3-Products/FreeRTOS-Plus-IO/Device/LPC17xx/FreeRTOS_lpc17xx_i2c.o
 .debug_abbrev  0x00001066      0x277 ./Source/FreeRTOSV8.2.3-Products/FreeRTOS-Plus-IO/Device/LPC17xx/FreeRTOS_lpc17xx_ssp.o
 .debug_abbrev  0x000012dd      0x2df ./Source/FreeRTOSV8.2.3-Products/FreeRTOS-Plus-IO/Device/LPC17xx/FreeRTOS_lpc17xx_uart.o
 .debug_abbrev  0x000015bc      0x15f ./Source/FreeRTOSV8.2.3-Products/FreeRTOS-Plus-IO/Common/FreeRTOS_DriverInterface.o
 .debug_abbrev  0x0000171b       0xe4 ./Source/FreeRTOSV8.2.3-Products/FreeRTOS-Plus-IO/Common/FreeRTOS_IOUtils.o
 .debug_abbrev  0x000017ff      0x135 ./Source/FreeRTOSV8.2.3-Products/FreeRTOS-Plus-IO/Common/IOUtils_CharQueueTxAndRx.o
 .debug_abbrev  0x00001934      0x135 ./Source/FreeRTOSV8.2.3-Products/FreeRTOS-Plus-IO/Common/IOUtils_CircularBufferRx.o
 .debug_abbrev  0x00001a69      0x101 ./Source/FreeRTOSV8.2.3-Products/FreeRTOS-Plus-IO/Common/IOUtils_ZeroCopyTx.o
 .debug_abbrev  0x00001b6a      0x161 ./Source/Examples/UART/UART-Console.o
 .debug_abbrev  0x00001ccb      0x15b ./Source/Examples/I2C/I2C-myModule.o
 .debug_abbrev  0x00001e26      0x153 ./Source/Control_Task/Control_Task.o
 .debug_abbrev  0x00001f79       0xf5 ./Source/cr_startup_lpc175x_6x.o
 .debug_abbrev  0x0000206e      0x1b7 ./Source/main.o
 .debug_abbrev  0x00002225      0x14d ./Source/printf-stdarg.o
 .debug_abbrev  0x00002372       0xa3 ./Source/sysinit.o
 .debug_abbrev  0x00002415      0x379 /home/desd/clabsarjsau/PROJECT_DATA/Workspace_2/lpc_board_nxp_lpcxpresso_1769/Debug/liblpc_board_nxp_lpcxpresso_1769.a(board.o)
 .debug_abbrev  0x0000278e      0x15c /home/desd/clabsarjsau/PROJECT_DATA/Workspace_2/lpc_board_nxp_lpcxpresso_1769/Debug/liblpc_board_nxp_lpcxpresso_1769.a(board_sysinit.o)
 .debug_abbrev  0x000028ea      0x2ec /home/desd/clabsarjsau/PROJECT_DATA/Workspace_2/lpc_chip_175x_6x/Debug/liblpc_chip_175x_6x.a(clock_17xx_40xx.o)
 .debug_abbrev  0x00002bd6      0x2ae /home/desd/clabsarjsau/PROJECT_DATA/Workspace_2/lpc_chip_175x_6x/Debug/liblpc_chip_175x_6x.a(i2c_17xx_40xx.o)
 .debug_abbrev  0x00002e84      0x126 /home/desd/clabsarjsau/PROJECT_DATA/Workspace_2/lpc_chip_175x_6x/Debug/liblpc_chip_175x_6x.a(iocon_17xx_40xx.o)
 .debug_abbrev  0x00002faa      0x258 /home/desd/clabsarjsau/PROJECT_DATA/Workspace_2/lpc_chip_175x_6x/Debug/liblpc_chip_175x_6x.a(ssp_17xx_40xx.o)
 .debug_abbrev  0x00003202      0x175 /home/desd/clabsarjsau/PROJECT_DATA/Workspace_2/lpc_chip_175x_6x/Debug/liblpc_chip_175x_6x.a(sysinit_17xx_40xx.o)
 .debug_abbrev  0x00003377      0x163 /home/desd/clabsarjsau/PROJECT_DATA/Workspace_2/lpc_chip_175x_6x/Debug/liblpc_chip_175x_6x.a(timer_17xx_40xx.o)
 .debug_abbrev  0x000034da      0x2e8 /home/desd/clabsarjsau/PROJECT_DATA/Workspace_2/lpc_chip_175x_6x/Debug/liblpc_chip_175x_6x.a(uart_17xx_40xx.o)

.debug_aranges  0x00000000     0x1058
 .debug_aranges
                0x00000000       0x80 ./Source/UltraSonic_GPIO/level.o
 .debug_aranges
                0x00000080       0x40 ./Source/FreeRTOSV8.2.3-Products/FreeRTOS/Source/portable/MemMang/heap_2.o
 .debug_aranges
                0x000000c0       0x90 ./Source/FreeRTOSV8.2.3-Products/FreeRTOS/Source/portable/GCC/ARM_CM3/port.o
 .debug_aranges
                0x00000150       0x40 ./Source/FreeRTOSV8.2.3-Products/FreeRTOS/Source/list.o
 .debug_aranges
                0x00000190      0x108 ./Source/FreeRTOSV8.2.3-Products/FreeRTOS/Source/queue.o
 .debug_aranges
                0x00000298      0x1e0 ./Source/FreeRTOSV8.2.3-Products/FreeRTOS/Source/tasks.o
 .debug_aranges
                0x00000478       0x98 ./Source/FreeRTOSV8.2.3-Products/FreeRTOS/Source/timers.o
 .debug_aranges
                0x00000510       0x30 ./Source/FreeRTOSV8.2.3-Products/FreeRTOS-Plus-IO/Include/IOUtils_TaskNotificationBasedRx.o
 .debug_aranges
                0x00000540       0x20 ./Source/FreeRTOSV8.2.3-Products/FreeRTOS-Plus-IO/Device/LPC17xx/FreeRTOS_lpc17xx_DriverInterface.o
 .debug_aranges
                0x00000560       0x40 ./Source/FreeRTOSV8.2.3-Products/FreeRTOS-Plus-IO/Device/LPC17xx/FreeRTOS_lpc17xx_i2c.o
 .debug_aranges
                0x000005a0       0x98 ./Source/FreeRTOSV8.2.3-Products/FreeRTOS-Plus-IO/Device/LPC17xx/FreeRTOS_lpc17xx_ssp.o
 .debug_aranges
                0x00000638       0x98 ./Source/FreeRTOSV8.2.3-Products/FreeRTOS-Plus-IO/Device/LPC17xx/FreeRTOS_lpc17xx_uart.o
 .debug_aranges
                0x000006d0       0x28 ./Source/FreeRTOSV8.2.3-Products/FreeRTOS-Plus-IO/Common/FreeRTOS_DriverInterface.o
 .debug_aranges
                0x000006f8       0x20 ./Source/FreeRTOSV8.2.3-Products/FreeRTOS-Plus-IO/Common/FreeRTOS_IOUtils.o
 .debug_aranges
                0x00000718       0x50 ./Source/FreeRTOSV8.2.3-Products/FreeRTOS-Plus-IO/Common/IOUtils_CharQueueTxAndRx.o
 .debug_aranges
                0x00000768       0x38 ./Source/FreeRTOSV8.2.3-Products/FreeRTOS-Plus-IO/Common/IOUtils_CircularBufferRx.o
 .debug_aranges
                0x000007a0       0x30 ./Source/FreeRTOSV8.2.3-Products/FreeRTOS-Plus-IO/Common/IOUtils_ZeroCopyTx.o
 .debug_aranges
                0x000007d0       0x28 ./Source/Examples/UART/UART-Console.o
 .debug_aranges
                0x000007f8       0x28 ./Source/Examples/I2C/I2C-myModule.o
 .debug_aranges
                0x00000820       0x48 ./Source/Control_Task/Control_Task.o
 .debug_aranges
                0x00000868       0x80 ./Source/cr_startup_lpc175x_6x.o
 .debug_aranges
                0x000008e8       0x48 ./Source/main.o
 .debug_aranges
                0x00000930       0x58 ./Source/printf-stdarg.o
 .debug_aranges
                0x00000988       0x20 ./Source/sysinit.o
 .debug_aranges
                0x000009a8      0x160 /home/desd/clabsarjsau/PROJECT_DATA/Workspace_2/lpc_board_nxp_lpcxpresso_1769/Debug/liblpc_board_nxp_lpcxpresso_1769.a(board.o)
 .debug_aranges
                0x00000b08       0x38 /home/desd/clabsarjsau/PROJECT_DATA/Workspace_2/lpc_board_nxp_lpcxpresso_1769/Debug/liblpc_board_nxp_lpcxpresso_1769.a(board_sysinit.o)
 .debug_aranges
                0x00000b40      0x120 /home/desd/clabsarjsau/PROJECT_DATA/Workspace_2/lpc_chip_175x_6x/Debug/liblpc_chip_175x_6x.a(clock_17xx_40xx.o)
 .debug_aranges
                0x00000c60      0x118 /home/desd/clabsarjsau/PROJECT_DATA/Workspace_2/lpc_chip_175x_6x/Debug/liblpc_chip_175x_6x.a(i2c_17xx_40xx.o)
 .debug_aranges
                0x00000d78       0x30 /home/desd/clabsarjsau/PROJECT_DATA/Workspace_2/lpc_chip_175x_6x/Debug/liblpc_chip_175x_6x.a(iocon_17xx_40xx.o)
 .debug_aranges
                0x00000da8       0xe8 /home/desd/clabsarjsau/PROJECT_DATA/Workspace_2/lpc_chip_175x_6x/Debug/liblpc_chip_175x_6x.a(ssp_17xx_40xx.o)
 .debug_aranges
                0x00000e90       0x60 /home/desd/clabsarjsau/PROJECT_DATA/Workspace_2/lpc_chip_175x_6x/Debug/liblpc_chip_175x_6x.a(sysinit_17xx_40xx.o)
 .debug_aranges
                0x00000ef0       0x40 /home/desd/clabsarjsau/PROJECT_DATA/Workspace_2/lpc_chip_175x_6x/Debug/liblpc_chip_175x_6x.a(timer_17xx_40xx.o)
 .debug_aranges
                0x00000f30      0x128 /home/desd/clabsarjsau/PROJECT_DATA/Workspace_2/lpc_chip_175x_6x/Debug/liblpc_chip_175x_6x.a(uart_17xx_40xx.o)

.debug_ranges   0x00000000      0xf10
 .debug_ranges  0x00000000       0x70 ./Source/UltraSonic_GPIO/level.o
 .debug_ranges  0x00000070       0x30 ./Source/FreeRTOSV8.2.3-Products/FreeRTOS/Source/portable/MemMang/heap_2.o
 .debug_ranges  0x000000a0       0x80 ./Source/FreeRTOSV8.2.3-Products/FreeRTOS/Source/portable/GCC/ARM_CM3/port.o
 .debug_ranges  0x00000120       0x30 ./Source/FreeRTOSV8.2.3-Products/FreeRTOS/Source/list.o
 .debug_ranges  0x00000150       0xf8 ./Source/FreeRTOSV8.2.3-Products/FreeRTOS/Source/queue.o
 .debug_ranges  0x00000248      0x1d0 ./Source/FreeRTOSV8.2.3-Products/FreeRTOS/Source/tasks.o
 .debug_ranges  0x00000418       0x88 ./Source/FreeRTOSV8.2.3-Products/FreeRTOS/Source/timers.o
 .debug_ranges  0x000004a0       0x20 ./Source/FreeRTOSV8.2.3-Products/FreeRTOS-Plus-IO/Include/IOUtils_TaskNotificationBasedRx.o
 .debug_ranges  0x000004c0       0x10 ./Source/FreeRTOSV8.2.3-Products/FreeRTOS-Plus-IO/Device/LPC17xx/FreeRTOS_lpc17xx_DriverInterface.o
 .debug_ranges  0x000004d0       0x30 ./Source/FreeRTOSV8.2.3-Products/FreeRTOS-Plus-IO/Device/LPC17xx/FreeRTOS_lpc17xx_i2c.o
 .debug_ranges  0x00000500       0x88 ./Source/FreeRTOSV8.2.3-Products/FreeRTOS-Plus-IO/Device/LPC17xx/FreeRTOS_lpc17xx_ssp.o
 .debug_ranges  0x00000588      0x150 ./Source/FreeRTOSV8.2.3-Products/FreeRTOS-Plus-IO/Device/LPC17xx/FreeRTOS_lpc17xx_uart.o
 .debug_ranges  0x000006d8       0x18 ./Source/FreeRTOSV8.2.3-Products/FreeRTOS-Plus-IO/Common/FreeRTOS_DriverInterface.o
 .debug_ranges  0x000006f0       0x10 ./Source/FreeRTOSV8.2.3-Products/FreeRTOS-Plus-IO/Common/FreeRTOS_IOUtils.o
 .debug_ranges  0x00000700       0x40 ./Source/FreeRTOSV8.2.3-Products/FreeRTOS-Plus-IO/Common/IOUtils_CharQueueTxAndRx.o
 .debug_ranges  0x00000740       0x28 ./Source/FreeRTOSV8.2.3-Products/FreeRTOS-Plus-IO/Common/IOUtils_CircularBufferRx.o
 .debug_ranges  0x00000768       0x20 ./Source/FreeRTOSV8.2.3-Products/FreeRTOS-Plus-IO/Common/IOUtils_ZeroCopyTx.o
 .debug_ranges  0x00000788       0x18 ./Source/Examples/UART/UART-Console.o
 .debug_ranges  0x000007a0       0x18 ./Source/Examples/I2C/I2C-myModule.o
 .debug_ranges  0x000007b8       0x38 ./Source/Control_Task/Control_Task.o
 .debug_ranges  0x000007f0       0x70 ./Source/cr_startup_lpc175x_6x.o