Archive member included to satisfy reference by file (symbol)

C:\Users\Kalidas Tate\Documents\LPCXpresso_8.2.2_650\workspaceTEST\lpc_board_nxp_lpcxpresso_1769\Debug\liblpc_board_nxp_lpcxpresso_1769.a(board.o)
                              ./Source/Display/Display.o (Board_Lcd_Cmd_Write)
C:\Users\Kalidas Tate\Documents\LPCXpresso_8.2.2_650\workspaceTEST\lpc_board_nxp_lpcxpresso_1769\Debug\liblpc_board_nxp_lpcxpresso_1769.a(board_sysinit.o)
                              ./Source/sysinit.o (Board_SystemInit)
C:\Users\Kalidas Tate\Documents\LPCXpresso_8.2.2_650\workspaceTEST\lpc_chip_175x_6x\Debug\liblpc_chip_175x_6x.a(chip_17xx_40xx.o)
                              ./Source/Fault_handling/EEPROM_Write_Faullt.o (SystemCoreClockUpdate)
C:\Users\Kalidas Tate\Documents\LPCXpresso_8.2.2_650\workspaceTEST\lpc_chip_175x_6x\Debug\liblpc_chip_175x_6x.a(clock_17xx_40xx.o)
                              C:\Users\Kalidas Tate\Documents\LPCXpresso_8.2.2_650\workspaceTEST\lpc_chip_175x_6x\Debug\liblpc_chip_175x_6x.a(chip_17xx_40xx.o) (Chip_Clock_EnablePLL)
C:\Users\Kalidas Tate\Documents\LPCXpresso_8.2.2_650\workspaceTEST\lpc_chip_175x_6x\Debug\liblpc_chip_175x_6x.a(i2c_17xx_40xx.o)
                              ./Source/Fault_handling/EEPROM_Write_Faullt.o (Chip_I2C_EventHandler)
C:\Users\Kalidas Tate\Documents\LPCXpresso_8.2.2_650\workspaceTEST\lpc_chip_175x_6x\Debug\liblpc_chip_175x_6x.a(i2s_17xx_40xx.o)
                              C:\Users\Kalidas Tate\Documents\LPCXpresso_8.2.2_650\workspaceTEST\lpc_board_nxp_lpcxpresso_1769\Debug\liblpc_board_nxp_lpcxpresso_1769.a(board.o) (Chip_I2S_Init)
C:\Users\Kalidas Tate\Documents\LPCXpresso_8.2.2_650\workspaceTEST\lpc_chip_175x_6x\Debug\liblpc_chip_175x_6x.a(iocon_17xx_40xx.o)
                              ./Source/FreeRTOSV8.2.3-Products/FreeRTOS-Plus-IO/Device/LPC17xx/FreeRTOS_lpc17xx_i2c.o (Chip_IOCON_PinMuxSet)
C:\Users\Kalidas Tate\Documents\LPCXpresso_8.2.2_650\workspaceTEST\lpc_chip_175x_6x\Debug\liblpc_chip_175x_6x.a(ssp_17xx_40xx.o)
                              ./Source/FreeRTOSV8.2.3-Products/FreeRTOS-Plus-IO/Device/LPC17xx/FreeRTOS_lpc17xx_ssp.o (Chip_SSP_RWFrames_Blocking)
C:\Users\Kalidas Tate\Documents\LPCXpresso_8.2.2_650\workspaceTEST\lpc_chip_175x_6x\Debug\liblpc_chip_175x_6x.a(sysinit_17xx_40xx.o)
                              C:\Users\Kalidas Tate\Documents\LPCXpresso_8.2.2_650\workspaceTEST\lpc_board_nxp_lpcxpresso_1769\Debug\liblpc_board_nxp_lpcxpresso_1769.a(board_sysinit.o) (Chip_SetupXtalClocking)
C:\Users\Kalidas Tate\Documents\LPCXpresso_8.2.2_650\workspaceTEST\lpc_chip_175x_6x\Debug\liblpc_chip_175x_6x.a(timer_17xx_40xx.o)
                              ./Source/Examples/Ultrasonic_GPIO/level.o (Chip_TIMER_Init)
C:\Users\Kalidas Tate\Documents\LPCXpresso_8.2.2_650\workspaceTEST\lpc_chip_175x_6x\Debug\liblpc_chip_175x_6x.a(uart_17xx_40xx.o)
                              ./Source/FreeRTOSV8.2.3-Products/FreeRTOS-Plus-IO/Device/LPC17xx/FreeRTOS_lpc17xx_uart.o (Chip_UART_Init)
C:\Users\Kalidas Tate\Documents\LPCXpresso_8.2.2_650\workspaceTEST\lpc_chip_175x_6x\Debug\liblpc_chip_175x_6x.a(ring_buffer.o)
                              C:\Users\Kalidas Tate\Documents\LPCXpresso_8.2.2_650\workspaceTEST\lpc_chip_175x_6x\Debug\liblpc_chip_175x_6x.a(uart_17xx_40xx.o) (RingBuffer_Insert)
c:/nxp/lpcxpresso_8.2.2_650/lpcxpresso/tools/bin/../lib/gcc/arm-none-eabi/5.4.1/../../../../arm-none-eabi/lib/armv7-m\libcr_semihost.a(_cr__main.o)
                              ./Source/cr_startup_lpc175x_6x.o (__main)
c:/nxp/lpcxpresso_8.2.2_650/lpcxpresso/tools/bin/../lib/gcc/arm-none-eabi/5.4.1/../../../../arm-none-eabi/lib/armv7-m\libcr_c.a(memcpy.o)
                              ./Source/FreeRTOSV8.2.3-Products/FreeRTOS/Source/queue.o (memcpy)
c:/nxp/lpcxpresso_8.2.2_650/lpcxpresso/tools/bin/../lib/gcc/arm-none-eabi/5.4.1/../../../../arm-none-eabi/lib/armv7-m\libcr_c.a(memset.o)
                              ./Source/FreeRTOSV8.2.3-Products/FreeRTOS/Source/tasks.o (memset)
c:/nxp/lpcxpresso_8.2.2_650/lpcxpresso/tools/bin/../lib/gcc/arm-none-eabi/5.4.1/../../../../arm-none-eabi/lib/armv7-m\libcr_c.a(initio.o)
                              c:/nxp/lpcxpresso_8.2.2_650/lpcxpresso/tools/bin/../lib/gcc/arm-none-eabi/5.4.1/../../../../arm-none-eabi/lib/armv7-m\libcr_semihost.a(_cr__main.o) (_initio)
c:/nxp/lpcxpresso_8.2.2_650/lpcxpresso/tools/bin/../lib/gcc/arm-none-eabi/5.4.1/../../../../arm-none-eabi/lib/armv7-m\libcr_c.a(scanf.o)
                              ./Source/Examples/UART/CLI-commands.o (atol)
c:/nxp/lpcxpresso_8.2.2_650/lpcxpresso/tools/bin/../lib/gcc/arm-none-eabi/5.4.1/../../../../arm-none-eabi/lib/armv7-m\libcr_c.a(setvbuf.o)
                              c:/nxp/lpcxpresso_8.2.2_650/lpcxpresso/tools/bin/../lib/gcc/arm-none-eabi/5.4.1/../../../../arm-none-eabi/lib/armv7-m\libcr_c.a(initio.o) (setvbuf)
[...]
Memory Configuration

Name             Origin             Length             Attributes
FLASH            0x00000000         0x00080000         xr
SRAM             0x10000000         0x00008000         xrw
AHBRAM0          0x2007c000         0x00004000
AHBRAM1          0x20080000         0x00004000
*default*        0x00000000         0xffffffff

Linker script and memory map

LOAD ./Source/Infotainment/Infotainment-UART-Console.o
LOAD ./Source/FreeRTOSV8.2.3-Products/FreeRTOS/Source/portable/MemMang/heap_2.o
LOAD ./Source/FreeRTOSV8.2.3-Products/FreeRTOS/Source/portable/GCC/ARM_CM3/port.o
LOAD ./Source/FreeRTOSV8.2.3-Products/FreeRTOS/Source/croutine.o
LOAD ./Source/FreeRTOSV8.2.3-Products/FreeRTOS/Source/event_groups.o
LOAD ./Source/FreeRTOSV8.2.3-Products/FreeRTOS/Source/list.o
LOAD ./Source/FreeRTOSV8.2.3-Products/FreeRTOS/Source/queue.o
LOAD ./Source/FreeRTOSV8.2.3-Products/FreeRTOS/Source/tasks.o
LOAD ./Source/FreeRTOSV8.2.3-Products/FreeRTOS/Source/timers.o
LOAD ./Source/FreeRTOSV8.2.3-Products/FreeRTOS-Plus-IO/Include/IOUtils_TaskNotificationBasedRx.o
LOAD ./Source/FreeRTOSV8.2.3-Products/FreeRTOS-Plus-IO/Device/LPC17xx/FreeRTOS_lpc17xx_DriverInterface.o
LOAD ./Source/FreeRTOSV8.2.3-Products/FreeRTOS-Plus-IO/Device/LPC17xx/FreeRTOS_lpc17xx_i2c.o
LOAD ./Source/FreeRTOSV8.2.3-Products/FreeRTOS-Plus-IO/Device/LPC17xx/FreeRTOS_lpc17xx_ssp.o
LOAD ./Source/FreeRTOSV8.2.3-Products/FreeRTOS-Plus-IO/Device/LPC17xx/FreeRTOS_lpc17xx_uart.o
LOAD ./Source/FreeRTOSV8.2.3-Products/FreeRTOS-Plus-IO/Common/FreeRTOS_DriverInterface.o
LOAD ./Source/FreeRTOSV8.2.3-Products/FreeRTOS-Plus-IO/Common/FreeRTOS_IOUtils.o
LOAD ./Source/FreeRTOSV8.2.3-Products/FreeRTOS-Plus-IO/Common/IOUtils_CharQueueTxAndRx.o
LOAD ./Source/FreeRTOSV8.2.3-Products/FreeRTOS-Plus-IO/Common/IOUtils_CircularBufferRx.o
LOAD ./Source/FreeRTOSV8.2.3-Products/FreeRTOS-Plus-IO/Common/IOUtils_ZeroCopyTx.o
LOAD ./Source/Fault_handling/EEPROM_Write_Faullt.o
LOAD ./Source/Examples/Ultrasonic_GPIO/level.o
LOAD ./Source/Examples/UART/CLI-commands.o
LOAD ./Source/Examples/UART/UART-Console.o
LOAD ./Source/Examples/UART/UART-interrupt-driven-command-console.o
LOAD ./Source/Examples/UART/UART-operation-modes-test.o
LOAD ./Source/Examples/I2C/I2C-myModule.o
LOAD ./Source/ETCS/Control_Task/Control_Task.o
LOAD ./Source/ETCS/Brake_Task/Brake.o
LOAD ./Source/ETCS/Acc_Task/Accelerate.o
LOAD ./Source/Display/Display.o
LOAD ./Source/cr_startup_lpc175x_6x.o
LOAD ./Source/main.o
LOAD ./Source/printf-stdarg.o
LOAD ./Source/sysinit.o
LOAD C:\Users\Kalidas Tate\Documents\LPCXpresso_8.2.2_650\workspaceTEST\lpc_board_nxp_lpcxpresso_1769\Debug\liblpc_board_nxp_lpcxpresso_1769.a
LOAD C:\Users\Kalidas Tate\Documents\LPCXpresso_8.2.2_650\workspaceTEST\lpc_chip_175x_6x\Debug\liblpc_chip_175x_6x.a
LOAD C:\Users\Kalidas Tate\Documents\LPCXpresso_8.2.2_650\workspaceTEST\lpc_board_nxp_lpcxpresso_1769\Debug\liblpc_board_nxp_lpcxpresso_1769.a
START GROUP
LOAD c:/nxp/lpcxpresso_8.2.2_650/lpcxpresso/tools/bin/../lib/gcc/arm-none-eabi/5.4.1/../../../../arm-none-eabi/lib/armv7-m\libcr_semihost.a
LOAD c:/nxp/lpcxpresso_8.2.2_650/lpcxpresso/tools/bin/../lib/gcc/arm-none-eabi/5.4.1/../../../../arm-none-eabi/lib/armv7-m\libcr_c.a
LOAD c:/nxp/lpcxpresso_8.2.2_650/lpcxpresso/tools/bin/../lib/gcc/arm-none-eabi/5.4.1/armv7-m\libcr_eabihelpers.a
END GROUP
                0x10008000                _vRamTop = (ORIGIN (SRAM) + LENGTH (SRAM))
                0x00004000                _Privileged_Functions_Region_Size = 0x4000
                0x00000100                _Privileged_Data_Region_Size = 0x100
                0x00000000                __FLASH_segment_start__ = ORIGIN (FLASH)
                0x00080000                __FLASH_segment_end__ = (__FLASH_segment_start__ + LENGTH (FLASH))
                0x00000000                __privileged_functions_start__ = ORIGIN (FLASH)
                0x00004000                __privileged_functions_end__ = (__privileged_functions_start__ + _Privileged_Functions_Region_Size)
                0x10000000                __SRAM_segment_start__ = ORIGIN (SRAM)
                0x10008000                __SRAM_segment_end__ = (__SRAM_segment_start__ + LENGTH (SRAM))
                0x10000000                __privileged_data_start__ = ORIGIN (SRAM)
                0x10000100                __privileged_data_end__ = (ORIGIN (SRAM) + _Privileged_Data_Region_Size)

privileged_functions
                0x00000000     0x3b98
 *(.isr_vector)
 .isr_vector    0x00000000       0xcc ./Source/cr_startup_lpc175x_6x.o
                0x00000000                g_pfnVectors
 *(privileged_functions)
 privileged_functions
                0x000000cc      0x1b8 ./Source/FreeRTOSV8.2.3-Products/FreeRTOS/Source/portable/MemMang/heap_2.o
                0x000000cc                pvPortMalloc
                0x000001f0                vPortFree
                0x00000264                vPortInitialiseBlocks
                0x00000270                xPortGetFreeHeapSize
 privileged_functions
                0x00000284      0x4cc ./Source/FreeRTOSV8.2.3-Products/FreeRTOS/Source/portable/GCC/ARM_CM3/port.o
                0x00000284                pxPortInitialiseStack
                0x000002ec                xPortStartScheduler
                0x00000328                vPortEndScheduler
                0x0000034c                vPortStoreTaskMPUSettings
                0x0000060c                PendSV_Handler
                0x00000664                SysTick_Handler
                0x0000068c                SVC_Handler
 privileged_functions
                0x00000750      0xe20 ./Source/FreeRTOSV8.2.3-Products/FreeRTOS/Source/queue.o
                0x00000750                xQueueGenericSend
                0x000008f8                xQueuePeekFromISR
                0x00000990                xQueueGenericReceive
                0x00000b64                uxQueueMessagesWaiting
                0x00000b94                uxQueueSpacesAvailable
                0x00000bd0                vQueueDelete
                0x00000c00                xQueueGenericSendFromISR
                0x00000ce4                xQueueGiveFromISR
                0x00000d8c                xQueueReceiveFromISR
                0x00000e4c                xQueueIsQueueEmptyFromISR
                0x00000e84                xQueueIsQueueFullFromISR
                0x00000ec0                uxQueueMessagesWaitingFromISR
                0x00000eec                xQueueCreateMutex
                0x00000f70                xQueueCreateCountingSemaphore
                0x00000fd0                xQueueGetMutexHolder
                0x00001000                xQueueTakeMutexRecursive
                0x00001064                xQueueGiveMutexRecursive
                0x000010c0                vQueueAddToRegistry
                0x00001110                vQueueUnregisterQueue
                0x00001154                xQueueGenericCreate
                0x000011f4                vQueueWaitForMessageRestricted
                0x00001250                xQueueGenericReset
                0x0000130c                vQueueSetQueueNumber
                0x00001328                uxQueueGetQueueNumber
                0x00001340                ucQueueGetQueueType
 privileged_functions
                0x00001570     0x1f78 ./Source/FreeRTOSV8.2.3-Products/FreeRTOS/Source/tasks.o
                0x00001570                vTaskAllocateMPURegions
                0x000015a4                vTaskDelete
                0x00001660                vTaskDelay
                0x000016d0                vTaskDelayUntil
                0x000017a8                uxTaskPriorityGet
                0x000017dc                uxTaskPriorityGetFromISR
                0x00001820                vTaskPrioritySet
                0x00001950                vTaskSuspend
                0x00001a14                vTaskResume
                0x00001abc                xTaskResumeFromISR
                0x00001b7c                vTaskStartScheduler
                0x00001c08                vTaskEndScheduler
                0x00001c28                vTaskSuspendAll
                0x00001c44                xTaskResumeAll
                0x00001d5c                xTaskGetTickCount
                0x00001d78                xTaskGetTickCountFromISR
                0x00001d98                uxTaskGetNumberOfTasks
                0x00001dac                uxTaskGetStackHighWaterMark
                0x00001de4                uxTaskGetSystemState
                0x00001edc                vTaskList
                0x00001fd8                vTaskGetRunTimeStats
                0x000020bc                xTaskGenericNotify
                0x000021e4                xTaskGenericNotifyFromISR
                0x00002338                xTaskNotifyWait
                0x00002418                vTaskNotifyGiveFromISR
                0x00002504                ulTaskNotifyTake
                0x000025c0                xTaskIncrementTick
                0x00002734                vTaskPlaceOnEventList
                0x000027a4                vTaskPlaceOnUnorderedEventList
                0x00002838                vTaskPlaceOnEventListRestricted
                0x000028a8                xTaskRemoveFromEventList
                0x00002964                xTaskRemoveFromUnorderedEventList
                0x00002a1c                vTaskSwitchContext
                0x00002b4c                uxTaskResetEventItemValue
                0x00002b7c                xTaskGetCurrentTaskHandle
                0x00002b98                vTaskSetTimeOutState
                0x00002bd4                xTaskCheckForTimeOut
                0x00002c7c                vTaskMissedYield
                0x00002c94                xTaskGetSchedulerState
                0x00002cd0                vTaskPriorityInherit
                0x00002d8c                xTaskPriorityDisinherit
                0x00002e50                xTaskGenericCreate
                0x00003000                uxTaskGetTaskNumber
                0x0000302c                vTaskSetTaskNumber
                0x00003050                pvTaskIncrementMutexHeldCount
 privileged_functions
                0x000034e8      0x6b0 ./Source/FreeRTOSV8.2.3-Products/FreeRTOS/Source/timers.o
                0x000034e8                xTimerCreate
                0x00003558                pvTimerGetTimerID
                0x0000358c                vTimerSetTimerID
                0x000035c0                xTimerIsTimerActive
                0x00003600                pcTimerGetTimerName
                0x0000362c                xTimerCreateTimerTask
                0x0000368c                xTimerGenericCommand

.text           0x00003b98     0xa72f
                0x00004000                . = (__privileged_functions_start__ + _Privileged_Functions_Region_Size)
 *fill*         0x00003b98     0x4000 
 *(.text*)
 .text.vMyInfotainmentTaskStart
                0x00007b98       0x4c ./Source/Infotainment/Infotainment-UART-Console.o
                0x00007b98                vMyInfotainmentTaskStart
 .text.prvInfotainmentTask
                0x00007be4      0x1ac ./Source/Infotainment/Infotainment-UART-Console.o
 .text.prvHeapInit
                0x00007d90       0x50 ./Source/FreeRTOSV8.2.3-Products/FreeRTOS/Source/portable/MemMang/heap_2.o
 .text.vPortEnterCritical
                0x00007de0       0x3c ./Source/FreeRTOSV8.2.3-Products/FreeRTOS/Source/portable/GCC/ARM_CM3/port.o
                0x00007de0                vPortEnterCritical
 .text.vPortExitCritical
                0x00007e1c       0x58 ./Source/FreeRTOSV8.2.3-Products/FreeRTOS/Source/portable/GCC/ARM_CM3/port.o
                0x00007e1c                vPortExitCritical
 .text.prvRaisePrivilege
                0x00007e74       0x18 ./Source/FreeRTOSV8.2.3-Products/FreeRTOS/Source/portable/GCC/ARM_CM3/port.o
 .text.MPU_xTaskGenericCreate
                0x00007e8c       0x50 ./Source/FreeRTOSV8.2.3-Products/FreeRTOS/Source/portable/GCC/ARM_CM3/port.o
                0x00007e8c                MPU_xTaskGenericCreate
 .text.MPU_vTaskDelay
                0x00007edc       0x30 ./Source/FreeRTOSV8.2.3-Products/FreeRTOS/Source/portable/GCC/ARM_CM3/port.o
                0x00007edc                MPU_vTaskDelay
 .text.MPU_xTaskGetTickCount
                0x00007f0c       0x30 ./Source/FreeRTOSV8.2.3-Products/FreeRTOS/Source/portable/GCC/ARM_CM3/port.o
                0x00007f0c                MPU_xTaskGetTickCount
 .text.MPU_xQueueGenericCreate
                0x00007f3c       0x40 ./Source/FreeRTOSV8.2.3-Products/FreeRTOS/Source/portable/GCC/ARM_CM3/port.o
                0x00007f3c                MPU_xQueueGenericCreate
 .text.MPU_xQueueGenericReset
                0x00007f7c       0x38 ./Source/FreeRTOSV8.2.3-Products/FreeRTOS/Source/portable/GCC/ARM_CM3/port.o
                0x00007f7c                MPU_xQueueGenericReset
 .text.MPU_xQueueGenericSend
                0x00007fb4       0x40 ./Source/FreeRTOSV8.2.3-Products/FreeRTOS/Source/portable/GCC/ARM_CM3/port.o
                0x00007fb4                MPU_xQueueGenericSend
 .text.MPU_uxQueueMessagesWaiting
                0x00007ff4       0x34 ./Source/FreeRTOSV8.2.3-Products/FreeRTOS/Source/portable/GCC/ARM_CM3/port.o
                0x00007ff4                MPU_uxQueueMessagesWaiting
 .text.MPU_xQueueGenericReceive
                0x00008028       0x40 ./Source/FreeRTOSV8.2.3-Products/FreeRTOS/Source/portable/GCC/ARM_CM3/port.o
                0x00008028                MPU_xQueueGenericReceive
 .text.MPU_xQueueCreateMutex
                0x00008068       0x30 ./Source/FreeRTOSV8.2.3-Products/FreeRTOS/Source/portable/GCC/ARM_CM3/port.o
                0x00008068                MPU_xQueueCreateMutex
 .text.MPU_xQueueCreateCountingSemaphore
                0x00008098       0x38 ./Source/FreeRTOSV8.2.3-Products/FreeRTOS/Source/portable/GCC/ARM_CM3/port.o
                0x00008098                MPU_xQueueCreateCountingSemaphore
 .text.MPU_vQueueDelete
                0x000080d0       0x30 ./Source/FreeRTOSV8.2.3-Products/FreeRTOS/Source/portable/GCC/ARM_CM3/port.o
                0x000080d0                MPU_vQueueDelete
 .text.MPU_pvPortMalloc
                0x00008100       0x34 ./Source/FreeRTOSV8.2.3-Products/FreeRTOS/Source/portable/GCC/ARM_CM3/port.o
                0x00008100                MPU_pvPortMalloc
 .text.MPU_vPortFree
                0x00008134       0x30 ./Source/FreeRTOSV8.2.3-Products/FreeRTOS/Source/portable/GCC/ARM_CM3/port.o
                0x00008134                MPU_vPortFree
 .text.MPU_FreeRTOS_open
                0x00008164       0x38 ./Source/FreeRTOSV8.2.3-Products/FreeRTOS/Source/portable/GCC/ARM_CM3/port.o
                0x00008164                MPU_FreeRTOS_open
 .text.MPU_FreeRTOS_ioctl
                0x0000819c       0x3c ./Source/FreeRTOSV8.2.3-Products/FreeRTOS/Source/portable/GCC/ARM_CM3/port.o
                0x0000819c                MPU_FreeRTOS_ioctl
 .text.MPU_FreeRTOS_read
                0x000081d8       0x3c ./Source/FreeRTOSV8.2.3-Products/FreeRTOS/Source/portable/GCC/ARM_CM3/port.o
                0x000081d8                MPU_FreeRTOS_read
 .text.MPU_FreeRTOS_write
                0x00008214       0x3c ./Source/FreeRTOSV8.2.3-Products/FreeRTOS/Source/portable/GCC/ARM_CM3/port.o
                0x00008214                MPU_FreeRTOS_write
 .text.vListInitialise
                0x00008250       0x40 ./Source/FreeRTOSV8.2.3-Products/FreeRTOS/Source/list.o
                0x00008250                vListInitialise
 .text.vListInitialiseItem
                0x00008290       0x18 ./Source/FreeRTOSV8.2.3-Products/FreeRTOS/Source/list.o
                0x00008290                vListInitialiseItem
 .text.vListInsertEnd
                0x000082a8       0x48 ./Source/FreeRTOSV8.2.3-Products/FreeRTOS/Source/list.o
                0x000082a8                vListInsertEnd
 .text.vListInsert
                0x000082f0       0x70 ./Source/FreeRTOSV8.2.3-Products/FreeRTOS/Source/list.o
                0x000082f0                vListInsert
 .text.uxListRemove
                0x00008360       0x54 ./Source/FreeRTOSV8.2.3-Products/FreeRTOS/Source/list.o
                0x00008360                uxListRemove
 .text.prvIdleTask
                0x000083b4       0x10 ./Source/FreeRTOSV8.2.3-Products/FreeRTOS/Source/tasks.o
 .text.prvResetNextTaskUnblockTime
                0x000083c4       0x48 ./Source/FreeRTOSV8.2.3-Products/FreeRTOS/Source/tasks.o
 .text.prvWriteNameToBuffer
                0x0000840c       0x4c ./Source/FreeRTOSV8.2.3-Products/FreeRTOS/Source/tasks.o
 .text.xIOUtilsConfigureTaskNotificationBasedRx
                0x00008458       0xdc ./Source/FreeRTOSV8.2.3-Products/FreeRTOS-Plus-IO/Include/IOUtils_TaskNotificationBasedRx.o
                0x00008458                xIOUtilsConfigureTaskNotificationBasedRx
 .text.xIOUtilsReadCharsFromTNBasedCircularBuffer
                0x00008534      0x100 ./Source/FreeRTOSV8.2.3-Products/FreeRTOS-Plus-IO/Include/IOUtils_TaskNotificationBasedRx.o
                0x00008534                xIOUtilsReadCharsFromTNBasedCircularBuffer
 .text.xIOUtilsTxCharsFromTNCircularBufferFromISR
                0x00008634       0x7c ./Source/FreeRTOSV8.2.3-Products/FreeRTOS-Plus-IO/Include/IOUtils_TaskNotificationBasedRx.o
                0x00008634                xIOUtilsTxCharsFromTNCircularBufferFromISR
 .text.vFreeRTOS_lpc17xx_PopulateFunctionPointers
                0x000086b0       0x58 ./Source/FreeRTOSV8.2.3-Products/FreeRTOS-Plus-IO/Device/LPC17xx/FreeRTOS_lpc17xx_DriverInterface.o
                0x000086b0                vFreeRTOS_lpc17xx_PopulateFunctionPointers
 .text.Chip_IOCON_DisableOD
                0x00008708       0x3c ./Source/FreeRTOSV8.2.3-Products/FreeRTOS-Plus-IO/Device/LPC17xx/FreeRTOS_lpc17xx_i2c.o
 .text.FreeRTOS_I2C_open
                0x00008744      0x1a8 ./Source/FreeRTOSV8.2.3-Products/FreeRTOS-Plus-IO/Device/LPC17xx/FreeRTOS_lpc17xx_i2c.o
                0x00008744                FreeRTOS_I2C_open
 .text.FreeRTOS_I2C_write
                0x000088ec       0xf8 ./Source/FreeRTOSV8.2.3-Products/FreeRTOS-Plus-IO/Device/LPC17xx/FreeRTOS_lpc17xx_i2c.o
                0x000088ec                FreeRTOS_I2C_write
 .text.FreeRTOS_I2C_read
                0x000089e4       0xe4 ./Source/FreeRTOSV8.2.3-Products/FreeRTOS-Plus-IO/Device/LPC17xx/FreeRTOS_lpc17xx_i2c.o
                0x000089e4                FreeRTOS_I2C_read
 .text.FreeRTOS_I2C_ioctl
                0x00008ac8       0x7c ./Source/FreeRTOSV8.2.3-Products/FreeRTOS-Plus-IO/Device/LPC17xx/FreeRTOS_lpc17xx_i2c.o
                0x00008ac8                FreeRTOS_I2C_ioctl
 .text.NVIC_EnableIRQ
                0x00008b44       0x30 ./Source/FreeRTOSV8.2.3-Products/FreeRTOS-Plus-IO/Device/LPC17xx/FreeRTOS_lpc17xx_ssp.o
 .text.NVIC_DisableIRQ
                0x00008b74       0x34 ./Source/FreeRTOSV8.2.3-Products/FreeRTOS-Plus-IO/Device/LPC17xx/FreeRTOS_lpc17xx_ssp.o
 .text.NVIC_SetPriority
                0x00008ba8       0x54 ./Source/FreeRTOSV8.2.3-Products/FreeRTOS-Plus-IO/Device/LPC17xx/FreeRTOS_lpc17xx_ssp.o
 .text.Chip_IOCON_DisableOD
                0x00008bfc       0x3c ./Source/FreeRTOSV8.2.3-Products/FreeRTOS-Plus-IO/Device/LPC17xx/FreeRTOS_lpc17xx_ssp.o
 .text.Chip_SSP_Enable
                0x00008c38       0x20 ./Source/FreeRTOSV8.2.3-Products/FreeRTOS-Plus-IO/Device/LPC17xx/FreeRTOS_lpc17xx_ssp.o
 .text.Chip_SSP_Disable
                0x00008c58       0x20 ./Source/FreeRTOSV8.2.3-Products/FreeRTOS-Plus-IO/Device/LPC17xx/FreeRTOS_lpc17xx_ssp.o
 .text.Chip_SSP_Int_Enable
                0x00008c78       0x20 ./Source/FreeRTOSV8.2.3-Products/FreeRTOS-Plus-IO/Device/LPC17xx/FreeRTOS_lpc17xx_ssp.o
 .text.Chip_SSP_Int_Disable
                0x00008c98       0x20 ./Source/FreeRTOSV8.2.3-Products/FreeRTOS-Plus-IO/Device/LPC17xx/FreeRTOS_lpc17xx_ssp.o
 .text.Chip_SSP_SetFormat
                0x00008cb8       0x30 ./Source/FreeRTOSV8.2.3-Products/FreeRTOS-Plus-IO/Device/LPC17xx/FreeRTOS_lpc17xx_ssp.o
 .text.Chip_SSP_Set_Mode
                0x00008ce8       0x24 ./Source/FreeRTOSV8.2.3-Products/FreeRTOS-Plus-IO/Device/LPC17xx/FreeRTOS_lpc17xx_ssp.o
 .text.FreeRTOS_SSP_open
                0x00008d0c      0x1b8 ./Source/FreeRTOSV8.2.3-Products/FreeRTOS-Plus-IO/Device/LPC17xx/FreeRTOS_lpc17xx_ssp.o
                0x00008d0c                FreeRTOS_SSP_open
 .text.FreeRTOS_SSP_write
                0x00008ec4       0xb4 ./Source/FreeRTOSV8.2.3-Products/FreeRTOS-Plus-IO/Device/LPC17xx/FreeRTOS_lpc17xx_ssp.o
                0x00008ec4                FreeRTOS_SSP_write
 .text.FreeRTOS_SSP_read
                0x00008f78       0xa0 ./Source/FreeRTOSV8.2.3-Products/FreeRTOS-Plus-IO/Device/LPC17xx/FreeRTOS_lpc17xx_ssp.o
                0x00008f78                FreeRTOS_SSP_read
 .text.FreeRTOS_SSP_ioctl
                0x00009018      0x150 ./Source/FreeRTOSV8.2.3-Products/FreeRTOS-Plus-IO/Device/LPC17xx/FreeRTOS_lpc17xx_ssp.o
                0x00009018                FreeRTOS_SSP_ioctl
 .text.SSP1_IRQHandler
                0x00009168      0x118 ./Source/FreeRTOSV8.2.3-Products/FreeRTOS-Plus-IO/Device/LPC17xx/FreeRTOS_lpc17xx_ssp.o
                0x00009168                SSP1_IRQHandler
 .text.NVIC_EnableIRQ
                0x00009280       0x30 ./Source/FreeRTOSV8.2.3-Products/FreeRTOS-Plus-IO/Device/LPC17xx/FreeRTOS_lpc17xx_uart.o
 .text.NVIC_DisableIRQ
                0x000092b0       0x34 ./Source/FreeRTOSV8.2.3-Products/FreeRTOS-Plus-IO/Device/LPC17xx/FreeRTOS_lpc17xx_uart.o
 .text.NVIC_SetPriority
                0x000092e4       0x54 ./Source/FreeRTOSV8.2.3-Products/FreeRTOS-Plus-IO/Device/LPC17xx/FreeRTOS_lpc17xx_uart.o
 .text.Chip_IOCON_DisableOD
                0x00009338       0x3c ./Source/FreeRTOSV8.2.3-Products/FreeRTOS-Plus-IO/Device/LPC17xx/FreeRTOS_lpc17xx_uart.o
 .text.Chip_UART_IntEnable
                0x00009374       0x20 ./Source/FreeRTOSV8.2.3-Products/FreeRTOS-Plus-IO/Device/LPC17xx/FreeRTOS_lpc17xx_uart.o
 .text.Chip_UART_IntDisable
                0x00009394       0x24 ./Source/FreeRTOSV8.2.3-Products/FreeRTOS-Plus-IO/Device/LPC17xx/FreeRTOS_lpc17xx_uart.o
 .text.Chip_UART_ReadIntIDReg
                0x000093b8       0x18 ./Source/FreeRTOSV8.2.3-Products/FreeRTOS-Plus-IO/Device/LPC17xx/FreeRTOS_lpc17xx_uart.o
 .text.Chip_UART_SetupFIFOS
                0x000093d0       0x1c ./Source/FreeRTOSV8.2.3-Products/FreeRTOS-Plus-IO/Device/LPC17xx/FreeRTOS_lpc17xx_uart.o
 .text.Chip_UART_ConfigData
                0x000093ec       0x1c ./Source/FreeRTOSV8.2.3-Products/FreeRTOS-Plus-IO/Device/LPC17xx/FreeRTOS_lpc17xx_uart.o
 .text.FreeRTOS_UART_open
                0x00009408      0x104 ./Source/FreeRTOSV8.2.3-Products/FreeRTOS-Plus-IO/Device/LPC17xx/FreeRTOS_lpc17xx_uart.o
                0x00009408                FreeRTOS_UART_open
 .text.FreeRTOS_UART_write
                0x0000950c      0x2ac ./Source/FreeRTOSV8.2.3-Products/FreeRTOS-Plus-IO/Device/LPC17xx/FreeRTOS_lpc17xx_uart.o
                0x0000950c                FreeRTOS_UART_write
 .text.FreeRTOS_UART_read
                0x000097b8      0x188 ./Source/FreeRTOSV8.2.3-Products/FreeRTOS-Plus-IO/Device/LPC17xx/FreeRTOS_lpc17xx_uart.o
                0x000097b8                FreeRTOS_UART_read
 .text.prvFillFifoFromBuffer
                0x00009940       0x54 ./Source/FreeRTOSV8.2.3-Products/FreeRTOS-Plus-IO/Device/LPC17xx/FreeRTOS_lpc17xx_uart.o
 .text.FreeRTOS_UART_ioctl
                0x00009994       0xe8 ./Source/FreeRTOSV8.2.3-Products/FreeRTOS-Plus-IO/Device/LPC17xx/FreeRTOS_lpc17xx_uart.o
                0x00009994                FreeRTOS_UART_ioctl
 .text.UART3_IRQHandler
                0x00009a7c      0x2e4 ./Source/FreeRTOSV8.2.3-Products/FreeRTOS-Plus-IO/Device/LPC17xx/FreeRTOS_lpc17xx_uart.o
                0x00009a7c                UART3_IRQHandler
 .text.UART0_IRQHandler
                0x00009d60      0x2e4 ./Source/FreeRTOSV8.2.3-Products/FreeRTOS-Plus-IO/Device/LPC17xx/FreeRTOS_lpc17xx_uart.o
                0x00009d60                UART0_IRQHandler
 .text.FreeRTOS_open
                0x0000a044      0x108 ./Source/FreeRTOSV8.2.3-Products/FreeRTOS-Plus-IO/Common/FreeRTOS_DriverInterface.o
                0x0000a044                FreeRTOS_open
 .text.FreeRTOS_ioctl
                0x0000a14c      0x1e0 ./Source/FreeRTOSV8.2.3-Products/FreeRTOS-Plus-IO/Common/FreeRTOS_DriverInterface.o
                0x0000a14c                FreeRTOS_ioctl
 .text.vIOUtilsCreateTransferControlStructure
                0x0000a32c       0xd8 ./Source/FreeRTOSV8.2.3-Products/FreeRTOS-Plus-IO/Common/FreeRTOS_IOUtils.o
                0x0000a32c                vIOUtilsCreateTransferControlStructure
 .text.xIOUtilsSetTxQueueTimeout
                0x0000a404       0x28 ./Source/FreeRTOSV8.2.3-Products/FreeRTOS-Plus-IO/Common/IOUtils_CharQueueTxAndRx.o
                0x0000a404                xIOUtilsSetTxQueueTimeout
 .text.vIOUtilsSetRxQueueTimeout
                0x0000a42c       0x28 ./Source/FreeRTOSV8.2.3-Products/FreeRTOS-Plus-IO/Common/IOUtils_CharQueueTxAndRx.o
                0x0000a42c                vIOUtilsSetRxQueueTimeout
 .text.xIOUtilsConfigureTransferQueue
                0x0000a454       0xc0 ./Source/FreeRTOSV8.2.3-Products/FreeRTOS-Plus-IO/Common/IOUtils_CharQueueTxAndRx.o
                0x0000a454                xIOUtilsConfigureTransferQueue
 .text.xIOUtilsReceiveCharsFromRxQueue
                0x0000a514       0x74 ./Source/FreeRTOSV8.2.3-Products/FreeRTOS-Plus-IO/Common/IOUtils_CharQueueTxAndRx.o
                0x0000a514                xIOUtilsReceiveCharsFromRxQueue
 .text.xIOUtilsWaitTxQueueEmpty
                0x0000a588       0x68 ./Source/FreeRTOSV8.2.3-Products/FreeRTOS-Plus-IO/Common/IOUtils_CharQueueTxAndRx.o
                0x0000a588                xIOUtilsWaitTxQueueEmpty
 .text.xIOUtilsClearRxCharQueue
                0x0000a5f0       0x34 ./Source/FreeRTOSV8.2.3-Products/FreeRTOS-Plus-IO/Common/IOUtils_CharQueueTxAndRx.o
                0x0000a5f0                xIOUtilsClearRxCharQueue
 .text.xIOUtilsConfigureCircularBufferRx
                0x0000a624       0xf4 ./Source/FreeRTOSV8.2.3-Products/FreeRTOS-Plus-IO/Common/IOUtils_CircularBufferRx.o
                0x0000a624                xIOUtilsConfigureCircularBufferRx
 .text.vIOUtilsClearRxCircularBuffer
                0x0000a718       0x40 ./Source/FreeRTOSV8.2.3-Products/FreeRTOS-Plus-IO/Common/IOUtils_CircularBufferRx.o
                0x0000a718                vIOUtilsClearRxCircularBuffer
 .text.xIOUtilsReadCharsFromCircularBuffer
                0x0000a758      0x100 ./Source/FreeRTOSV8.2.3-Products/FreeRTOS-Plus-IO/Common/IOUtils_CircularBufferRx.o
                0x0000a758                xIOUtilsReadCharsFromCircularBuffer
 .text.vIOUtilsSetCircularBufferTimeout
                0x0000a858       0x28 ./Source/FreeRTOSV8.2.3-Products/FreeRTOS-Plus-IO/Common/IOUtils_CircularBufferRx.o
                0x0000a858                vIOUtilsSetCircularBufferTimeout
 .text.xIOUtilsConfigureZeroCopyTx
                0x0000a880       0xa0 ./Source/FreeRTOSV8.2.3-Products/FreeRTOS-Plus-IO/Common/IOUtils_ZeroCopyTx.o
                0x0000a880                xIOUtilsConfigureZeroCopyTx
 .text.xIOUtilsGetZeroCopyWriteMutex
                0x0000a920       0x5c ./Source/FreeRTOSV8.2.3-Products/FreeRTOS-Plus-IO/Common/IOUtils_ZeroCopyTx.o
                0x0000a920                xIOUtilsGetZeroCopyWriteMutex
 .text.xIOUtilsReleaseZeroCopyWriteMutex
                0x0000a97c       0x40 ./Source/FreeRTOSV8.2.3-Products/FreeRTOS-Plus-IO/Common/IOUtils_ZeroCopyTx.o
                0x0000a97c                xIOUtilsReleaseZeroCopyWriteMutex
 .text.NVIC_SystemReset
                0x0000a9bc       0x28 ./Source/Fault_handling/EEPROM_Write_Faullt.o
 .text.Chip_GPIO_SetPinState
                0x0000a9e4       0x68 ./Source/Fault_handling/EEPROM_Write_Faullt.o
 .text.Chip_GPIO_SetPinDIROutput
                0x0000aa4c       0x38 ./Source/Fault_handling/EEPROM_Write_Faullt.o
 .text.Chip_GPIO_SetPinDIRInput
                0x0000aa84       0x3c ./Source/Fault_handling/EEPROM_Write_Faullt.o
 .text.Chip_GPIO_SetPinDIR
                0x0000aac0       0x44 ./Source/Fault_handling/EEPROM_Write_Faullt.o
 .text.Chip_GPIO_SetDir
                0x0000ab04       0x34 ./Source/Fault_handling/EEPROM_Write_Faullt.o
 .text.i2c_state_handling
                0x0000ab38       0x34 ./Source/Fault_handling/EEPROM_Write_Faullt.o
 .text.I2C1_IRQHandler
                0x0000ab6c       0x10 ./Source/Fault_handling/EEPROM_Write_Faullt.o
                0x0000ab6c                I2C1_IRQHandler
 .text.I2C0_IRQHandler
                0x0000ab7c       0x10 ./Source/Fault_handling/EEPROM_Write_Faullt.o
                0x0000ab7c                I2C0_IRQHandler
 .text.delay    0x0000ab8c       0x3c ./Source/Fault_handling/EEPROM_Write_Faullt.o
                0x0000ab8c                delay
 .text.pop_registers_from_fault_stack
                0x0000abc8      0x178 ./Source/Fault_handling/EEPROM_Write_Faullt.o
                0x0000abc8                pop_registers_from_fault_stack
 .text.vMyControlTaskStart
                0x0000ad40       0x48 ./Source/ETCS/Control_Task/Control_Task.o
                0x0000ad40                vMyControlTaskStart
 .text.prvMyControlTask
                0x0000ad88       0xd0 ./Source/ETCS/Control_Task/Control_Task.o
 .text.Chip_GPIO_GetPinState
                0x0000ae58       0x38 ./Source/ETCS/Brake_Task/Brake.o
 .text.Chip_GPIO_ReadPortBit
                0x0000ae90       0x28 ./Source/ETCS/Brake_Task/Brake.o
 .text.Chip_GPIO_SetPinDIROutput
                0x0000aeb8       0x38 ./Source/ETCS/Brake_Task/Brake.o
 .text.Chip_GPIO_SetPinDIRInput
                0x0000aef0       0x3c ./Source/ETCS/Brake_Task/Brake.o
 .text.Chip_GPIO_SetPinDIR
                0x0000af2c       0x44 ./Source/ETCS/Brake_Task/Brake.o
 .text.vMyBrakeTaskStart
                0x0000af70       0x48 ./Source/ETCS/Brake_Task/Brake.o
                0x0000af70                vMyBrakeTaskStart
 .text.prvMyBrakeTask
                0x0000afb8       0x5c ./Source/ETCS/Brake_Task/Brake.o
 .text.Chip_GPIO_GetPinState
                0x0000b014       0x38 ./Source/ETCS/Acc_Task/Accelerate.o
 .text.Chip_GPIO_ReadPortBit
                0x0000b04c       0x28 ./Source/ETCS/Acc_Task/Accelerate.o
 .text.Chip_GPIO_SetPinDIROutput
                0x0000b074       0x38 ./Source/ETCS/Acc_Task/Accelerate.o
 .text.Chip_GPIO_SetPinDIRInput
                0x0000b0ac       0x3c ./Source/ETCS/Acc_Task/Accelerate.o
 .text.Chip_GPIO_SetPinDIR
                0x0000b0e8       0x44 ./Source/ETCS/Acc_Task/Accelerate.o
 .text.vMyAccelerationTaskStart
                0x0000b12c       0x48 ./Source/ETCS/Acc_Task/Accelerate.o
                0x0000b12c                vMyAccelerationTaskStart
 .text.prvMyAccelerationTask
                0x0000b174       0x5c ./Source/ETCS/Acc_Task/Accelerate.o
 .text.vMyDisplayStart
                0x0000b1d0       0x50 ./Source/Display/Display.o
                0x0000b1d0                vMyDisplayStart
 .text.prvMyDisplayTask
                0x0000b220       0xb8 ./Source/Display/Display.o
 .text.ResetISR
                0x0000b2d8       0x58 ./Source/cr_startup_lpc175x_6x.o
                0x0000b2d8                ResetISR
 .text.NVIC_SetPriorityGrouping
                0x0000b330       0x48 ./Source/main.o
 .text.NVIC_SetPriority
                0x0000b378       0x54 ./Source/main.o
 .text.main     0x0000b3cc       0x74 ./Source/main.o
                0x0000b3cc                main
 .text.vMainConfigureTimerForRunTimeStats
                0x0000b440       0x18 ./Source/main.o
                0x0000b440                vMainConfigureTimerForRunTimeStats
 .text.ulMainGetRunTimeCounterValue
                0x0000b458       0x7c ./Source/main.o
                0x0000b458                ulMainGetRunTimeCounterValue
 .text.vApplicationStackOverflowHook
                0x0000b4d4       0x14 ./Source/main.o
                0x0000b4d4                vApplicationStackOverflowHook
 .text.vApplicationMallocFailedHook
                0x0000b4e8       0x10 ./Source/main.o
                0x0000b4e8                vApplicationMallocFailedHook
 .text.printchar
                0x0000b4f8       0x30 ./Source/printf-stdarg.o
 .text.prints   0x0000b528       0xb0 ./Source/printf-stdarg.o
 .text.printi   0x0000b5d8       0xd8 ./Source/printf-stdarg.o
 .text.print    0x0000b6b0      0x1c4 ./Source/printf-stdarg.o
 .text.sprintf  0x0000b874       0x2c ./Source/printf-stdarg.o
                0x0000b874                sprintf
 .text.SystemInit
                0x0000b8a0       0x24 ./Source/sysinit.o
                0x0000b8a0                SystemInit
 .text.Chip_GPIO_SetPinState
                0x0000b8c4       0x68 C:\Users\Kalidas Tate\Documents\LPCXpresso_8.2.2_650\workspaceTEST\lpc_board_nxp_lpcxpresso_1769\Debug\liblpc_board_nxp_lpcxpresso_1769.a(board.o)
 .text.Chip_GPIO_WritePortBit
                0x0000b92c       0x2c C:\Users\Kalidas Tate\Documents\LPCXpresso_8.2.2_650\workspaceTEST\lpc_board_nxp_lpcxpresso_1769\Debug\liblpc_board_nxp_lpcxpresso_1769.a(board.o)
 .text.Chip_GPIO_SetPinDIROutput
                0x0000b958       0x38 C:\Users\Kalidas Tate\Documents\LPCXpresso_8.2.2_650\workspaceTEST\lpc_board_nxp_lpcxpresso_1769\Debug\liblpc_board_nxp_lpcxpresso_1769.a(board.o)
 .text.Chip_UART_SendByte
                0x0000b990       0x1c C:\Users\Kalidas Tate\Documents\LPCXpresso_8.2.2_650\workspaceTEST\lpc_board_nxp_lpcxpresso_1769\Debug\liblpc_board_nxp_lpcxpresso_1769.a(board.o)
 .text.Chip_UART_ReadLineStatus
                0x0000b9ac       0x18 C:\Users\Kalidas Tate\Documents\LPCXpresso_8.2.2_650\workspaceTEST\lpc_board_nxp_lpcxpresso_1769\Debug\liblpc_board_nxp_lpcxpresso_1769.a(board.o)
 .text.__sys_write
                0x0000b9c4       0x38 C:\Users\Kalidas Tate\Documents\LPCXpresso_8.2.2_650\workspaceTEST\lpc_board_nxp_lpcxpresso_1769\Debug\liblpc_board_nxp_lpcxpresso_1769.a(board.o)
                0x0000b9c4                __sys_write
 .text.Board_UARTPutChar
                0x0000b9fc       0x34 C:\Users\Kalidas Tate\Documents\LPCXpresso_8.2.2_650\workspaceTEST\lpc_board_nxp_lpcxpresso_1769\Debug\liblpc_board_nxp_lpcxpresso_1769.a(board.o)
                0x0000b9fc                Board_UARTPutChar
 .text.Board_LCD_Send_Nibble
                0x0000ba30       0xcc C:\Users\Kalidas Tate\Documents\LPCXpresso_8.2.2_650\workspaceTEST\lpc_board_nxp_lpcxpresso_1769\Debug\liblpc_board_nxp_lpcxpresso_1769.a(board.o)
 .text.delay_ms
                0x0000bafc       0x40 C:\Users\Kalidas Tate\Documents\LPCXpresso_8.2.2_650\workspaceTEST\lpc_board_nxp_lpcxpresso_1769\Debug\liblpc_board_nxp_lpcxpresso_1769.a(board.o)
                0x0000bafc                delay_ms
 .text.Board_Lcd_Cmd_Write
                0x0000bb3c       0x40 C:\Users\Kalidas Tate\Documents\LPCXpresso_8.2.2_650\workspaceTEST\lpc_board_nxp_lpcxpresso_1769\Debug\liblpc_board_nxp_lpcxpresso_1769.a(board.o)
                0x0000bb3c                Board_Lcd_Cmd_Write
 .text.Board_Lcd_Data_Write
                0x0000bb7c       0x40 C:\Users\Kalidas Tate\Documents\LPCXpresso_8.2.2_650\workspaceTEST\lpc_board_nxp_lpcxpresso_1769\Debug\liblpc_board_nxp_lpcxpresso_1769.a(board.o)
                0x0000bb7c                Board_Lcd_Data_Write
 .text.Board_LCD_Write_String
                0x0000bbbc       0x28 C:\Users\Kalidas Tate\Documents\LPCXpresso_8.2.2_650\workspaceTEST\lpc_board_nxp_lpcxpresso_1769\Debug\liblpc_board_nxp_lpcxpresso_1769.a(board.o)
                0x0000bbbc                Board_LCD_Write_String
 .text.Board_lcd_Send_Data_Signals
                0x0000bbe4       0x44 C:\Users\Kalidas Tate\Documents\LPCXpresso_8.2.2_650\workspaceTEST\lpc_board_nxp_lpcxpresso_1769\Debug\liblpc_board_nxp_lpcxpresso_1769.a(board.o)
 .text.Board_lcd_Send_Cmd_Signals
                0x0000bc28       0x44 C:\Users\Kalidas Tate\Documents\LPCXpresso_8.2.2_650\workspaceTEST\lpc_board_nxp_lpcxpresso_1769\Debug\liblpc_board_nxp_lpcxpresso_1769.a(board.o)
 .text.Board_LCD_Init
                0x0000bc6c       0xa0 C:\Users\Kalidas Tate\Documents\LPCXpresso_8.2.2_650\workspaceTEST\lpc_board_nxp_lpcxpresso_1769\Debug\liblpc_board_nxp_lpcxpresso_1769.a(board.o)
                0x0000bc6c                Board_LCD_Init
 .text.Chip_SYSCTL_SetFLASHAccess
                0x0000bd0c       0x30 C:\Users\Kalidas Tate\Documents\LPCXpresso_8.2.2_650\workspaceTEST\lpc_board_nxp_lpcxpresso_1769\Debug\liblpc_board_nxp_lpcxpresso_1769.a(board_sysinit.o)
 .text.Board_SetupMuxing
                0x0000bd3c       0x1c C:\Users\Kalidas Tate\Documents\LPCXpresso_8.2.2_650\workspaceTEST\lpc_board_nxp_lpcxpresso_1769\Debug\liblpc_board_nxp_lpcxpresso_1769.a(board_sysinit.o)
                0x0000bd3c                Board_SetupMuxing
 .text.Board_SetupClocking
                0x0000bd58       0x14 C:\Users\Kalidas Tate\Documents\LPCXpresso_8.2.2_650\workspaceTEST\lpc_board_nxp_lpcxpresso_1769\Debug\liblpc_board_nxp_lpcxpresso_1769.a(board_sysinit.o)
                0x0000bd58                Board_SetupClocking
 .text.Board_SystemInit
                0x0000bd6c       0x10 C:\Users\Kalidas Tate\Documents\LPCXpresso_8.2.2_650\workspaceTEST\lpc_board_nxp_lpcxpresso_1769\Debug\liblpc_board_nxp_lpcxpresso_1769.a(board_sysinit.o)
                0x0000bd6c                Board_SystemInit
 .text.Chip_Clock_IsMainPLLEnabled
                0x0000bd7c       0x24 C:\Users\Kalidas Tate\Documents\LPCXpresso_8.2.2_650\workspaceTEST\lpc_chip_175x_6x\Debug\liblpc_chip_175x_6x.a(clock_17xx_40xx.o)
 .text.Chip_Clock_IsMainPLLConnected
                0x0000bda0       0x24 C:\Users\Kalidas Tate\Documents\LPCXpresso_8.2.2_650\workspaceTEST\lpc_chip_175x_6x\Debug\liblpc_chip_175x_6x.a(clock_17xx_40xx.o)
 .text.Chip_Clock_FeedPLL
                0x0000bdc4       0x34 C:\Users\Kalidas Tate\Documents\LPCXpresso_8.2.2_650\workspaceTEST\lpc_chip_175x_6x\Debug\liblpc_chip_175x_6x.a(clock_17xx_40xx.o)
 .text.Chip_Clock_GetMainPLLSource
                0x0000bdf8       0x20 C:\Users\Kalidas Tate\Documents\LPCXpresso_8.2.2_650\workspaceTEST\lpc_chip_175x_6x\Debug\liblpc_chip_175x_6x.a(clock_17xx_40xx.o)
 .text.Chip_Clock_GetMainOscRate
                0x0000be18       0x14 C:\Users\Kalidas Tate\Documents\LPCXpresso_8.2.2_650\workspaceTEST\lpc_chip_175x_6x\Debug\liblpc_chip_175x_6x.a(clock_17xx_40xx.o)
 .text.Chip_Clock_GetIntOscRate
                0x0000be2c       0x14 C:\Users\Kalidas Tate\Documents\LPCXpresso_8.2.2_650\workspaceTEST\lpc_chip_175x_6x\Debug\liblpc_chip_175x_6x.a(clock_17xx_40xx.o)
 .text.Chip_Clock_GetRTCOscRate
                0x0000be40       0x14 C:\Users\Kalidas Tate\Documents\LPCXpresso_8.2.2_650\workspaceTEST\lpc_chip_175x_6x\Debug\liblpc_chip_175x_6x.a(clock_17xx_40xx.o)
 .text.Chip_Clock_GetMainPLLInClockRate
                0x0000be54       0x10 C:\Users\Kalidas Tate\Documents\LPCXpresso_8.2.2_650\workspaceTEST\lpc_chip_175x_6x\Debug\liblpc_chip_175x_6x.a(clock_17xx_40xx.o)
 .text.Chip_Clock_EnablePLL
                0x0000be64       0x44 C:\Users\Kalidas Tate\Documents\LPCXpresso_8.2.2_650\workspaceTEST\lpc_chip_175x_6x\Debug\liblpc_chip_175x_6x.a(clock_17xx_40xx.o)
                0x0000be64                Chip_Clock_EnablePLL
 .text.Chip_Clock_DisablePLL
                0x0000bea8       0x48 C:\Users\Kalidas Tate\Documents\LPCXpresso_8.2.2_650\workspaceTEST\lpc_chip_175x_6x\Debug\liblpc_chip_175x_6x.a(clock_17xx_40xx.o)
                0x0000bea8                Chip_Clock_DisablePLL
 .text.Chip_Clock_SetupPLL
                0x0000bef0       0x5c C:\Users\Kalidas Tate\Documents\LPCXpresso_8.2.2_650\workspaceTEST\lpc_chip_175x_6x\Debug\liblpc_chip_175x_6x.a(clock_17xx_40xx.o)
                0x0000bef0                Chip_Clock_SetupPLL
 .text.Chip_Clock_EnablePeriphClock
                0x0000bf4c       0x34 C:\Users\Kalidas Tate\Documents\LPCXpresso_8.2.2_650\workspaceTEST\lpc_chip_175x_6x\Debug\liblpc_chip_175x_6x.a(clock_17xx_40xx.o)
                0x0000bf4c                Chip_Clock_EnablePeriphClock
 .text.Chip_Clock_DisablePeriphClock
                0x0000bf80       0x34 C:\Users\Kalidas Tate\Documents\LPCXpresso_8.2.2_650\workspaceTEST\lpc_chip_175x_6x\Debug\liblpc_chip_175x_6x.a(clock_17xx_40xx.o)
                0x0000bf80                Chip_Clock_DisablePeriphClock
 .text.Chip_Clock_GetCPUClockSource
                0x0000bfb4       0x24 C:\Users\Kalidas Tate\Documents\LPCXpresso_8.2.2_650\workspaceTEST\lpc_chip_175x_6x\Debug\liblpc_chip_175x_6x.a(clock_17xx_40xx.o)
                0x0000bfb4                Chip_Clock_GetCPUClockSource
 .text.Chip_Clock_SetCPUClockDiv
                0x0000bfd8       0x20 C:\Users\Kalidas Tate\Documents\LPCXpresso_8.2.2_650\workspaceTEST\lpc_chip_175x_6x\Debug\liblpc_chip_175x_6x.a(clock_17xx_40xx.o)
                0x0000bfd8                Chip_Clock_SetCPUClockDiv
 .text.Chip_Clock_GetCPUClockDiv
                0x0000bff8       0x1c C:\Users\Kalidas Tate\Documents\LPCXpresso_8.2.2_650\workspaceTEST\lpc_chip_175x_6x\Debug\liblpc_chip_175x_6x.a(clock_17xx_40xx.o)
                0x0000bff8                Chip_Clock_GetCPUClockDiv
 .text.Chip_Clock_GetPCLKDiv
                0x0000c014       0x8c C:\Users\Kalidas Tate\Documents\LPCXpresso_8.2.2_650\workspaceTEST\lpc_chip_175x_6x\Debug\liblpc_chip_175x_6x.a(clock_17xx_40xx.o)
                0x0000c014                Chip_Clock_GetPCLKDiv
 .text.Chip_Clock_GetSYSCLKRate
                0x0000c0a0       0x34 C:\Users\Kalidas Tate\Documents\LPCXpresso_8.2.2_650\workspaceTEST\lpc_chip_175x_6x\Debug\liblpc_chip_175x_6x.a(clock_17xx_40xx.o)
                0x0000c0a0                Chip_Clock_GetSYSCLKRate
 .text.Chip_Clock_GetMainPLLOutClockRate
                0x0000c0d4       0x54 C:\Users\Kalidas Tate\Documents\LPCXpresso_8.2.2_650\workspaceTEST\lpc_chip_175x_6x\Debug\liblpc_chip_175x_6x.a(clock_17xx_40xx.o)
                0x0000c0d4                Chip_Clock_GetMainPLLOutClockRate
 .text.Chip_Clock_GetMainClockRate
                0x0000c128       0x28 C:\Users\Kalidas Tate\Documents\LPCXpresso_8.2.2_650\workspaceTEST\lpc_chip_175x_6x\Debug\liblpc_chip_175x_6x.a(clock_17xx_40xx.o)
                0x0000c128                Chip_Clock_GetMainClockRate
 .text.Chip_Clock_GetSystemClockRate
                0x0000c150       0x18 C:\Users\Kalidas Tate\Documents\LPCXpresso_8.2.2_650\workspaceTEST\lpc_chip_175x_6x\Debug\liblpc_chip_175x_6x.a(clock_17xx_40xx.o)
                0x0000c150                Chip_Clock_GetSystemClockRate
 .text.Chip_Clock_GetPeripheralClockRate
                0x0000c168       0x28 C:\Users\Kalidas Tate\Documents\LPCXpresso_8.2.2_650\workspaceTEST\lpc_chip_175x_6x\Debug\liblpc_chip_175x_6x.a(clock_17xx_40xx.o)
                0x0000c168                Chip_Clock_GetPeripheralClockRate
 .text.enableClk
                0x0000c190       0x30 C:\Users\Kalidas Tate\Documents\LPCXpresso_8.2.2_650\workspaceTEST\lpc_chip_175x_6x\Debug\liblpc_chip_175x_6x.a(i2c_17xx_40xx.o)
 .text.getClkRate
                0x0000c1c0       0x24 C:\Users\Kalidas Tate\Documents\LPCXpresso_8.2.2_650\workspaceTEST\lpc_chip_175x_6x\Debug\liblpc_chip_175x_6x.a(i2c_17xx_40xx.o)
 .text.startMasterXfer
                0x0000c1e4       0x20 C:\Users\Kalidas Tate\Documents\LPCXpresso_8.2.2_650\workspaceTEST\lpc_chip_175x_6x\Debug\liblpc_chip_175x_6x.a(i2c_17xx_40xx.o)
 .text.startSlaverXfer
                0x0000c204       0x20 C:\Users\Kalidas Tate\Documents\LPCXpresso_8.2.2_650\workspaceTEST\lpc_chip_175x_6x\Debug\liblpc_chip_175x_6x.a(i2c_17xx_40xx.o)
 .text.isI2CBusFree
                0x0000c224       0x24 C:\Users\Kalidas Tate\Documents\LPCXpresso_8.2.2_650\workspaceTEST\lpc_chip_175x_6x\Debug\liblpc_chip_175x_6x.a(i2c_17xx_40xx.o)
 .text.getCurState
                0x0000c248       0x1c C:\Users\Kalidas Tate\Documents\LPCXpresso_8.2.2_650\workspaceTEST\lpc_chip_175x_6x\Debug\liblpc_chip_175x_6x.a(i2c_17xx_40xx.o)
 .text.isMasterState
                0x0000c264       0x24 C:\Users\Kalidas Tate\Documents\LPCXpresso_8.2.2_650\workspaceTEST\lpc_chip_175x_6x\Debug\liblpc_chip_175x_6x.a(i2c_17xx_40xx.o)
 .text.isSlaveAddrMatching
                0x0000c288       0x40 C:\Users\Kalidas Tate\Documents\LPCXpresso_8.2.2_650\workspaceTEST\lpc_chip_175x_6x\Debug\liblpc_chip_175x_6x.a(i2c_17xx_40xx.o)
 .text.lookupSlaveIndex
                0x0000c2c8       0x9c C:\Users\Kalidas Tate\Documents\LPCXpresso_8.2.2_650\workspaceTEST\lpc_chip_175x_6x\Debug\liblpc_chip_175x_6x.a(i2c_17xx_40xx.o)
 .text.handleMasterXferState
                0x0000c364      0x284 C:\Users\Kalidas Tate\Documents\LPCXpresso_8.2.2_650\workspaceTEST\lpc_chip_175x_6x\Debug\liblpc_chip_175x_6x.a(i2c_17xx_40xx.o)
                0x0000c364                handleMasterXferState
 .text.getSlaveIndex
                0x0000c5e8       0x4c C:\Users\Kalidas Tate\Documents\LPCXpresso_8.2.2_650\workspaceTEST\lpc_chip_175x_6x\Debug\liblpc_chip_175x_6x.a(i2c_17xx_40xx.o)
                0x0000c5e8                getSlaveIndex
 .text.handleSlaveXferState
                0x0000c634      0x2b8 C:\Users\Kalidas Tate\Documents\LPCXpresso_8.2.2_650\workspaceTEST\lpc_chip_175x_6x\Debug\liblpc_chip_175x_6x.a(i2c_17xx_40xx.o)
                0x0000c634                handleSlaveXferState
 .text.Chip_I2C_EventHandler
                0x0000c8ec       0x4c C:\Users\Kalidas Tate\Documents\LPCXpresso_8.2.2_650\workspaceTEST\lpc_chip_175x_6x\Debug\liblpc_chip_175x_6x.a(i2c_17xx_40xx.o)
                0x0000c8ec                Chip_I2C_EventHandler
 .text.Chip_I2C_EventHandlerPolling
                0x0000c938       0x60 C:\Users\Kalidas Tate\Documents\LPCXpresso_8.2.2_650\workspaceTEST\lpc_chip_175x_6x\Debug\liblpc_chip_175x_6x.a(i2c_17xx_40xx.o)
                0x0000c938                Chip_I2C_EventHandlerPolling
 .text.Chip_I2C_Init
                0x0000c998       0x34 C:\Users\Kalidas Tate\Documents\LPCXpresso_8.2.2_650\workspaceTEST\lpc_chip_175x_6x\Debug\liblpc_chip_175x_6x.a(i2c_17xx_40xx.o)
                0x0000c998                Chip_I2C_Init
 .text.Chip_I2C_SetClockRate
                0x0000c9cc       0x68 C:\Users\Kalidas Tate\Documents\LPCXpresso_8.2.2_650\workspaceTEST\lpc_chip_175x_6x\Debug\liblpc_chip_175x_6x.a(i2c_17xx_40xx.o)
                0x0000c9cc                Chip_I2C_SetClockRate
 .text.Chip_I2C_SetMasterEventHandler
                0x0000ca34       0x48 C:\Users\Kalidas Tate\Documents\LPCXpresso_8.2.2_650\workspaceTEST\lpc_chip_175x_6x\Debug\liblpc_chip_175x_6x.a(i2c_17xx_40xx.o)
                0x0000ca34                Chip_I2C_SetMasterEventHandler
 .text.Chip_I2C_MasterTransfer
                0x0000ca7c       0x9c C:\Users\Kalidas Tate\Documents\LPCXpresso_8.2.2_650\workspaceTEST\lpc_chip_175x_6x\Debug\liblpc_chip_175x_6x.a(i2c_17xx_40xx.o)
                0x0000ca7c                Chip_I2C_MasterTransfer
 .text.Chip_I2C_IsMasterActive
                0x0000cb18       0x30 C:\Users\Kalidas Tate\Documents\LPCXpresso_8.2.2_650\workspaceTEST\lpc_chip_175x_6x\Debug\liblpc_chip_175x_6x.a(i2c_17xx_40xx.o)
                0x0000cb18                Chip_I2C_IsMasterActive
 .text.Chip_I2C_MasterStateHandler
                0x0000cb48       0x60 C:\Users\Kalidas Tate\Documents\LPCXpresso_8.2.2_650\workspaceTEST\lpc_chip_175x_6x\Debug\liblpc_chip_175x_6x.a(i2c_17xx_40xx.o)
                0x0000cb48                Chip_I2C_MasterStateHandler
 .text.Chip_I2C_SlaveStateHandler
                0x0000cba8       0xc0 C:\Users\Kalidas Tate\Documents\LPCXpresso_8.2.2_650\workspaceTEST\lpc_chip_175x_6x\Debug\liblpc_chip_175x_6x.a(i2c_17xx_40xx.o)
                0x0000cba8                Chip_I2C_SlaveStateHandler
 .text.Chip_I2C_IsStateChanged
                0x0000cc68       0x38 C:\Users\Kalidas Tate\Documents\LPCXpresso_8.2.2_650\workspaceTEST\lpc_chip_175x_6x\Debug\liblpc_chip_175x_6x.a(i2c_17xx_40xx.o)
                0x0000cc68                Chip_I2C_IsStateChanged
 .text.Chip_IOCON_PinMuxSet
                0x0000cca0       0x38 C:\Users\Kalidas Tate\Documents\LPCXpresso_8.2.2_650\workspaceTEST\lpc_chip_175x_6x\Debug\liblpc_chip_175x_6x.a(iocon_17xx_40xx.o)
                0x0000cca0                Chip_IOCON_PinMuxSet
 .text.Chip_IOCON_PinMux
                0x0000ccd8       0x94 C:\Users\Kalidas Tate\Documents\LPCXpresso_8.2.2_650\workspaceTEST\lpc_chip_175x_6x\Debug\liblpc_chip_175x_6x.a(iocon_17xx_40xx.o)
                0x0000ccd8                Chip_IOCON_PinMux
 .text.Chip_IOCON_SetPinMuxing
                0x0000cd6c       0x64 C:\Users\Kalidas Tate\Documents\LPCXpresso_8.2.2_650\workspaceTEST\lpc_chip_175x_6x\Debug\liblpc_chip_175x_6x.a(iocon_17xx_40xx.o)
                0x0000cd6c                Chip_IOCON_SetPinMuxing
 .text.Chip_SSP_Disable
                0x0000cdd0       0x20 C:\Users\Kalidas Tate\Documents\LPCXpresso_8.2.2_650\workspaceTEST\lpc_chip_175x_6x\Debug\liblpc_chip_175x_6x.a(ssp_17xx_40xx.o)
 .text.Chip_SSP_GetStatus
                0x0000cdf0       0x28 C:\Users\Kalidas Tate\Documents\LPCXpresso_8.2.2_650\workspaceTEST\lpc_chip_175x_6x\Debug\liblpc_chip_175x_6x.a(ssp_17xx_40xx.o)
 .text.Chip_SSP_GetRawIntStatus
                0x0000ce18       0x28 C:\Users\Kalidas Tate\Documents\LPCXpresso_8.2.2_650\workspaceTEST\lpc_chip_175x_6x\Debug\liblpc_chip_175x_6x.a(ssp_17xx_40xx.o)
 .text.Chip_SSP_GetDataSize
                0x0000ce40       0x20 C:\Users\Kalidas Tate\Documents\LPCXpresso_8.2.2_650\workspaceTEST\lpc_chip_175x_6x\Debug\liblpc_chip_175x_6x.a(ssp_17xx_40xx.o)
 .text.Chip_SSP_ClearIntPending
                0x0000ce60       0x1c C:\Users\Kalidas Tate\Documents\LPCXpresso_8.2.2_650\workspaceTEST\lpc_chip_175x_6x\Debug\liblpc_chip_175x_6x.a(ssp_17xx_40xx.o)
 .text.Chip_SSP_ReceiveFrame
                0x0000ce7c       0x18 C:\Users\Kalidas Tate\Documents\LPCXpresso_8.2.2_650\workspaceTEST\lpc_chip_175x_6x\Debug\liblpc_chip_175x_6x.a(ssp_17xx_40xx.o)
 .text.Chip_SSP_SendFrame
                0x0000ce94       0x1c C:\Users\Kalidas Tate\Documents\LPCXpresso_8.2.2_650\workspaceTEST\lpc_chip_175x_6x\Debug\liblpc_chip_175x_6x.a(ssp_17xx_40xx.o)
 .text.Chip_SSP_SetFormat
                0x0000ceb0       0x30 C:\Users\Kalidas Tate\Documents\LPCXpresso_8.2.2_650\workspaceTEST\lpc_chip_175x_6x\Debug\liblpc_chip_175x_6x.a(ssp_17xx_40xx.o)
 .text.Chip_SSP_Set_Mode
                0x0000cee0       0x24 C:\Users\Kalidas Tate\Documents\LPCXpresso_8.2.2_650\workspaceTEST\lpc_chip_175x_6x\Debug\liblpc_chip_175x_6x.a(ssp_17xx_40xx.o)
 .text.SSP_Write2BFifo
                0x0000cf04       0x48 C:\Users\Kalidas Tate\Documents\LPCXpresso_8.2.2_650\workspaceTEST\lpc_chip_175x_6x\Debug\liblpc_chip_175x_6x.a(ssp_17xx_40xx.o)
 .text.SSP_Write1BFifo
                0x0000cf4c       0x48 C:\Users\Kalidas Tate\Documents\LPCXpresso_8.2.2_650\workspaceTEST\lpc_chip_175x_6x\Debug\liblpc_chip_175x_6x.a(ssp_17xx_40xx.o)
 .text.SSP_Read2BFifo
                0x0000cf94       0x5c C:\Users\Kalidas Tate\Documents\LPCXpresso_8.2.2_650\workspaceTEST\lpc_chip_175x_6x\Debug\liblpc_chip_175x_6x.a(ssp_17xx_40xx.o)
 .text.SSP_Read1BFifo
                0x0000cff0       0x5c C:\Users\Kalidas Tate\Documents\LPCXpresso_8.2.2_650\workspaceTEST\lpc_chip_175x_6x\Debug\liblpc_chip_175x_6x.a(ssp_17xx_40xx.o)
 .text.Chip_SSP_GetClockIndex
                0x0000d04c       0x2c C:\Users\Kalidas Tate\Documents\LPCXpresso_8.2.2_650\workspaceTEST\lpc_chip_175x_6x\Debug\liblpc_chip_175x_6x.a(ssp_17xx_40xx.o)
 .text.Chip_SSP_GetClkIndex
                0x0000d078       0x2c C:\Users\Kalidas Tate\Documents\LPCXpresso_8.2.2_650\workspaceTEST\lpc_chip_175x_6x\Debug\liblpc_chip_175x_6x.a(ssp_17xx_40xx.o)
 .text.Chip_SSP_SetClockRate
                0x0000d0a4       0x34 C:\Users\Kalidas Tate\Documents\LPCXpresso_8.2.2_650\workspaceTEST\lpc_chip_175x_6x\Debug\liblpc_chip_175x_6x.a(ssp_17xx_40xx.o)
                0x0000d0a4                Chip_SSP_SetClockRate
 .text.Chip_SSP_RWFrames_Blocking
                0x0000d0d8      0x108 C:\Users\Kalidas Tate\Documents\LPCXpresso_8.2.2_650\workspaceTEST\lpc_chip_175x_6x\Debug\liblpc_chip_175x_6x.a(ssp_17xx_40xx.o)
                0x0000d0d8                Chip_SSP_RWFrames_Blocking
 .text.Chip_SSP_Int_FlushData
                0x0000d1e0       0x4c C:\Users\Kalidas Tate\Documents\LPCXpresso_8.2.2_650\workspaceTEST\lpc_chip_175x_6x\Debug\liblpc_chip_175x_6x.a(ssp_17xx_40xx.o)
                0x0000d1e0                Chip_SSP_Int_FlushData
 .text.Chip_SSP_SetBitRate
                0x0000d22c       0x74 C:\Users\Kalidas Tate\Documents\LPCXpresso_8.2.2_650\workspaceTEST\lpc_chip_175x_6x\Debug\liblpc_chip_175x_6x.a(ssp_17xx_40xx.o)
                0x0000d22c                Chip_SSP_SetBitRate
 .text.Chip_SSP_Init
                0x0000d2a0       0x40 C:\Users\Kalidas Tate\Documents\LPCXpresso_8.2.2_650\workspaceTEST\lpc_chip_175x_6x\Debug\liblpc_chip_175x_6x.a(ssp_17xx_40xx.o)
                0x0000d2a0                Chip_SSP_Init
 .text.Chip_SSP_DeInit
                0x0000d2e0       0x24 C:\Users\Kalidas Tate\Documents\LPCXpresso_8.2.2_650\workspaceTEST\lpc_chip_175x_6x\Debug\liblpc_chip_175x_6x.a(ssp_17xx_40xx.o)
                0x0000d2e0                Chip_SSP_DeInit
 .text.Chip_Clock_IsMainPLLEnabled
                0x0000d304       0x24 C:\Users\Kalidas Tate\Documents\LPCXpresso_8.2.2_650\workspaceTEST\lpc_chip_175x_6x\Debug\liblpc_chip_175x_6x.a(sysinit_17xx_40xx.o)
 .text.Chip_Clock_IsMainPLLLocked
                0x0000d328       0x24 C:\Users\Kalidas Tate\Documents\LPCXpresso_8.2.2_650\workspaceTEST\lpc_chip_175x_6x\Debug\liblpc_chip_175x_6x.a(sysinit_17xx_40xx.o)
 .text.Chip_Clock_IsMainPLLConnected
                0x0000d34c       0x24 C:\Users\Kalidas Tate\Documents\LPCXpresso_8.2.2_650\workspaceTEST\lpc_chip_175x_6x\Debug\liblpc_chip_175x_6x.a(sysinit_17xx_40xx.o)
 .text.Chip_Clock_EnableCrystal
                0x0000d370       0x20 C:\Users\Kalidas Tate\Documents\LPCXpresso_8.2.2_650\workspaceTEST\lpc_chip_175x_6x\Debug\liblpc_chip_175x_6x.a(sysinit_17xx_40xx.o)
 .text.Chip_Clock_IsCrystalEnabled
                0x0000d390       0x24 C:\Users\Kalidas Tate\Documents\LPCXpresso_8.2.2_650\workspaceTEST\lpc_chip_175x_6x\Debug\liblpc_chip_175x_6x.a(sysinit_17xx_40xx.o)
 .text.Chip_Clock_SetMainPLLSource
                0x0000d3b4       0x20 C:\Users\Kalidas Tate\Documents\LPCXpresso_8.2.2_650\workspaceTEST\lpc_chip_175x_6x\Debug\liblpc_chip_175x_6x.a(sysinit_17xx_40xx.o)
 .text.Chip_SetupXtalClocking
                0x0000d3d4       0x90 C:\Users\Kalidas Tate\Documents\LPCXpresso_8.2.2_650\workspaceTEST\lpc_chip_175x_6x\Debug\liblpc_chip_175x_6x.a(sysinit_17xx_40xx.o)
                0x0000d3d4                Chip_SetupXtalClocking
 .text.Chip_UART_SendByte
                0x0000d464       0x1c C:\Users\Kalidas Tate\Documents\LPCXpresso_8.2.2_650\workspaceTEST\lpc_chip_175x_6x\Debug\liblpc_chip_175x_6x.a(uart_17xx_40xx.o)
 .text.Chip_UART_ReadByte
                0x0000d480       0x18 C:\Users\Kalidas Tate\Documents\LPCXpresso_8.2.2_650\workspaceTEST\lpc_chip_175x_6x\Debug\liblpc_chip_175x_6x.a(uart_17xx_40xx.o)
 .text.Chip_UART_SetupFIFOS
                0x0000d498       0x1c C:\Users\Kalidas Tate\Documents\LPCXpresso_8.2.2_650\workspaceTEST\lpc_chip_175x_6x\Debug\liblpc_chip_175x_6x.a(uart_17xx_40xx.o)
 .text.Chip_UART_ConfigData
                0x0000d4b4       0x1c C:\Users\Kalidas Tate\Documents\LPCXpresso_8.2.2_650\workspaceTEST\lpc_chip_175x_6x\Debug\liblpc_chip_175x_6x.a(uart_17xx_40xx.o)
 .text.Chip_UART_EnableDivisorAccess
                0x0000d4d0       0x20 C:\Users\Kalidas Tate\Documents\LPCXpresso_8.2.2_650\workspaceTEST\lpc_chip_175x_6x\Debug\liblpc_chip_175x_6x.a(uart_17xx_40xx.o)
 .text.Chip_UART_DisableDivisorAccess
                0x0000d4f0       0x20 C:\Users\Kalidas Tate\Documents\LPCXpresso_8.2.2_650\workspaceTEST\lpc_chip_175x_6x\Debug\liblpc_chip_175x_6x.a(uart_17xx_40xx.o)
 .text.Chip_UART_SetDivisorLatches
                0x0000d510       0x28 C:\Users\Kalidas Tate\Documents\LPCXpresso_8.2.2_650\workspaceTEST\lpc_chip_175x_6x\Debug\liblpc_chip_175x_6x.a(uart_17xx_40xx.o)
 .text.Chip_UART_ReadLineStatus
                0x0000d538       0x18 C:\Users\Kalidas Tate\Documents\LPCXpresso_8.2.2_650\workspaceTEST\lpc_chip_175x_6x\Debug\liblpc_chip_175x_6x.a(uart_17xx_40xx.o)
 .text.Chip_UART_GetClockIndex
                0x0000d550       0x50 C:\Users\Kalidas Tate\Documents\LPCXpresso_8.2.2_650\workspaceTEST\lpc_chip_175x_6x\Debug\liblpc_chip_175x_6x.a(uart_17xx_40xx.o)
 .text.Chip_UART_GetClkIndex
                0x0000d5a0       0x50 C:\Users\Kalidas Tate\Documents\LPCXpresso_8.2.2_650\workspaceTEST\lpc_chip_175x_6x\Debug\liblpc_chip_175x_6x.a(uart_17xx_40xx.o)
 .text.Chip_UART_Init
                0x0000d5f0       0x78 C:\Users\Kalidas Tate\Documents\LPCXpresso_8.2.2_650\workspaceTEST\lpc_chip_175x_6x\Debug\liblpc_chip_175x_6x.a(uart_17xx_40xx.o)
                0x0000d5f0                Chip_UART_Init
 .text.Chip_UART_TXEnable
                0x0000d668       0x18 C:\Users\Kalidas Tate\Documents\LPCXpresso_8.2.2_650\workspaceTEST\lpc_chip_175x_6x\Debug\liblpc_chip_175x_6x.a(uart_17xx_40xx.o)
                0x0000d668                Chip_UART_TXEnable
 .text.Chip_UART_TXDisable
                0x0000d680       0x18 C:\Users\Kalidas Tate\Documents\LPCXpresso_8.2.2_650\workspaceTEST\lpc_chip_175x_6x\Debug\liblpc_chip_175x_6x.a(uart_17xx_40xx.o)
                0x0000d680                Chip_UART_TXDisable
 .text.Chip_UART_Send
                0x0000d698       0x50 C:\Users\Kalidas Tate\Documents\LPCXpresso_8.2.2_650\workspaceTEST\lpc_chip_175x_6x\Debug\liblpc_chip_175x_6x.a(uart_17xx_40xx.o)
                0x0000d698                Chip_UART_Send
 .text.Chip_UART_CheckBusy
                0x0000d6e8       0x24 C:\Users\Kalidas Tate\Documents\LPCXpresso_8.2.2_650\workspaceTEST\lpc_chip_175x_6x\Debug\liblpc_chip_175x_6x.a(uart_17xx_40xx.o)
                0x0000d6e8                Chip_UART_CheckBusy
 .text.Chip_UART_SendBlocking
                0x0000d70c       0x4c C:\Users\Kalidas Tate\Documents\LPCXpresso_8.2.2_650\workspaceTEST\lpc_chip_175x_6x\Debug\liblpc_chip_175x_6x.a(uart_17xx_40xx.o)
                0x0000d70c                Chip_UART_SendBlocking
 .text.Chip_UART_Read
                0x0000d758       0x54 C:\Users\Kalidas Tate\Documents\LPCXpresso_8.2.2_650\workspaceTEST\lpc_chip_175x_6x\Debug\liblpc_chip_175x_6x.a(uart_17xx_40xx.o)
                0x0000d758                Chip_UART_Read
 .text.Chip_UART_SetBaud
                0x0000d7ac       0x64 C:\Users\Kalidas Tate\Documents\LPCXpresso_8.2.2_650\workspaceTEST\lpc_chip_175x_6x\Debug\liblpc_chip_175x_6x.a(uart_17xx_40xx.o)
                0x0000d7ac                Chip_UART_SetBaud
 .text.__main   0x0000d810       0x14 c:/nxp/lpcxpresso_8.2.2_650/lpcxpresso/tools/bin/../lib/gcc/arm-none-eabi/5.4.1/../../../../arm-none-eabi/lib/armv7-m\libcr_semihost.a(_cr__main.o)
                0x0000d810                __CR_SEMIHOST
                0x0000d810                __main
 .text.memcpy   0x0000d824        0x4 c:/nxp/lpcxpresso_8.2.2_650/lpcxpresso/tools/bin/../lib/gcc/arm-none-eabi/5.4.1/../../../../arm-none-eabi/lib/armv7-m\libcr_c.a(memcpy.o)
                0x0000d824                memcpy
 .text.memset   0x0000d828        0x4 c:/nxp/lpcxpresso_8.2.2_650/lpcxpresso/tools/bin/../lib/gcc/arm-none-eabi/5.4.1/../../../../arm-none-eabi/lib/armv7-m\libcr_c.a(memset.o)
                0x0000d828                memset
 .text._initio  0x0000d82c       0xa4 c:/nxp/lpcxpresso_8.2.2_650/lpcxpresso/tools/bin/../lib/gcc/arm-none-eabi/5.4.1/../../../../arm-none-eabi/lib/armv7-m\libcr_c.a(initio.o)
                0x0000d82c                _initio
 .text.setvbuf  0x0000d8d0       0x40 c:/nxp/lpcxpresso_8.2.2_650/lpcxpresso/tools/bin/../lib/gcc/arm-none-eabi/5.4.1/../../../../arm-none-eabi/lib/armv7-m\libcr_c.a(setvbuf.o)
                0x0000d8d0                setvbuf
 .text.strcmp   0x0000d910       0x44 c:/nxp/lpcxpresso_8.2.2_650/lpcxpresso/tools/bin/../lib/gcc/arm-none-eabi/5.4.1/../../../../arm-none-eabi/lib/armv7-m\libcr_c.a(strcmp.o)
                0x0000d910                strcmp
 .text.strcpy   0x0000d954       0x42 c:/nxp/lpcxpresso_8.2.2_650/lpcxpresso/tools/bin/../lib/gcc/arm-none-eabi/5.4.1/../../../../arm-none-eabi/lib/armv7-m\libcr_c.a(strcpy.o)
                0x0000d954                strcpy
 .text.strlen   0x0000d996       0x4a c:/nxp/lpcxpresso_8.2.2_650/lpcxpresso/tools/bin/../lib/gcc/arm-none-eabi/5.4.1/../../../../arm-none-eabi/lib/armv7-m\libcr_c.a(strlen.o)
                0x0000d996                strlen
 .text._deferredlazyseek
                0x0000d9e0       0x44 c:/nxp/lpcxpresso_8.2.2_650/lpcxpresso/tools/bin/../lib/gcc/arm-none-eabi/5.4.1/../../../../arm-none-eabi/lib/armv7-m\libcr_c.a(_deferredlazyseek.o)
                0x0000d9e0                _deferredlazyseek
 .text._fdopen  0x0000da24       0x6a c:/nxp/lpcxpresso_8.2.2_650/lpcxpresso/tools/bin/../lib/gcc/arm-none-eabi/5.4.1/../../../../arm-none-eabi/lib/armv7-m\libcr_c.a(_fdopen.o)
                0x0000da24                _fdopen
 .text._fflush  0x0000da8e       0x58 c:/nxp/lpcxpresso_8.2.2_650/lpcxpresso/tools/bin/../lib/gcc/arm-none-eabi/5.4.1/../../../../arm-none-eabi/lib/armv7-m\libcr_c.a(_fflush.o)
                0x0000da8e                _fflush
 *fill*         0x0000dae6        0x2 
 .text._Cwritebuf
                0x0000dae8       0x68 c:/nxp/lpcxpresso_8.2.2_650/lpcxpresso/tools/bin/../lib/gcc/arm-none-eabi/5.4.1/../../../../arm-none-eabi/lib/armv7-m\libcr_c.a(_writebuf.o)
                0x0000dae8                _Cwritebuf
 .text.malloc   0x0000db50       0xc8 c:/nxp/lpcxpresso_8.2.2_650/lpcxpresso/tools/bin/../lib/gcc/arm-none-eabi/5.4.1/../../../../arm-none-eabi/lib/armv7-m\libcr_c.a(alloc.o)
                0x0000db50                malloc
 .text.free     0x0000dc18       0x30 c:/nxp/lpcxpresso_8.2.2_650/lpcxpresso/tools/bin/../lib/gcc/arm-none-eabi/5.4.1/../../../../arm-none-eabi/lib/armv7-m\libcr_c.a(alloc.o)
                0x0000dc18                free
 .text._Csys_alloc
                0x0000dc48       0x20 c:/nxp/lpcxpresso_8.2.2_650/lpcxpresso/tools/bin/../lib/gcc/arm-none-eabi/5.4.1/../../../../arm-none-eabi/lib/armv7-m\libcr_c.a(alloc.o)
                0x0000dc48                _Csys_alloc
 .text.fclose   0x0000dc68       0x6c c:/nxp/lpcxpresso_8.2.2_650/lpcxpresso/tools/bin/../lib/gcc/arm-none-eabi/5.4.1/../../../../arm-none-eabi/lib/armv7-m\libcr_c.a(fclose.o)
                0x0000dc68                fclose
 .text.fflush   0x0000dcd4       0x30 c:/nxp/lpcxpresso_8.2.2_650/lpcxpresso/tools/bin/../lib/gcc/arm-none-eabi/5.4.1/../../../../arm-none-eabi/lib/armv7-m\libcr_c.a(fflush.o)
                0x0000dcd4                fflush
 .text.fseek    0x0000dd04      0x110 c:/nxp/lpcxpresso_8.2.2_650/lpcxpresso/tools/bin/../lib/gcc/arm-none-eabi/5.4.1/../../../../arm-none-eabi/lib/armv7-m\libcr_c.a(fseek.o)
                0x0000dd04                fseek
 .text.ftell    0x0000de14       0x4c c:/nxp/lpcxpresso_8.2.2_650/lpcxpresso/tools/bin/../lib/gcc/arm-none-eabi/5.4.1/../../../../arm-none-eabi/lib/armv7-m\libcr_c.a(ftell.o)
                0x0000de14                ftell
 .text.remove   0x0000de60       0x14 c:/nxp/lpcxpresso_8.2.2_650/lpcxpresso/tools/bin/../lib/gcc/arm-none-eabi/5.4.1/../../../../arm-none-eabi/lib/armv7-m\libcr_c.a(remove.o)
                0x0000de60                remove
 .text._sbrk    0x0000de74       0x40 c:/nxp/lpcxpresso_8.2.2_650/lpcxpresso/tools/bin/../lib/gcc/arm-none-eabi/5.4.1/../../../../arm-none-eabi/lib/armv7-m\libcr_c.a(_cr_sbrk.o)
                0x0000de74                _sbrk
 .text._do_fflush
                0x0000deb4       0x44 c:/nxp/lpcxpresso_8.2.2_650/lpcxpresso/tools/bin/../lib/gcc/arm-none-eabi/5.4.1/../../../../arm-none-eabi/lib/armv7-m\libcr_c.a(_do_fflush.o)
                0x0000deb4                _do_fflush
 .text.__check_heap_overflow
                0x0000def8       0x18 c:/nxp/lpcxpresso_8.2.2_650/lpcxpresso/tools/bin/../lib/gcc/arm-none-eabi/5.4.1/../../../../arm-none-eabi/lib/armv7-m\libcr_c.a(_cr_check_heap.o)
                0x0000def8                __check_heap_overflow
 .text.__aeabi_memcpy
                0x0000df10       0x34 c:/nxp/lpcxpresso_8.2.2_650/lpcxpresso/tools/bin/../lib/gcc/arm-none-eabi/5.4.1/armv7-m\libcr_eabihelpers.a(memcpy.o)
                0x0000df10                __aeabi_memcpy
                0x0000df1a                __aeabi_memcpy8
                0x0000df1a                __aeabi_memcpy4
 .text.__aeabi_memset_lowlevel
                0x0000df44       0x32 c:/nxp/lpcxpresso_8.2.2_650/lpcxpresso/tools/bin/../lib/gcc/arm-none-eabi/5.4.1/armv7-m\libcr_eabihelpers.a(memcpy.o)
                0x0000df44                __aeabi_lowlevel_memset
 *fill*         0x0000df76        0x2 
 .text.__sys_appexit
                0x0000df78        0xc c:/nxp/lpcxpresso_8.2.2_650/lpcxpresso/tools/bin/../lib/gcc/arm-none-eabi/5.4.1/../../../../arm-none-eabi/lib/armv7-m\libcr_semihost.a(__sys_appexit.o)
                0x0000df78                __sys_appexit
                0x0000df78                __exit
 .text.__sys_close
                0x0000df84        0xc c:/nxp/lpcxpresso_8.2.2_650/lpcxpresso/tools/bin/../lib/gcc/arm-none-eabi/5.4.1/../../../../arm-none-eabi/lib/armv7-m\libcr_semihost.a(__sys_close.o)
                0x0000df84                __sys_close
 .text.__sys_flen
                0x0000df90        0xc c:/nxp/lpcxpresso_8.2.2_650/lpcxpresso/tools/bin/../lib/gcc/arm-none-eabi/5.4.1/../../../../arm-none-eabi/lib/armv7-m\libcr_semihost.a(__sys_flen.o)
                0x0000df90                __sys_flen
 .text.__sys_istty
                0x0000df9c        0xc c:/nxp/lpcxpresso_8.2.2_650/lpcxpresso/tools/bin/../lib/gcc/arm-none-eabi/5.4.1/../../../../arm-none-eabi/lib/armv7-m\libcr_semihost.a(__sys_istty.o)
                0x0000df9c                __sys_istty
 .text.__sys_remove
                0x0000dfa8        0xc c:/nxp/lpcxpresso_8.2.2_650/lpcxpresso/tools/bin/../lib/gcc/arm-none-eabi/5.4.1/../../../../arm-none-eabi/lib/armv7-m\libcr_semihost.a(__sys_remove.o)
                0x0000dfa8                __sys_remove
 .text.__sys_seek
                0x0000dfb4        0xc c:/nxp/lpcxpresso_8.2.2_650/lpcxpresso/tools/bin/../lib/gcc/arm-none-eabi/5.4.1/../../../../arm-none-eabi/lib/armv7-m\libcr_semihost.a(__sys_seek.o)
                0x0000dfb4                __sys_seek
 .text.__sys_tmpnam
                0x0000dfc0        0xc c:/nxp/lpcxpresso_8.2.2_650/lpcxpresso/tools/bin/../lib/gcc/arm-none-eabi/5.4.1/../../../../arm-none-eabi/lib/armv7-m\libcr_semihost.a(__sys_tmpnam.o)
                0x0000dfc0                __sys_tmpnam
 *(.rodata*)
 .rodata        0x0000dfcc      0x153 ./Source/Infotainment/Infotainment-UART-Console.o
 *fill*         0x0000e11f        0x1 
 .rodata        0x0000e120       0x30 ./Source/FreeRTOSV8.2.3-Products/FreeRTOS/Source/tasks.o
 .rodata        0x0000e150        0xd ./Source/FreeRTOSV8.2.3-Products/FreeRTOS/Source/timers.o
 *fill*         0x0000e15d        0x3 
 .rodata.xIRQ   0x0000e160        0x2 ./Source/FreeRTOSV8.2.3-Products/FreeRTOS-Plus-IO/Device/LPC17xx/FreeRTOS_lpc17xx_ssp.o
 *fill*         0x0000e162        0x2 
 .rodata.xIRQ   0x0000e164        0x4 ./Source/FreeRTOSV8.2.3-Products/FreeRTOS-Plus-IO/Device/LPC17xx/FreeRTOS_lpc17xx_uart.o
 .rodata        0x0000e168       0x27 ./Source/FreeRTOSV8.2.3-Products/FreeRTOS-Plus-IO/Common/FreeRTOS_DriverInterface.o
 *fill*         0x0000e18f        0x1 
 .rodata.xAvailablePeripherals
                0x0000e190       0x3c ./Source/FreeRTOSV8.2.3-Products/FreeRTOS-Plus-IO/Common/FreeRTOS_DriverInterface.o
 .rodata        0x0000e1cc       0x10 ./Source/Fault_handling/EEPROM_Write_Faullt.o
 .rodata        0x0000e1dc        0xd ./Source/ETCS/Control_Task/Control_Task.o
 *fill*         0x0000e1e9        0x3 
 .rodata        0x0000e1ec        0xd ./Source/ETCS/Brake_Task/Brake.o
 *fill*         0x0000e1f9        0x3 
 .rodata        0x0000e1fc        0xb ./Source/ETCS/Acc_Task/Accelerate.o
 *fill*         0x0000e207        0x1 
 .rodata        0x0000e208       0x2c ./Source/Display/Display.o
 .rodata        0x0000e234        0x7 ./Source/printf-stdarg.o
 *fill*         0x0000e23b        0x1 
 .rodata.OscRateIn
                0x0000e23c        0x4 C:\Users\Kalidas Tate\Documents\LPCXpresso_8.2.2_650\workspaceTEST\lpc_board_nxp_lpcxpresso_1769\Debug\liblpc_board_nxp_lpcxpresso_1769.a(board.o)
                0x0000e23c                OscRateIn
 .rodata.RTCOscRateIn
                0x0000e240        0x4 C:\Users\Kalidas Tate\Documents\LPCXpresso_8.2.2_650\workspaceTEST\lpc_board_nxp_lpcxpresso_1769\Debug\liblpc_board_nxp_lpcxpresso_1769.a(board.o)
                0x0000e240                RTCOscRateIn
 .rodata.pinLCDCTRL
                0x0000e244        0x4 C:\Users\Kalidas Tate\Documents\LPCXpresso_8.2.2_650\workspaceTEST\lpc_board_nxp_lpcxpresso_1769\Debug\liblpc_board_nxp_lpcxpresso_1769.a(board.o)
 .rodata.pinLCDDATA
                0x0000e248        0x4 C:\Users\Kalidas Tate\Documents\LPCXpresso_8.2.2_650\workspaceTEST\lpc_board_nxp_lpcxpresso_1769\Debug\liblpc_board_nxp_lpcxpresso_1769.a(board.o)
 .rodata.pinmuxing
                0x0000e24c       0x5c C:\Users\Kalidas Tate\Documents\LPCXpresso_8.2.2_650\workspaceTEST\lpc_board_nxp_lpcxpresso_1769\Debug\liblpc_board_nxp_lpcxpresso_1769.a(board_sysinit.o)
 .rodata.I2C_PeriphClk
                0x0000e2a8        0x3 C:\Users\Kalidas Tate\Documents\LPCXpresso_8.2.2_650\workspaceTEST\lpc_chip_175x_6x\Debug\liblpc_chip_175x_6x.a(i2c_17xx_40xx.o)
 .rodata.str1.1
                0x0000e2ab        0x4 c:/nxp/lpcxpresso_8.2.2_650/lpcxpresso/tools/bin/../lib/gcc/arm-none-eabi/5.4.1/../../../../arm-none-eabi/lib/armv7-m\libcr_c.a(initio.o)
 .rodata.str1.1
                0x0000e2af       0x18 c:/nxp/lpcxpresso_8.2.2_650/lpcxpresso/tools/bin/../lib/gcc/arm-none-eabi/5.4.1/../../../../arm-none-eabi/lib/armv7-m\libcr_c.a(alloc.o)

.glue_7         0x0000e2c8        0x0
 .glue_7        0x0000e2c8        0x0 linker stubs

.glue_7t        0x0000e2c8        0x0
 .glue_7t       0x0000e2c8        0x0 linker stubs

.vfp11_veneer   0x0000e2c8        0x0
 .vfp11_veneer  0x0000e2c8        0x0 linker stubs

.v4_bx          0x0000e2c8        0x0
 .v4_bx         0x0000e2c8        0x0 linker stubs

.iplt           0x0000e2c8        0x0
 .iplt          0x0000e2c8        0x0 ./Source/Infotainment/Infotainment-UART-Console.o

.after_vectors  0x0000e2c8      0x160
 .after_vectors
                0x0000e2c8       0x28 ./Source/Fault_handling/EEPROM_Write_Faullt.o
                0x0000e2c8                MemManage_Handler
 .after_vectors
                0x0000e2f0      0x138 ./Source/cr_startup_lpc175x_6x.o
                0x0000e2f0                data_init
                0x0000e334                bss_init
                0x0000e36c                NMI_Handler
                0x0000e374                HardFault_Handler
                0x0000e3b8                BusFault_Handler
                0x0000e3dc                UsageFault_Handler
                0x0000e408                DebugMon_Handler
                0x0000e420                UART1_IRQHandler
                0x0000e420                EINT3_IRQHandler
                0x0000e420                CANActivity_IRQHandler
                0x0000e420                TIMER3_IRQHandler
                0x0000e420                EINT2_IRQHandler
                0x0000e420                PWM1_IRQHandler
                0x0000e420                USBActivity_IRQHandler
                0x0000e420                IntDefaultHandler
                0x0000e420                PLL0_IRQHandler
                0x0000e420                CAN_IRQHandler
                0x0000e420                PLL1_IRQHandler
                0x0000e420                SSP0_IRQHandler
                0x0000e420                I2S_IRQHandler
                0x0000e420                I2C2_IRQHandler
                0x0000e420                RTC_IRQHandler
                0x0000e420                TIMER0_IRQHandler
                0x0000e420                SPI_IRQHandler
                0x0000e420                RIT_IRQHandler
                0x0000e420                EINT1_IRQHandler
                0x0000e420                TIMER1_IRQHandler
                0x0000e420                UART2_IRQHandler
                0x0000e420                ADC_IRQHandler
                0x0000e420                USB_IRQHandler
                0x0000e420                BOD_IRQHandler
                0x0000e420                WDT_IRQHandler
                0x0000e420                QEI_IRQHandler
                0x0000e420                EINT0_IRQHandler
                0x0000e420                ETH_IRQHandler
                0x0000e420                DMA_IRQHandler
                0x0000e420                TIMER2_IRQHandler
                0x0000e420                MCPWM_IRQHandler

.rel.dyn        0x0000e428        0x0
 .rel.iplt      0x0000e428        0x0 ./Source/Infotainment/Infotainment-UART-Console.o

.ARM.extab
 *(.ARM.extab* .gnu.linkonce.armextab.*)
                0x0000e428                __exidx_start = .

.ARM.exidx
 *(.ARM.exidx* .gnu.linkonce.armexidx.*)
                0x0000e428                __exidx_end = .
                0x0000e428                _etext = .

privileged_data
                0x10000000      0x190
                0x10000000                _bss = .
 *(privileged_data)
 privileged_data
                0x10000000       0x50 ./Source/FreeRTOSV8.2.3-Products/FreeRTOS/Source/queue.o
                0x10000000                xQueueRegistry
 privileged_data
                0x10000050      0x108 ./Source/FreeRTOSV8.2.3-Products/FreeRTOS/Source/tasks.o
                0x10000050                pxCurrentTCB
 privileged_data
                0x10000158       0x38 ./Source/FreeRTOSV8.2.3-Products/FreeRTOS/Source/timers.o
                0x10000100                . = (ORIGIN (SRAM) + _Privileged_Data_Region_Size)

.bss            0x10000200     0x4a18
 *(.bss*)
 .bss.xRegTestStack8
                0x10000200      0x200 ./Source/Infotainment/Infotainment-UART-Console.o
 .bss.xInfotainmentTask
                0x10000400        0x4 ./Source/Infotainment/Infotainment-UART-Console.o
                0x10000400                xInfotainmentTask
 .bss.xConsoleUART1
                0x10000404        0x4 ./Source/Infotainment/Infotainment-UART-Console.o
                0x10000404                xConsoleUART1
 .bss.ucHeap    0x10000408     0x3c00 ./Source/FreeRTOSV8.2.3-Products/FreeRTOS/Source/portable/MemMang/heap_2.o
 .bss.xStart    0x10004008        0x8 ./Source/FreeRTOSV8.2.3-Products/FreeRTOS/Source/portable/MemMang/heap_2.o
 .bss.xEnd      0x10004010        0x8 ./Source/FreeRTOSV8.2.3-Products/FreeRTOS/Source/portable/MemMang/heap_2.o
 .bss.xHeapHasBeenInitialised.7734
                0x10004018        0x4 ./Source/FreeRTOSV8.2.3-Products/FreeRTOS/Source/portable/MemMang/heap_2.o
 .bss.pxTxTransferControlStructs
                0x1000401c        0xc ./Source/FreeRTOSV8.2.3-Products/FreeRTOS-Plus-IO/Device/LPC17xx/FreeRTOS_lpc17xx_i2c.o
 .bss.ucSlaveAddresses
                0x10004028        0x3 ./Source/FreeRTOSV8.2.3-Products/FreeRTOS-Plus-IO/Device/LPC17xx/FreeRTOS_lpc17xx_i2c.o
 *fill*         0x1000402b        0x1 
 .bss.xDataDirection
                0x1000402c        0x3 ./Source/FreeRTOSV8.2.3-Products/FreeRTOS-Plus-IO/Device/LPC17xx/FreeRTOS_lpc17xx_i2c.o
 *fill*         0x1000402f        0x1 
 .bss.pxTxTransferControlStructs
                0x10004030        0x8 ./Source/FreeRTOSV8.2.3-Products/FreeRTOS-Plus-IO/Device/LPC17xx/FreeRTOS_lpc17xx_ssp.o
 .bss.pxRxTransferControlStructs
                0x10004038        0x8 ./Source/FreeRTOSV8.2.3-Products/FreeRTOS-Plus-IO/Device/LPC17xx/FreeRTOS_lpc17xx_ssp.o
 .bss.ulReceiveActive
                0x10004040        0x8 ./Source/FreeRTOSV8.2.3-Products/FreeRTOS-Plus-IO/Device/LPC17xx/FreeRTOS_lpc17xx_ssp.o
 .bss.pxTxTransferControlStructs
                0x10004048       0x10 ./Source/FreeRTOSV8.2.3-Products/FreeRTOS-Plus-IO/Device/LPC17xx/FreeRTOS_lpc17xx_uart.o
 .bss.pxRxTransferControlStructs
                0x10004058       0x10 ./Source/FreeRTOSV8.2.3-Products/FreeRTOS-Plus-IO/Device/LPC17xx/FreeRTOS_lpc17xx_uart.o
 *fill*         0x10004068      0x198 
 .bss.xRegTestStack
                0x10004200      0x200 ./Source/ETCS/Control_Task/Control_Task.o
 .bss.xRegTestStack
                0x10004400      0x200 ./Source/ETCS/Brake_Task/Brake.o
 .bss.xRegTestStack
                0x10004600      0x200 ./Source/ETCS/Acc_Task/Accelerate.o
 .bss.xRegTestStack
                0x10004800      0x200 ./Source/Display/Display.o
 .bss.xLCDTask  0x10004a00        0x4 ./Source/Display/Display.o
                0x10004a00                xLCDTask
 .bss.ulClocksPer10thOfAMilliSecond
                0x10004a04        0x4 ./Source/main.o
 .bss.i2c_slave
                0x10004a08       0x78 C:\Users\Kalidas Tate\Documents\LPCXpresso_8.2.2_650\workspaceTEST\lpc_chip_175x_6x\Debug\liblpc_chip_175x_6x.a(i2c_17xx_40xx.o)
 .bss._extra    0x10004a80        0x4 c:/nxp/lpcxpresso_8.2.2_650/lpcxpresso/tools/bin/../lib/gcc/arm-none-eabi/5.4.1/../../../../arm-none-eabi/lib/armv7-m\libcr_c.a(initio.o)
                0x10004a80                _extra
 .bss.__Ciob    0x10004a84      0x140 c:/nxp/lpcxpresso_8.2.2_650/lpcxpresso/tools/bin/../lib/gcc/arm-none-eabi/5.4.1/../../../../arm-none-eabi/lib/armv7-m\libcr_c.a(stdio.o)
                0x10004a84                __Ciob
 .bss.errno     0x10004bc4        0x4 c:/nxp/lpcxpresso_8.2.2_650/lpcxpresso/tools/bin/../lib/gcc/arm-none-eabi/5.4.1/../../../../arm-none-eabi/lib/armv7-m\libcr_c.a(errno.o)
                0x10004bc4                errno
 .bss.__heaps   0x10004bc8        0x4 c:/nxp/lpcxpresso_8.2.2_650/lpcxpresso/tools/bin/../lib/gcc/arm-none-eabi/5.4.1/../../../../arm-none-eabi/lib/armv7-m\libcr_c.a(__init_alloc.o)
                0x10004bc8                __heaps
 .bss.__end_of_heap
                0x10004bcc        0x4 c:/nxp/lpcxpresso_8.2.2_650/lpcxpresso/tools/bin/../lib/gcc/arm-none-eabi/5.4.1/../../../../arm-none-eabi/lib/armv7-m\libcr_c.a(__init_alloc.o)
                0x10004bcc                __end_of_heap
 *(COMMON)
 COMMON         0x10004bd0        0x4 ./Source/Infotainment/Infotainment-UART-Console.o
                0x10004bd0                global
 COMMON         0x10004bd4       0x3c ./Source/Fault_handling/EEPROM_Write_Faullt.o
                0x10004bd4                buffer_data
 COMMON         0x10004c10        0x8 ./Source/main.o
                0x10004c10                xGlobalDispQueue
                0x10004c14                xGlobalQueue
                0x10004c18                _ebss = .

.data           0x10004c18      0x188 load address 0x0000e428
                0x10004c18                _data = .
 *(vtable)
 *(.data*)
 .data.xRegInfotainmentTaskParameters
                0x10004c18       0x3c ./Source/Infotainment/Infotainment-UART-Console.o
 .data.xFreeBytesRemaining
                0x10004c54        0x4 ./Source/FreeRTOSV8.2.3-Products/FreeRTOS/Source/portable/MemMang/heap_2.o
 .data.uxCriticalNesting
                0x10004c58        0x4 ./Source/FreeRTOSV8.2.3-Products/FreeRTOS/Source/portable/GCC/ARM_CM3/port.o
 .data.xRegControlTaskParameters
                0x10004c5c       0x3c ./Source/ETCS/Control_Task/Control_Task.o
 .data.xRegBreakTaskParameters
                0x10004c98       0x3c ./Source/ETCS/Brake_Task/Brake.o
 .data.xRegAccelerationTaskParameters
                0x10004cd4       0x3c ./Source/ETCS/Acc_Task/Accelerate.o
 .data.xRegDisplayTaskParameters
                0x10004d10       0x3c ./Source/Display/Display.o
 .data.i2c      0x10004d4c       0x54 C:\Users\Kalidas Tate\Documents\LPCXpresso_8.2.2_650\workspaceTEST\lpc_chip_175x_6x\Debug\liblpc_chip_175x_6x.a(i2c_17xx_40xx.o)
                0x10004da0                _edata = .

.igot.plt       0x10004da0        0x0 load address 0x0000e5b0
 .igot.plt      0x10004da0        0x0 ./Source/Infotainment/Infotainment-UART-Console.o

.cr_heap        0x10004da0        0x0
                0x10004da0                end = .
                0x10004da0                _pvHeapStart = .
                0x10007ff0                _vStackTop = (_vRamTop - 0x10)

.ETHRAM

.USBRAM
OUTPUT(FreeRTOS-Plus-Demo-1.axf elf32-littlearm)

.debug_info     0x00000000    0x12948
 .debug_info    0x00000000      0x42e ./Source/Infotainment/Infotainment-UART-Console.o
 .debug_info    0x0000042e      0x3c5 ./Source/FreeRTOSV8.2.3-Products/FreeRTOS/Source/portable/MemMang/heap_2.o
 .debug_info    0x000007f3     0x1456 ./Source/FreeRTOSV8.2.3-Products/FreeRTOS/Source/portable/GCC/ARM_CM3/port.o
 .debug_info    0x00001c49      0x2df ./Source/FreeRTOSV8.2.3-Products/FreeRTOS/Source/list.o
 .debug_info    0x00001f28      0xd52 ./Source/FreeRTOSV8.2.3-Products/FreeRTOS/Source/queue.o
 .debug_info    0x00002c7a     0x1911 ./Source/FreeRTOSV8.2.3-Products/FreeRTOS/Source/tasks.o
 .debug_info    0x0000458b      0x918 ./Source/FreeRTOSV8.2.3-Products/FreeRTOS/Source/timers.o
 .debug_info    0x00004ea3      0x6a2 ./Source/FreeRTOSV8.2.3-Products/FreeRTOS-Plus-IO/Include/IOUtils_TaskNotificationBasedRx.o
 .debug_info    0x00005545      0x312 ./Source/FreeRTOSV8.2.3-Products/FreeRTOS-Plus-IO/Device/LPC17xx/FreeRTOS_lpc17xx_DriverInterface.o
 .debug_info    0x00005857      0xa39 ./Source/FreeRTOSV8.2.3-Products/FreeRTOS-Plus-IO/Device/LPC17xx/FreeRTOS_lpc17xx_i2c.o
 .debug_info    0x00006290     0x10ab ./Source/FreeRTOSV8.2.3-Products/FreeRTOS-Plus-IO/Device/LPC17xx/FreeRTOS_lpc17xx_ssp.o
 .debug_info    0x0000733b     0x14e1 ./Source/FreeRTOSV8.2.3-Products/FreeRTOS-Plus-IO/Device/LPC17xx/FreeRTOS_lpc17xx_uart.o
 .debug_info    0x0000881c      0x7a3 ./Source/FreeRTOSV8.2.3-Products/FreeRTOS-Plus-IO/Common/FreeRTOS_DriverInterface.o
 .debug_info    0x00008fbf      0x372 ./Source/FreeRTOSV8.2.3-Products/FreeRTOS-Plus-IO/Common/FreeRTOS_IOUtils.o
 .debug_info    0x00009331      0x623 ./Source/FreeRTOSV8.2.3-Products/FreeRTOS-Plus-IO/Common/IOUtils_CharQueueTxAndRx.o
 .debug_info    0x00009954      0x4db ./Source/FreeRTOSV8.2.3-Products/FreeRTOS-Plus-IO/Common/IOUtils_CircularBufferRx.o
 .debug_info    0x00009e2f      0x44b ./Source/FreeRTOSV8.2.3-Products/FreeRTOS-Plus-IO/Common/IOUtils_ZeroCopyTx.o
 .debug_info    0x0000a27a      0xddd ./Source/Fault_handling/EEPROM_Write_Faullt.o
 .debug_info    0x0000b057      0x440 ./Source/ETCS/Control_Task/Control_Task.o
 .debug_info    0x0000b497      0x558 ./Source/ETCS/Brake_Task/Brake.o
 .debug_info    0x0000b9ef      0x558 ./Source/ETCS/Acc_Task/Accelerate.o
 .debug_info    0x0000bf47      0x3c5 ./Source/Display/Display.o
 .debug_info    0x0000c30c      0x242 ./Source/cr_startup_lpc175x_6x.o
 .debug_info    0x0000c54e      0x7c7 ./Source/main.o
 .debug_info    0x0000cd15      0x3c4 ./Source/printf-stdarg.o
 .debug_info    0x0000d0d9      0x110 ./Source/sysinit.o
 .debug_info    0x0000d1e9     0x160f C:\Users\Kalidas Tate\Documents\LPCXpresso_8.2.2_650\workspaceTEST\lpc_board_nxp_lpcxpresso_1769\Debug\liblpc_board_nxp_lpcxpresso_1769.a(board.o)
 .debug_info    0x0000e7f8      0x591 C:\Users\Kalidas Tate\Documents\LPCXpresso_8.2.2_650\workspaceTEST\lpc_board_nxp_lpcxpresso_1769\Debug\liblpc_board_nxp_lpcxpresso_1769.a(board_sysinit.o)
 .debug_info    0x0000ed89      0xb62 C:\Users\Kalidas Tate\Documents\LPCXpresso_8.2.2_650\workspaceTEST\lpc_chip_175x_6x\Debug\liblpc_chip_175x_6x.a(clock_17xx_40xx.o)
 .debug_info    0x0000f8eb      0xe70 C:\Users\Kalidas Tate\Documents\LPCXpresso_8.2.2_650\workspaceTEST\lpc_chip_175x_6x\Debug\liblpc_chip_175x_6x.a(i2c_17xx_40xx.o)
 .debug_info    0x0001075b      0x2e9 C:\Users\Kalidas Tate\Documents\LPCXpresso_8.2.2_650\workspaceTEST\lpc_chip_175x_6x\Debug\liblpc_chip_175x_6x.a(iocon_17xx_40xx.o)
 .debug_info    0x00010a44      0xbf1 C:\Users\Kalidas Tate\Documents\LPCXpresso_8.2.2_650\workspaceTEST\lpc_chip_175x_6x\Debug\liblpc_chip_175x_6x.a(ssp_17xx_40xx.o)
 .debug_info    0x00011635      0x439 C:\Users\Kalidas Tate\Documents\LPCXpresso_8.2.2_650\workspaceTEST\lpc_chip_175x_6x\Debug\liblpc_chip_175x_6x.a(sysinit_17xx_40xx.o)
 .debug_info    0x00011a6e      0xeda C:\Users\Kalidas Tate\Documents\LPCXpresso_8.2.2_650\workspaceTEST\lpc_chip_175x_6x\Debug\liblpc_chip_175x_6x.a(uart_17xx_40xx.o)

.debug_abbrev   0x00000000     0x3c65
 .debug_abbrev  0x00000000      0x18f ./Source/Infotainment/Infotainment-UART-Console.o
 .debug_abbrev  0x0000018f      0x1b2 ./Source/FreeRTOSV8.2.3-Products/FreeRTOS/Source/portable/MemMang/heap_2.o
 .debug_abbrev  0x00000341      0x264 ./Source/FreeRTOSV8.2.3-Products/FreeRTOS/Source/portable/GCC/ARM_CM3/port.o
 .debug_abbrev  0x000005a5       0xec ./Source/FreeRTOSV8.2.3-Products/FreeRTOS/Source/list.o
 .debug_abbrev  0x00000691      0x1cc ./Source/FreeRTOSV8.2.3-Products/FreeRTOS/Source/queue.o
 .debug_abbrev  0x0000085d      0x24d ./Source/FreeRTOSV8.2.3-Products/FreeRTOS/Source/tasks.o
 .debug_abbrev  0x00000aaa      0x1e6 ./Source/FreeRTOSV8.2.3-Products/FreeRTOS/Source/timers.o
 .debug_abbrev  0x00000c90      0x195 ./Source/FreeRTOSV8.2.3-Products/FreeRTOS-Plus-IO/Include/IOUtils_TaskNotificationBasedRx.o
 .debug_abbrev  0x00000e25      0x101 ./Source/FreeRTOSV8.2.3-Products/FreeRTOS-Plus-IO/Device/LPC17xx/FreeRTOS_lpc17xx_DriverInterface.o
 .debug_abbrev  0x00000f26      0x1c2 ./Source/FreeRTOSV8.2.3-Products/FreeRTOS-Plus-IO/Device/LPC17xx/FreeRTOS_lpc17xx_i2c.o
 .debug_abbrev  0x000010e8      0x277 ./Source/FreeRTOSV8.2.3-Products/FreeRTOS-Plus-IO/Device/LPC17xx/FreeRTOS_lpc17xx_ssp.o
 .debug_abbrev  0x0000135f      0x2df ./Source/FreeRTOSV8.2.3-Products/FreeRTOS-Plus-IO/Device/LPC17xx/FreeRTOS_lpc17xx_uart.o
 .debug_abbrev  0x0000163e      0x15f ./Source/FreeRTOSV8.2.3-Products/FreeRTOS-Plus-IO/Common/FreeRTOS_DriverInterface.o
 .debug_abbrev  0x0000179d       0xe4 ./Source/FreeRTOSV8.2.3-Products/FreeRTOS-Plus-IO/Common/FreeRTOS_IOUtils.o
 .debug_abbrev  0x00001881      0x135 ./Source/FreeRTOSV8.2.3-Products/FreeRTOS-Plus-IO/Common/IOUtils_CharQueueTxAndRx.o
 .debug_abbrev  0x000019b6      0x135 ./Source/FreeRTOSV8.2.3-Products/FreeRTOS-Plus-IO/Common/IOUtils_CircularBufferRx.o
 .debug_abbrev  0x00001aeb      0x101 ./Source/FreeRTOSV8.2.3-Products/FreeRTOS-Plus-IO/Common/IOUtils_ZeroCopyTx.o
 .debug_abbrev  0x00001bec      0x324 ./Source/Fault_handling/EEPROM_Write_Faullt.o
 .debug_abbrev  0x00001f10      0x156 ./Source/ETCS/Control_Task/Control_Task.o
 .debug_abbrev  0x00002066      0x1a4 ./Source/ETCS/Brake_Task/Brake.o
 .debug_abbrev  0x0000220a      0x1a4 ./Source/ETCS/Acc_Task/Accelerate.o
 .debug_abbrev  0x000023ae      0x174 ./Source/Display/Display.o
 .debug_abbrev  0x00002522       0xf5 ./Source/cr_startup_lpc175x_6x.o
 .debug_abbrev  0x00002617      0x1fe ./Source/main.o
 .debug_abbrev  0x00002815      0x14d ./Source/printf-stdarg.o
 .debug_abbrev  0x00002962       0xa3 ./Source/sysinit.o
 .debug_abbrev  0x00002a05      0x38f C:\Users\Kalidas Tate\Documents\LPCXpresso_8.2.2_650\workspaceTEST\lpc_board_nxp_lpcxpresso_1769\Debug\liblpc_board_nxp_lpcxpresso_1769.a(board.o)
 .debug_abbrev  0x00002d94      0x15c C:\Users\Kalidas Tate\Documents\LPCXpresso_8.2.2_650\workspaceTEST\lpc_board_nxp_lpcxpresso_1769\Debug\liblpc_board_nxp_lpcxpresso_1769.a(board_sysinit.o)
 .debug_abbrev  0x00002ef0      0x2ec C:\Users\Kalidas Tate\Documents\LPCXpresso_8.2.2_650\workspaceTEST\lpc_chip_175x_6x\Debug\liblpc_chip_175x_6x.a(clock_17xx_40xx.o)
 .debug_abbrev  0x000031dc      0x2ae C:\Users\Kalidas Tate\Documents\LPCXpresso_8.2.2_650\workspaceTEST\lpc_chip_175x_6x\Debug\liblpc_chip_175x_6x.a(i2c_17xx_40xx.o)
 .debug_abbrev  0x0000348a      0x126 C:\Users\Kalidas Tate\Documents\LPCXpresso_8.2.2_650\workspaceTEST\lpc_chip_175x_6x\Debug\liblpc_chip_175x_6x.a(iocon_17xx_40xx.o)
 .debug_abbrev  0x000035b0      0x258 C:\Users\Kalidas Tate\Documents\LPCXpresso_8.2.2_650\workspaceTEST\lpc_chip_175x_6x\Debug\liblpc_chip_175x_6x.a(ssp_17xx_40xx.o)
 .debug_abbrev  0x00003808      0x175 C:\Users\Kalidas Tate\Documents\LPCXpresso_8.2.2_650\workspaceTEST\lpc_chip_175x_6x\Debug\liblpc_chip_175x_6x.a(sysinit_17xx_40xx.o)
 .debug_abbrev  0x0000397d      0x2e8 C:\Users\Kalidas Tate\Documents\LPCXpresso_8.2.2_650\workspaceTEST\lpc_chip_175x_6x\Debug\liblpc_chip_175x_6x.a(uart_17xx_40xx.o)

.debug_aranges  0x00000000     0x1260
 .debug_aranges
                0x00000000       0x30 ./Source/Infotainment/Infotainment-UART-Console.o
 .debug_aranges
                0x00000030       0x40 ./Source/FreeRTOSV8.2.3-Products/FreeRTOS/Source/portable/MemMang/heap_2.o
 .debug_aranges
                0x00000070      0x1d0 ./Source/FreeRTOSV8.2.3-Products/FreeRTOS/Source/portable/GCC/ARM_CM3/port.o
 .debug_aranges
                0x00000240       0x40 ./Source/FreeRTOSV8.2.3-Products/FreeRTOS/Source/list.o
 .debug_aranges
                0x00000280      0x108 ./Source/FreeRTOSV8.2.3-Products/FreeRTOS/Source/queue.o
 .debug_aranges
                0x00000388      0x1e8 ./Source/FreeRTOSV8.2.3-Products/FreeRTOS/Source/tasks.o
 .debug_aranges
                0x00000570       0x98 ./Source/FreeRTOSV8.2.3-Products/FreeRTOS/Source/timers.o
 .debug_aranges
                0x00000608       0x30 ./Source/FreeRTOSV8.2.3-Products/FreeRTOS-Plus-IO/Include/IOUtils_TaskNotificationBasedRx.o
 .debug_aranges
                0x00000638       0x20 ./Source/FreeRTOSV8.2.3-Products/FreeRTOS-Plus-IO/Device/LPC17xx/FreeRTOS_lpc17xx_DriverInterface.o
 .debug_aranges
                0x00000658       0x40 ./Source/FreeRTOSV8.2.3-Products/FreeRTOS-Plus-IO/Device/LPC17xx/FreeRTOS_lpc17xx_i2c.o
 .debug_aranges
                0x00000698       0x98 ./Source/FreeRTOSV8.2.3-Products/FreeRTOS-Plus-IO/Device/LPC17xx/FreeRTOS_lpc17xx_ssp.o
 .debug_aranges
                0x00000730       0x98 ./Source/FreeRTOSV8.2.3-Products/FreeRTOS-Plus-IO/Device/LPC17xx/FreeRTOS_lpc17xx_uart.o
 .debug_aranges
                0x000007c8       0x28 ./Source/FreeRTOSV8.2.3-Products/FreeRTOS-Plus-IO/Common/FreeRTOS_DriverInterface.o
 .debug_aranges
                0x000007f0       0x20 ./Source/FreeRTOSV8.2.3-Products/FreeRTOS-Plus-IO/Common/FreeRTOS_IOUtils.o
 .debug_aranges
                0x00000810       0x50 ./Source/FreeRTOSV8.2.3-Products/FreeRTOS-Plus-IO/Common/IOUtils_CharQueueTxAndRx.o
 .debug_aranges
                0x00000860       0x38 ./Source/FreeRTOSV8.2.3-Products/FreeRTOS-Plus-IO/Common/IOUtils_CircularBufferRx.o
 .debug_aranges
                0x00000898       0x30 ./Source/FreeRTOSV8.2.3-Products/FreeRTOS-Plus-IO/Common/IOUtils_ZeroCopyTx.o
 .debug_aranges
                0x000008c8       0xa0 ./Source/Fault_handling/EEPROM_Write_Faullt.o
 .debug_aranges
                0x00000968       0x28 ./Source/ETCS/Control_Task/Control_Task.o
 .debug_aranges
                0x00000990       0x50 ./Source/ETCS/Brake_Task/Brake.o
 .debug_aranges
                0x000009e0       0x50 ./Source/ETCS/Acc_Task/Accelerate.o
 .debug_aranges
                0x00000a30       0x28 ./Source/Display/Display.o
 .debug_aranges
                0x00000a58       0x80 ./Source/cr_startup_lpc175x_6x.o
 .debug_aranges
                0x00000ad8       0x50 ./Source/main.o
 .debug_aranges
                0x00000b28       0x58 ./Source/printf-stdarg.o
 .debug_aranges
                0x00000b80       0x20 ./Source/sysinit.o
 .debug_aranges
                0x00000ba0      0x1b0 C:\Users\Kalidas Tate\Documents\LPCXpresso_8.2.2_650\workspaceTEST\lpc_board_nxp_lpcxpresso_1769\Debug\liblpc_board_nxp_lpcxpresso_1769.a(board.o)
 .debug_aranges
                0x00000d50       0x38 C:\Users\Kalidas Tate\Documents\LPCXpresso_8.2.2_650\workspaceTEST\lpc_board_nxp_lpcxpresso_1769\Debug\liblpc_board_nxp_lpcxpresso_1769.a(board_sysinit.o)
 .debug_aranges
                0x00000d88      0x120 C:\Users\Kalidas Tate\Documents\LPCXpresso_8.2.2_650\workspaceTEST\lpc_chip_175x_6x\Debug\liblpc_chip_175x_6x.a(clock_17xx_40xx.o)
 .debug_aranges
                0x00000ea8      0x118 C:\Users\Kalidas Tate\Documents\LPCXpresso_8.2.2_650\workspaceTEST\lpc_chip_175x_6x\Debug\liblpc_chip_175x_6x.a(i2c_17xx_40xx.o)
 .debug_aranges
                0x00000fc0       0x30 C:\Users\Kalidas Tate\Documents\LPCXpresso_8.2.2_650\workspaceTEST\lpc_chip_175x_6x\Debug\liblpc_chip_175x_6x.a(iocon_17xx_40xx.o)
 .debug_aranges
                0x00000ff0       0xe8 C:\Users\Kalidas Tate\Documents\LPCXpresso_8.2.2_650\workspaceTEST\lpc_chip_175x_6x\Debug\liblpc_chip_175x_6x.a(ssp_17xx_40xx.o)
 .debug_aranges
                0x000010d8       0x60 C:\Users\Kalidas Tate\Documents\LPCXpresso_8.2.2_650\workspaceTEST\lpc_chip_175x_6x\Debug\liblpc_chip_175x_6x.a(sysinit_17xx_40xx.o)
 .debug_aranges
                0x00001138      0x128 C:\Users\Kalidas Tate\Documents\LPCXpresso_8.2.2_650\workspaceTEST\lpc_chip_175x_6x\Debug\liblpc_chip_175x_6x.a(uart_17xx_40xx.o)

.debug_ranges   0x00000000     0x1108
 .debug_ranges  0x00000000       0x20 ./Source/Infotainment/Infotainment-UART-Console.o
 .debug_ranges  0x00000020       0x30 ./Source/FreeRTOSV8.2.3-Products/FreeRTOS/Source/portable/MemMang/heap_2.o
 .debug_ranges  0x00000050      0x1c0 ./Source/FreeRTOSV8.2.3-Products/FreeRTOS/Source/portable/GCC/ARM_CM3/port.o
 .debug_ranges  0x00000210       0x30 ./Source/FreeRTOSV8.2.3-Products/FreeRTOS/Source/list.o
 .debug_ranges  0x00000240       0xf8 ./Source/FreeRTOSV8.2.3-Products/FreeRTOS/Source/queue.o
 .debug_ranges  0x00000338      0x1d8 ./Source/FreeRTOSV8.2.3-Products/FreeRTOS/Source/tasks.o
 .debug_ranges  0x00000510       0x88 ./Source/FreeRTOSV8.2.3-Products/FreeRTOS/Source/timers.o